[2024-01-10T06:20:54.274+0000][gc,heap] Heap region size: 1M
[2024-01-10T06:20:54.293+0000][gc     ] Using G1
[2024-01-10T06:20:54.294+0000][gc,heap,coops] Heap address: 0x00000000c0000000, size: 1024 MB, Compressed Oops mode: 32-bit
[2024-01-10T06:20:56.593+0000][gc,start     ] GC(0) Pause Young (Concurrent Start) (Metadata GC Threshold)
[2024-01-10T06:20:56.602+0000][gc,task      ] GC(0) Using 13 workers of 13 for evacuation
[2024-01-10T06:20:56.640+0000][gc,mmu       ] GC(0) MMU target violated: 21.0ms (20.0ms/21.0ms)
[2024-01-10T06:20:56.641+0000][gc,phases    ] GC(0)   Pre Evacuate Collection Set: 0.2ms
[2024-01-10T06:20:56.642+0000][gc,phases    ] GC(0)   Evacuate Collection Set: 35.0ms
[2024-01-10T06:20:56.642+0000][gc,phases    ] GC(0)   Post Evacuate Collection Set: 1.1ms
[2024-01-10T06:20:56.644+0000][gc,phases    ] GC(0)   Other: 11.3ms
[2024-01-10T06:20:56.645+0000][gc,heap      ] GC(0) Eden regions: 43->0(44)
[2024-01-10T06:20:56.646+0000][gc,heap      ] GC(0) Survivor regions: 0->7(7)
[2024-01-10T06:20:56.648+0000][gc,heap      ] GC(0) Old regions: 0->0
[2024-01-10T06:20:56.649+0000][gc,heap      ] GC(0) Humongous regions: 0->0
[2024-01-10T06:20:56.650+0000][gc,metaspace ] GC(0) Metaspace: 20676K(21248K)->20676K(21248K) NonClass: 18501K(18944K)->18501K(18944K) Class: 2175K(2304K)->2175K(2304K)
[2024-01-10T06:20:56.653+0000][gc           ] GC(0) Pause Young (Concurrent Start) (Metadata GC Threshold) 42M->6M(1024M) 60.254ms
[2024-01-10T06:20:56.654+0000][gc,cpu       ] GC(0) User=0.15s Sys=0.02s Real=0.06s
[2024-01-10T06:20:56.655+0000][gc           ] GC(1) Concurrent Cycle
[2024-01-10T06:20:56.656+0000][gc,marking   ] GC(1) Concurrent Clear Claimed Marks
[2024-01-10T06:20:56.658+0000][gc,marking   ] GC(1) Concurrent Clear Claimed Marks 2.095ms
[2024-01-10T06:20:56.659+0000][gc,marking   ] GC(1) Concurrent Scan Root Regions
[2024-01-10T06:20:56.663+0000][gc,marking   ] GC(1) Concurrent Scan Root Regions 4.055ms
[2024-01-10T06:20:56.664+0000][gc,marking   ] GC(1) Concurrent Mark (2.497s)
[2024-01-10T06:20:56.664+0000][gc,marking   ] GC(1) Concurrent Mark From Roots
[2024-01-10T06:20:56.665+0000][gc,task      ] GC(1) Using 3 workers of 3 for marking
[2024-01-10T06:20:56.667+0000][gc,marking   ] GC(1) Concurrent Mark From Roots 2.541ms
[2024-01-10T06:20:56.668+0000][gc,marking   ] GC(1) Concurrent Preclean
[2024-01-10T06:20:56.670+0000][gc,marking   ] GC(1) Concurrent Preclean 1.966ms
[2024-01-10T06:20:56.671+0000][gc,marking   ] GC(1) Concurrent Mark (2.497s, 2.504s) 7.327ms
[2024-01-10T06:20:56.675+0000][gc,start     ] GC(1) Pause Remark
[2024-01-10T06:20:56.693+0000][gc,stringtable] GC(1) Cleaned string and symbol table, strings: 7775 processed, 0 removed, symbols: 65704 processed, 21 removed
[2024-01-10T06:20:56.694+0000][gc            ] GC(1) Pause Remark 7M->7M(1024M) 19.445ms
[2024-01-10T06:20:56.695+0000][gc,cpu        ] GC(1) User=0.09s Sys=0.02s Real=0.02s
[2024-01-10T06:20:56.696+0000][gc,marking    ] GC(1) Concurrent Rebuild Remembered Sets
[2024-01-10T06:20:56.697+0000][gc,marking    ] GC(1) Concurrent Rebuild Remembered Sets 1.033ms
[2024-01-10T06:20:56.698+0000][gc,start      ] GC(1) Pause Cleanup
[2024-01-10T06:20:56.699+0000][gc            ] GC(1) Pause Cleanup 7M->7M(1024M) 1.112ms
[2024-01-10T06:20:56.700+0000][gc,cpu        ] GC(1) User=0.00s Sys=0.00s Real=0.00s
[2024-01-10T06:20:56.701+0000][gc,marking    ] GC(1) Concurrent Cleanup for Next Mark
[2024-01-10T06:20:56.709+0000][gc,marking    ] GC(1) Concurrent Cleanup for Next Mark 7.947ms
[2024-01-10T06:20:56.710+0000][gc            ] GC(1) Concurrent Cycle 55.016ms
[2024-01-10T06:20:58.210+0000][gc,start      ] GC(2) Pause Young (Normal) (G1 Evacuation Pause)
[2024-01-10T06:20:58.210+0000][gc,task       ] GC(2) Using 13 workers of 13 for evacuation
[2024-01-10T06:20:58.248+0000][gc,mmu        ] GC(2) MMU target violated: 21.0ms (20.0ms/21.0ms)
[2024-01-10T06:20:58.249+0000][gc,phases     ] GC(2)   Pre Evacuate Collection Set: 0.1ms
[2024-01-10T06:20:58.250+0000][gc,phases     ] GC(2)   Evacuate Collection Set: 35.5ms
[2024-01-10T06:20:58.250+0000][gc,phases     ] GC(2)   Post Evacuate Collection Set: 1.4ms
[2024-01-10T06:20:58.251+0000][gc,phases     ] GC(2)   Other: 2.7ms
[2024-01-10T06:20:58.252+0000][gc,heap       ] GC(2) Eden regions: 44->0(48)
[2024-01-10T06:20:58.254+0000][gc,heap       ] GC(2) Survivor regions: 7->3(7)
[2024-01-10T06:20:58.255+0000][gc,heap       ] GC(2) Old regions: 0->7
[2024-01-10T06:20:58.255+0000][gc,heap       ] GC(2) Humongous regions: 0->0
[2024-01-10T06:20:58.256+0000][gc,metaspace  ] GC(2) Metaspace: 29831K(30972K)->29831K(30972K) NonClass: 26643K(27388K)->26643K(27388K) Class: 3188K(3584K)->3188K(3584K)
[2024-01-10T06:20:58.257+0000][gc            ] GC(2) Pause Young (Normal) (G1 Evacuation Pause) 50M->9M(1024M) 46.995ms
[2024-01-10T06:20:58.257+0000][gc,cpu        ] GC(2) User=0.11s Sys=0.05s Real=0.05s
[2024-01-10T06:20:59.827+0000][gc,start      ] GC(3) Pause Young (Concurrent Start) (Metadata GC Threshold)
[2024-01-10T06:20:59.830+0000][gc,task       ] GC(3) Using 13 workers of 13 for evacuation
[2024-01-10T06:20:59.874+0000][gc,mmu        ] GC(3) MMU target violated: 21.0ms (20.0ms/21.0ms)
[2024-01-10T06:20:59.876+0000][gc,phases     ] GC(3)   Pre Evacuate Collection Set: 0.2ms
[2024-01-10T06:20:59.877+0000][gc,phases     ] GC(3)   Evacuate Collection Set: 42.1ms
[2024-01-10T06:20:59.879+0000][gc,phases     ] GC(3)   Post Evacuate Collection Set: 0.9ms
[2024-01-10T06:20:59.880+0000][gc,phases     ] GC(3)   Other: 5.5ms
[2024-01-10T06:20:59.881+0000][gc,heap       ] GC(3) Eden regions: 23->0(47)
[2024-01-10T06:20:59.881+0000][gc,heap       ] GC(3) Survivor regions: 3->4(7)
[2024-01-10T06:20:59.883+0000][gc,heap       ] GC(3) Old regions: 7->7
[2024-01-10T06:20:59.883+0000][gc,heap       ] GC(3) Humongous regions: 0->0
[2024-01-10T06:20:59.893+0000][gc,metaspace  ] GC(3) Metaspace: 34814K(35964K)->34814K(35964K) NonClass: 31080K(31740K)->31080K(31740K) Class: 3733K(4224K)->3733K(4224K)
[2024-01-10T06:20:59.895+0000][gc            ] GC(3) Pause Young (Concurrent Start) (Metadata GC Threshold) 32M->10M(1024M) 68.331ms
[2024-01-10T06:20:59.897+0000][gc,cpu        ] GC(3) User=0.17s Sys=0.03s Real=0.07s
[2024-01-10T06:20:59.898+0000][gc            ] GC(4) Concurrent Cycle
[2024-01-10T06:20:59.903+0000][gc,marking    ] GC(4) Concurrent Clear Claimed Marks
[2024-01-10T06:20:59.905+0000][gc,marking    ] GC(4) Concurrent Clear Claimed Marks 2.072ms
[2024-01-10T06:20:59.908+0000][gc,marking    ] GC(4) Concurrent Scan Root Regions
[2024-01-10T06:20:59.912+0000][gc,marking    ] GC(4) Concurrent Scan Root Regions 4.656ms
[2024-01-10T06:20:59.915+0000][gc,marking    ] GC(4) Concurrent Mark (5.748s)
[2024-01-10T06:20:59.916+0000][gc,marking    ] GC(4) Concurrent Mark From Roots
[2024-01-10T06:20:59.919+0000][gc,task       ] GC(4) Using 3 workers of 3 for marking
[2024-01-10T06:20:59.932+0000][gc,marking    ] GC(4) Concurrent Mark From Roots 16.011ms
[2024-01-10T06:20:59.933+0000][gc,marking    ] GC(4) Concurrent Preclean
[2024-01-10T06:20:59.947+0000][gc,marking    ] GC(4) Concurrent Preclean 13.828ms
[2024-01-10T06:20:59.948+0000][gc,marking    ] GC(4) Concurrent Mark (5.748s, 5.781s) 33.020ms
[2024-01-10T06:20:59.949+0000][gc,start      ] GC(4) Pause Remark
[2024-01-10T06:20:59.960+0000][gc,stringtable] GC(4) Cleaned string and symbol table, strings: 11961 processed, 10 removed, symbols: 98308 processed, 25 removed
[2024-01-10T06:20:59.964+0000][gc            ] GC(4) Pause Remark 11M->11M(1024M) 15.325ms
[2024-01-10T06:20:59.965+0000][gc,cpu        ] GC(4) User=0.07s Sys=0.00s Real=0.02s
[2024-01-10T06:20:59.971+0000][gc,marking    ] GC(4) Concurrent Rebuild Remembered Sets
[2024-01-10T06:20:59.979+0000][gc,marking    ] GC(4) Concurrent Rebuild Remembered Sets 8.448ms
[2024-01-10T06:20:59.980+0000][gc,start      ] GC(4) Pause Cleanup
[2024-01-10T06:20:59.981+0000][gc            ] GC(4) Pause Cleanup 12M->12M(1024M) 1.074ms
[2024-01-10T06:20:59.982+0000][gc,cpu        ] GC(4) User=0.00s Sys=0.00s Real=0.00s
[2024-01-10T06:20:59.982+0000][gc,marking    ] GC(4) Concurrent Cleanup for Next Mark
[2024-01-10T06:21:00.013+0000][gc,marking    ] GC(4) Concurrent Cleanup for Next Mark 30.855ms
[2024-01-10T06:21:00.021+0000][gc            ] GC(4) Concurrent Cycle 122.429ms
[2024-01-10T06:21:02.291+0000][gc,start      ] GC(5) Pause Young (Normal) (G1 Evacuation Pause)
[2024-01-10T06:21:02.291+0000][gc,task       ] GC(5) Using 13 workers of 13 for evacuation
[2024-01-10T06:21:02.341+0000][gc,mmu        ] GC(5) MMU target violated: 21.0ms (20.0ms/21.0ms)
[2024-01-10T06:21:02.343+0000][gc,phases     ] GC(5)   Pre Evacuate Collection Set: 0.1ms
[2024-01-10T06:21:02.344+0000][gc,phases     ] GC(5)   Evacuate Collection Set: 47.1ms
[2024-01-10T06:21:02.346+0000][gc,phases     ] GC(5)   Post Evacuate Collection Set: 1.1ms
[2024-01-10T06:21:02.347+0000][gc,phases     ] GC(5)   Other: 3.9ms
[2024-01-10T06:21:02.362+0000][gc,heap       ] GC(5) Eden regions: 47->0(44)
[2024-01-10T06:21:02.363+0000][gc,heap       ] GC(5) Survivor regions: 4->7(7)
[2024-01-10T06:21:02.364+0000][gc,heap       ] GC(5) Old regions: 7->7
[2024-01-10T06:21:02.364+0000][gc,heap       ] GC(5) Humongous regions: 18->18
[2024-01-10T06:21:02.365+0000][gc,metaspace  ] GC(5) Metaspace: 42814K(44284K)->42814K(44284K) NonClass: 38238K(39164K)->38238K(39164K) Class: 4576K(5120K)->4576K(5120K)
[2024-01-10T06:21:02.366+0000][gc            ] GC(5) Pause Young (Normal) (G1 Evacuation Pause) 75M->31M(1024M) 75.014ms
[2024-01-10T06:21:02.366+0000][gc,cpu        ] GC(5) User=0.29s Sys=0.04s Real=0.08s
[2024-01-10T06:21:33.445+0000][gc,start      ] GC(6) Pause Young (Normal) (G1 Evacuation Pause)
[2024-01-10T06:21:33.446+0000][gc,task       ] GC(6) Using 13 workers of 13 for evacuation
[2024-01-10T06:21:33.526+0000][gc,mmu        ] GC(6) MMU target violated: 21.0ms (20.0ms/21.0ms)
[2024-01-10T06:21:33.527+0000][gc,phases     ] GC(6)   Pre Evacuate Collection Set: 34.4ms
[2024-01-10T06:21:33.528+0000][gc,phases     ] GC(6)   Evacuate Collection Set: 37.9ms
[2024-01-10T06:21:33.529+0000][gc,phases     ] GC(6)   Post Evacuate Collection Set: 3.9ms
[2024-01-10T06:21:33.529+0000][gc,phases     ] GC(6)   Other: 6.0ms
[2024-01-10T06:21:33.530+0000][gc,heap       ] GC(6) Eden regions: 44->0(44)
[2024-01-10T06:21:33.530+0000][gc,heap       ] GC(6) Survivor regions: 7->7(7)
[2024-01-10T06:21:33.531+0000][gc,heap       ] GC(6) Old regions: 7->10
[2024-01-10T06:21:33.532+0000][gc,heap       ] GC(6) Humongous regions: 147->147
[2024-01-10T06:21:33.534+0000][gc,metaspace  ] GC(6) Metaspace: 48514K(50684K)->48514K(50684K) NonClass: 42950K(44028K)->42950K(44028K) Class: 5564K(6656K)->5564K(6656K)
[2024-01-10T06:21:33.535+0000][gc            ] GC(6) Pause Young (Normal) (G1 Evacuation Pause) 204M->163M(1024M) 89.787ms
[2024-01-10T06:21:33.536+0000][gc,cpu        ] GC(6) User=0.42s Sys=0.03s Real=0.09s
[2024-01-10T06:22:31.819+0000][gc,start      ] GC(7) Pause Young (Normal) (G1 Evacuation Pause)
[2024-01-10T06:22:31.819+0000][gc,task       ] GC(7) Using 13 workers of 13 for evacuation
[2024-01-10T06:22:31.833+0000][gc,phases     ] GC(7)   Pre Evacuate Collection Set: 0.4ms
[2024-01-10T06:22:31.834+0000][gc,phases     ] GC(7)   Evacuate Collection Set: 9.5ms
[2024-01-10T06:22:31.834+0000][gc,phases     ] GC(7)   Post Evacuate Collection Set: 2.4ms
[2024-01-10T06:22:31.835+0000][gc,phases     ] GC(7)   Other: 1.7ms
[2024-01-10T06:22:31.836+0000][gc,heap       ] GC(7) Eden regions: 44->0(44)
[2024-01-10T06:22:31.837+0000][gc,heap       ] GC(7) Survivor regions: 7->7(7)
[2024-01-10T06:22:31.837+0000][gc,heap       ] GC(7) Old regions: 10->14
[2024-01-10T06:22:31.838+0000][gc,heap       ] GC(7) Humongous regions: 147->147
[2024-01-10T06:22:31.839+0000][gc,metaspace  ] GC(7) Metaspace: 51673K(54268K)->51673K(54268K) NonClass: 45695K(47100K)->45695K(47100K) Class: 5977K(7168K)->5977K(7168K)
[2024-01-10T06:22:31.839+0000][gc            ] GC(7) Pause Young (Normal) (G1 Evacuation Pause) 207M->167M(1024M) 20.565ms
[2024-01-10T06:22:31.840+0000][gc,cpu        ] GC(7) User=0.10s Sys=0.01s Real=0.02s
[2024-01-10T06:23:58.019+0000][gc,start      ] GC(8) Pause Young (Normal) (G1 Evacuation Pause)
[2024-01-10T06:23:58.020+0000][gc,task       ] GC(8) Using 13 workers of 13 for evacuation
[2024-01-10T06:23:58.033+0000][gc,phases     ] GC(8)   Pre Evacuate Collection Set: 0.1ms
[2024-01-10T06:23:58.034+0000][gc,phases     ] GC(8)   Evacuate Collection Set: 11.1ms
[2024-01-10T06:23:58.035+0000][gc,phases     ] GC(8)   Post Evacuate Collection Set: 1.1ms
[2024-01-10T06:23:58.035+0000][gc,phases     ] GC(8)   Other: 2.2ms
[2024-01-10T06:23:58.036+0000][gc,heap       ] GC(8) Eden regions: 44->0(47)
[2024-01-10T06:23:58.036+0000][gc,heap       ] GC(8) Survivor regions: 7->4(7)
[2024-01-10T06:23:58.037+0000][gc,heap       ] GC(8) Old regions: 14->17
[2024-01-10T06:23:58.038+0000][gc,heap       ] GC(8) Humongous regions: 147->147
[2024-01-10T06:23:58.038+0000][gc,metaspace  ] GC(8) Metaspace: 52342K(55036K)->52342K(55036K) NonClass: 46358K(47868K)->46358K(47868K) Class: 5984K(7168K)->5984K(7168K)
[2024-01-10T06:23:58.039+0000][gc            ] GC(8) Pause Young (Normal) (G1 Evacuation Pause) 211M->166M(1024M) 19.710ms
[2024-01-10T06:23:58.040+0000][gc,cpu        ] GC(8) User=0.12s Sys=0.01s Real=0.02s
[2024-01-10T06:25:33.589+0000][gc,start      ] GC(9) Pause Young (Normal) (G1 Evacuation Pause)
[2024-01-10T06:25:33.589+0000][gc,task       ] GC(9) Using 13 workers of 13 for evacuation
[2024-01-10T06:25:33.597+0000][gc,phases     ] GC(9)   Pre Evacuate Collection Set: 0.3ms
[2024-01-10T06:25:33.597+0000][gc,phases     ] GC(9)   Evacuate Collection Set: 4.9ms
[2024-01-10T06:25:33.598+0000][gc,phases     ] GC(9)   Post Evacuate Collection Set: 1.0ms
[2024-01-10T06:25:33.599+0000][gc,phases     ] GC(9)   Other: 1.8ms
[2024-01-10T06:25:33.599+0000][gc,heap       ] GC(9) Eden regions: 47->0(44)
[2024-01-10T06:25:33.600+0000][gc,heap       ] GC(9) Survivor regions: 4->7(7)
[2024-01-10T06:25:33.600+0000][gc,heap       ] GC(9) Old regions: 17->17
[2024-01-10T06:25:33.601+0000][gc,heap       ] GC(9) Humongous regions: 147->147
[2024-01-10T06:25:33.601+0000][gc,metaspace  ] GC(9) Metaspace: 52601K(55292K)->52601K(55292K) NonClass: 46585K(48124K)->46585K(48124K) Class: 6015K(7168K)->6015K(7168K)
[2024-01-10T06:25:33.602+0000][gc            ] GC(9) Pause Young (Normal) (G1 Evacuation Pause) 213M->170M(1024M) 13.040ms
[2024-01-10T06:25:33.602+0000][gc,cpu        ] GC(9) User=0.04s Sys=0.02s Real=0.01s
[2024-01-10T06:27:03.393+0000][gc,start      ] GC(10) Pause Young (Normal) (G1 Evacuation Pause)
[2024-01-10T06:27:03.394+0000][gc,task       ] GC(10) Using 13 workers of 13 for evacuation
[2024-01-10T06:27:03.401+0000][gc,phases     ] GC(10)   Pre Evacuate Collection Set: 0.4ms
[2024-01-10T06:27:03.401+0000][gc,phases     ] GC(10)   Evacuate Collection Set: 4.7ms
[2024-01-10T06:27:03.402+0000][gc,phases     ] GC(10)   Post Evacuate Collection Set: 1.2ms
[2024-01-10T06:27:03.402+0000][gc,phases     ] GC(10)   Other: 4.8ms
[2024-01-10T06:27:03.403+0000][gc,heap       ] GC(10) Eden regions: 44->0(46)
[2024-01-10T06:27:03.403+0000][gc,heap       ] GC(10) Survivor regions: 7->5(7)
[2024-01-10T06:27:03.404+0000][gc,heap       ] GC(10) Old regions: 17->21
[2024-01-10T06:27:03.404+0000][gc,heap       ] GC(10) Humongous regions: 147->147
[2024-01-10T06:27:03.405+0000][gc,metaspace  ] GC(10) Metaspace: 52656K(55292K)->52656K(55292K) NonClass: 46640K(48124K)->46640K(48124K) Class: 6015K(7168K)->6015K(7168K)
[2024-01-10T06:27:03.405+0000][gc            ] GC(10) Pause Young (Normal) (G1 Evacuation Pause) 214M->171M(1024M) 11.806ms
[2024-01-10T06:27:03.406+0000][gc,cpu        ] GC(10) User=0.04s Sys=0.01s Real=0.01s
[2024-01-10T06:28:43.344+0000][gc,start      ] GC(11) Pause Young (Normal) (G1 Evacuation Pause)
[2024-01-10T06:28:43.345+0000][gc,task       ] GC(11) Using 13 workers of 13 for evacuation
[2024-01-10T06:28:43.351+0000][gc,phases     ] GC(11)   Pre Evacuate Collection Set: 0.7ms
[2024-01-10T06:28:43.352+0000][gc,phases     ] GC(11)   Evacuate Collection Set: 3.7ms
[2024-01-10T06:28:43.352+0000][gc,phases     ] GC(11)   Post Evacuate Collection Set: 1.1ms
[2024-01-10T06:28:43.353+0000][gc,phases     ] GC(11)   Other: 1.4ms
[2024-01-10T06:28:43.353+0000][gc,heap       ] GC(11) Eden regions: 46->0(47)
[2024-01-10T06:28:43.354+0000][gc,heap       ] GC(11) Survivor regions: 5->4(7)
[2024-01-10T06:28:43.354+0000][gc,heap       ] GC(11) Old regions: 21->23
[2024-01-10T06:28:43.355+0000][gc,heap       ] GC(11) Humongous regions: 147->147
[2024-01-10T06:28:43.356+0000][gc,metaspace  ] GC(11) Metaspace: 52706K(55292K)->52706K(55292K) NonClass: 46690K(48124K)->46690K(48124K) Class: 6015K(7168K)->6015K(7168K)
[2024-01-10T06:28:43.356+0000][gc            ] GC(11) Pause Young (Normal) (G1 Evacuation Pause) 217M->173M(1024M) 11.589ms
[2024-01-10T06:28:43.356+0000][gc,cpu        ] GC(11) User=0.03s Sys=0.02s Real=0.01s
[2024-01-10T06:30:23.061+0000][gc,start      ] GC(12) Pause Young (Normal) (G1 Evacuation Pause)
[2024-01-10T06:30:23.061+0000][gc,task       ] GC(12) Using 13 workers of 13 for evacuation
[2024-01-10T06:30:23.069+0000][gc,phases     ] GC(12)   Pre Evacuate Collection Set: 0.1ms
[2024-01-10T06:30:23.069+0000][gc,phases     ] GC(12)   Evacuate Collection Set: 6.0ms
[2024-01-10T06:30:23.070+0000][gc,phases     ] GC(12)   Post Evacuate Collection Set: 0.8ms
[2024-01-10T06:30:23.070+0000][gc,phases     ] GC(12)   Other: 1.3ms
[2024-01-10T06:30:23.071+0000][gc,heap       ] GC(12) Eden regions: 47->0(48)
[2024-01-10T06:30:23.071+0000][gc,heap       ] GC(12) Survivor regions: 4->6(7)
[2024-01-10T06:30:23.071+0000][gc,heap       ] GC(12) Old regions: 23->23
[2024-01-10T06:30:23.072+0000][gc,heap       ] GC(12) Humongous regions: 147->147
[2024-01-10T06:30:23.072+0000][gc,metaspace  ] GC(12) Metaspace: 52836K(55548K)->52836K(55548K) NonClass: 46819K(48380K)->46819K(48380K) Class: 6017K(7168K)->6017K(7168K)
[2024-01-10T06:30:23.073+0000][gc            ] GC(12) Pause Young (Normal) (G1 Evacuation Pause) 220M->174M(1024M) 12.254ms
[2024-01-10T06:30:23.074+0000][gc,cpu        ] GC(12) User=0.06s Sys=0.00s Real=0.02s
[2024-01-10T06:32:00.688+0000][gc,start      ] GC(13) Pause Young (Normal) (G1 Evacuation Pause)
[2024-01-10T06:32:00.688+0000][gc,task       ] GC(13) Using 13 workers of 13 for evacuation
[2024-01-10T06:32:00.698+0000][gc,phases     ] GC(13)   Pre Evacuate Collection Set: 0.2ms
[2024-01-10T06:32:00.699+0000][gc,phases     ] GC(13)   Evacuate Collection Set: 7.6ms
[2024-01-10T06:32:00.700+0000][gc,phases     ] GC(13)   Post Evacuate Collection Set: 1.0ms
[2024-01-10T06:32:00.700+0000][gc,phases     ] GC(13)   Other: 1.2ms
[2024-01-10T06:32:00.701+0000][gc,heap       ] GC(13) Eden regions: 45->0(49)
[2024-01-10T06:32:00.702+0000][gc,heap       ] GC(13) Survivor regions: 6->7(7)
[2024-01-10T06:32:00.702+0000][gc,heap       ] GC(13) Old regions: 23->25
[2024-01-10T06:32:00.703+0000][gc,heap       ] GC(13) Humongous regions: 147->147
[2024-01-10T06:32:00.703+0000][gc,metaspace  ] GC(13) Metaspace: 52998K(55676K)->52998K(55676K) NonClass: 46956K(48380K)->46956K(48380K) Class: 6041K(7296K)->6041K(7296K)
[2024-01-10T06:32:00.704+0000][gc            ] GC(13) Pause Young (Normal) (G1 Evacuation Pause) 219M->178M(1024M) 15.687ms
[2024-01-10T06:32:00.704+0000][gc,cpu        ] GC(13) User=0.06s Sys=0.03s Real=0.02s
[2024-01-10T06:33:37.489+0000][gc,start      ] GC(14) Pause Young (Normal) (G1 Evacuation Pause)
[2024-01-10T06:33:37.490+0000][gc,task       ] GC(14) Using 13 workers of 13 for evacuation
[2024-01-10T06:33:37.498+0000][gc,phases     ] GC(14)   Pre Evacuate Collection Set: 0.1ms
[2024-01-10T06:33:37.498+0000][gc,phases     ] GC(14)   Evacuate Collection Set: 5.8ms
[2024-01-10T06:33:37.499+0000][gc,phases     ] GC(14)   Post Evacuate Collection Set: 1.1ms
[2024-01-10T06:33:37.499+0000][gc,phases     ] GC(14)   Other: 1.4ms
[2024-01-10T06:33:37.500+0000][gc,heap       ] GC(14) Eden regions: 44->0(52)
[2024-01-10T06:33:37.500+0000][gc,heap       ] GC(14) Survivor regions: 7->5(7)
[2024-01-10T06:33:37.501+0000][gc,heap       ] GC(14) Old regions: 25->29
[2024-01-10T06:33:37.501+0000][gc,heap       ] GC(14) Humongous regions: 147->147
[2024-01-10T06:33:37.502+0000][gc,metaspace  ] GC(14) Metaspace: 53056K(55932K)->53056K(55932K) NonClass: 47014K(48636K)->47014K(48636K) Class: 6041K(7296K)->6041K(7296K)
[2024-01-10T06:33:37.502+0000][gc            ] GC(14) Pause Young (Normal) (G1 Evacuation Pause) 222M->180M(1024M) 13.110ms
[2024-01-10T06:33:37.503+0000][gc,cpu        ] GC(14) User=0.04s Sys=0.03s Real=0.01s
[2024-01-10T06:35:33.047+0000][gc,start      ] GC(15) Pause Young (Normal) (G1 Evacuation Pause)
[2024-01-10T06:35:33.047+0000][gc,task       ] GC(15) Using 13 workers of 13 for evacuation
[2024-01-10T06:35:33.063+0000][gc,phases     ] GC(15)   Pre Evacuate Collection Set: 0.0ms
[2024-01-10T06:35:33.064+0000][gc,phases     ] GC(15)   Evacuate Collection Set: 13.0ms
[2024-01-10T06:35:33.065+0000][gc,phases     ] GC(15)   Post Evacuate Collection Set: 1.8ms
[2024-01-10T06:35:33.066+0000][gc,phases     ] GC(15)   Other: 1.4ms
[2024-01-10T06:35:33.066+0000][gc,heap       ] GC(15) Eden regions: 52->0(56)
[2024-01-10T06:35:33.067+0000][gc,heap       ] GC(15) Survivor regions: 5->5(8)
[2024-01-10T06:35:33.068+0000][gc,heap       ] GC(15) Old regions: 29->32
[2024-01-10T06:35:33.069+0000][gc,heap       ] GC(15) Humongous regions: 147->147
[2024-01-10T06:35:33.069+0000][gc,metaspace  ] GC(15) Metaspace: 53081K(55932K)->53081K(55932K) NonClass: 47039K(48636K)->47039K(48636K) Class: 6041K(7296K)->6041K(7296K)
[2024-01-10T06:35:33.070+0000][gc            ] GC(15) Pause Young (Normal) (G1 Evacuation Pause) 232M->183M(1024M) 22.830ms
[2024-01-10T06:35:33.070+0000][gc,cpu        ] GC(15) User=0.12s Sys=0.04s Real=0.02s
[2024-01-10T06:37:34.113+0000][gc,start      ] GC(16) Pause Young (Normal) (G1 Evacuation Pause)
[2024-01-10T06:37:34.113+0000][gc,task       ] GC(16) Using 13 workers of 13 for evacuation
[2024-01-10T06:37:34.123+0000][gc,phases     ] GC(16)   Pre Evacuate Collection Set: 0.3ms
[2024-01-10T06:37:34.124+0000][gc,phases     ] GC(16)   Evacuate Collection Set: 7.7ms
[2024-01-10T06:37:34.124+0000][gc,phases     ] GC(16)   Post Evacuate Collection Set: 0.7ms
[2024-01-10T06:37:34.125+0000][gc,phases     ] GC(16)   Other: 3.4ms
[2024-01-10T06:37:34.125+0000][gc,heap       ] GC(16) Eden regions: 56->0(63)
[2024-01-10T06:37:34.125+0000][gc,heap       ] GC(16) Survivor regions: 5->6(8)
[2024-01-10T06:37:34.126+0000][gc,heap       ] GC(16) Old regions: 32->34
[2024-01-10T06:37:34.127+0000][gc,heap       ] GC(16) Humongous regions: 147->147
[2024-01-10T06:37:34.127+0000][gc,metaspace  ] GC(16) Metaspace: 53114K(55932K)->53114K(55932K) NonClass: 47072K(48636K)->47072K(48636K) Class: 6041K(7296K)->6041K(7296K)
[2024-01-10T06:37:34.128+0000][gc            ] GC(16) Pause Young (Normal) (G1 Evacuation Pause) 239M->186M(1024M) 14.521ms
[2024-01-10T06:37:34.128+0000][gc,cpu        ] GC(16) User=0.05s Sys=0.04s Real=0.01s
[2024-01-10T06:39:51.281+0000][gc,start      ] GC(17) Pause Young (Normal) (G1 Evacuation Pause)
[2024-01-10T06:39:51.288+0000][gc,task       ] GC(17) Using 13 workers of 13 for evacuation
[2024-01-10T06:39:51.322+0000][gc,mmu        ] GC(17) MMU target violated: 21.0ms (20.0ms/21.0ms)
[2024-01-10T06:39:51.323+0000][gc,phases     ] GC(17)   Pre Evacuate Collection Set: 0.3ms
[2024-01-10T06:39:51.324+0000][gc,phases     ] GC(17)   Evacuate Collection Set: 28.7ms
[2024-01-10T06:39:51.325+0000][gc,phases     ] GC(17)   Post Evacuate Collection Set: 1.5ms
[2024-01-10T06:39:51.325+0000][gc,phases     ] GC(17)   Other: 11.1ms
[2024-01-10T06:39:51.326+0000][gc,heap       ] GC(17) Eden regions: 63->0(45)
[2024-01-10T06:39:51.327+0000][gc,heap       ] GC(17) Survivor regions: 6->6(9)
[2024-01-10T06:39:51.328+0000][gc,heap       ] GC(17) Old regions: 34->37
[2024-01-10T06:39:51.329+0000][gc,heap       ] GC(17) Humongous regions: 147->147
[2024-01-10T06:39:51.330+0000][gc,metaspace  ] GC(17) Metaspace: 53145K(55932K)->53145K(55932K) NonClass: 47103K(48636K)->47103K(48636K) Class: 6041K(7296K)->6041K(7296K)
[2024-01-10T06:39:51.331+0000][gc            ] GC(17) Pause Young (Normal) (G1 Evacuation Pause) 249M->189M(1024M) 49.304ms
[2024-01-10T06:39:51.332+0000][gc,cpu        ] GC(17) User=0.10s Sys=0.27s Real=0.05s
[2024-01-10T06:41:30.822+0000][gc,start      ] GC(18) Pause Young (Normal) (G1 Evacuation Pause)
[2024-01-10T06:41:30.823+0000][gc,task       ] GC(18) Using 13 workers of 13 for evacuation
[2024-01-10T06:41:30.839+0000][gc,phases     ] GC(18)   Pre Evacuate Collection Set: 0.3ms
[2024-01-10T06:41:30.840+0000][gc,phases     ] GC(18)   Evacuate Collection Set: 13.5ms
[2024-01-10T06:41:30.841+0000][gc,phases     ] GC(18)   Post Evacuate Collection Set: 1.6ms
[2024-01-10T06:41:30.842+0000][gc,phases     ] GC(18)   Other: 1.9ms
[2024-01-10T06:41:30.843+0000][gc,heap       ] GC(18) Eden regions: 45->0(51)
[2024-01-10T06:41:30.843+0000][gc,heap       ] GC(18) Survivor regions: 6->5(7)
[2024-01-10T06:41:30.844+0000][gc,heap       ] GC(18) Old regions: 37->40
[2024-01-10T06:41:30.844+0000][gc,heap       ] GC(18) Humongous regions: 147->147
[2024-01-10T06:41:30.845+0000][gc,metaspace  ] GC(18) Metaspace: 53151K(55932K)->53151K(55932K) NonClass: 47110K(48636K)->47110K(48636K) Class: 6041K(7296K)->6041K(7296K)
[2024-01-10T06:41:30.846+0000][gc            ] GC(18) Pause Young (Normal) (G1 Evacuation Pause) 234M->191M(1024M) 23.791ms
[2024-01-10T06:41:30.847+0000][gc,cpu        ] GC(18) User=0.06s Sys=0.11s Real=0.02s
[2024-01-10T06:43:23.364+0000][gc,start      ] GC(19) Pause Young (Normal) (G1 Evacuation Pause)
[2024-01-10T06:43:23.365+0000][gc,task       ] GC(19) Using 13 workers of 13 for evacuation
[2024-01-10T06:43:23.379+0000][gc,phases     ] GC(19)   Pre Evacuate Collection Set: 0.4ms
[2024-01-10T06:43:23.380+0000][gc,phases     ] GC(19)   Evacuate Collection Set: 12.0ms
[2024-01-10T06:43:23.381+0000][gc,phases     ] GC(19)   Post Evacuate Collection Set: 1.0ms
[2024-01-10T06:43:23.382+0000][gc,phases     ] GC(19)   Other: 1.9ms
[2024-01-10T06:43:23.382+0000][gc,heap       ] GC(19) Eden regions: 51->0(60)
[2024-01-10T06:43:23.383+0000][gc,heap       ] GC(19) Survivor regions: 5->5(7)
[2024-01-10T06:43:23.384+0000][gc,heap       ] GC(19) Old regions: 40->42
[2024-01-10T06:43:23.385+0000][gc,heap       ] GC(19) Humongous regions: 147->147
[2024-01-10T06:43:23.385+0000][gc,metaspace  ] GC(19) Metaspace: 53182K(55932K)->53182K(55932K) NonClass: 47140K(48636K)->47140K(48636K) Class: 6041K(7296K)->6041K(7296K)
[2024-01-10T06:43:23.386+0000][gc            ] GC(19) Pause Young (Normal) (G1 Evacuation Pause) 242M->193M(1024M) 22.141ms
[2024-01-10T06:43:23.387+0000][gc,cpu        ] GC(19) User=0.09s Sys=0.05s Real=0.02s
[2024-01-10T06:45:37.366+0000][gc,start      ] GC(20) Pause Young (Normal) (G1 Evacuation Pause)
[2024-01-10T06:45:37.367+0000][gc,task       ] GC(20) Using 13 workers of 13 for evacuation
[2024-01-10T06:45:37.374+0000][gc,phases     ] GC(20)   Pre Evacuate Collection Set: 0.4ms
[2024-01-10T06:45:37.375+0000][gc,phases     ] GC(20)   Evacuate Collection Set: 5.1ms
[2024-01-10T06:45:37.375+0000][gc,phases     ] GC(20)   Post Evacuate Collection Set: 1.4ms
[2024-01-10T06:45:37.376+0000][gc,phases     ] GC(20)   Other: 1.2ms
[2024-01-10T06:45:37.376+0000][gc,heap       ] GC(20) Eden regions: 60->0(84)
[2024-01-10T06:45:37.377+0000][gc,heap       ] GC(20) Survivor regions: 5->8(9)
[2024-01-10T06:45:37.378+0000][gc,heap       ] GC(20) Old regions: 42->42
[2024-01-10T06:45:37.378+0000][gc,heap       ] GC(20) Humongous regions: 147->147
[2024-01-10T06:45:37.379+0000][gc,metaspace  ] GC(20) Metaspace: 53236K(55932K)->53236K(55932K) NonClass: 47187K(48636K)->47187K(48636K) Class: 6049K(7296K)->6049K(7296K)
[2024-01-10T06:45:37.380+0000][gc            ] GC(20) Pause Young (Normal) (G1 Evacuation Pause) 253M->196M(1024M) 14.059ms
[2024-01-10T06:45:37.381+0000][gc,cpu        ] GC(20) User=0.07s Sys=0.00s Real=0.02s
[2024-01-10T06:48:45.236+0000][gc,start      ] GC(21) Pause Young (Normal) (G1 Evacuation Pause)
[2024-01-10T06:48:45.236+0000][gc,task       ] GC(21) Using 13 workers of 13 for evacuation
[2024-01-10T06:48:45.248+0000][gc,phases     ] GC(21)   Pre Evacuate Collection Set: 0.1ms
[2024-01-10T06:48:45.249+0000][gc,phases     ] GC(21)   Evacuate Collection Set: 9.9ms
[2024-01-10T06:48:45.249+0000][gc,phases     ] GC(21)   Post Evacuate Collection Set: 1.1ms
[2024-01-10T06:48:45.250+0000][gc,phases     ] GC(21)   Other: 1.2ms
[2024-01-10T06:48:45.251+0000][gc,heap       ] GC(21) Eden regions: 84->0(323)
[2024-01-10T06:48:45.251+0000][gc,heap       ] GC(21) Survivor regions: 8->8(12)
[2024-01-10T06:48:45.252+0000][gc,heap       ] GC(21) Old regions: 42->45
[2024-01-10T06:48:45.252+0000][gc,heap       ] GC(21) Humongous regions: 147->147
[2024-01-10T06:48:45.253+0000][gc,metaspace  ] GC(21) Metaspace: 53296K(55932K)->53296K(55932K) NonClass: 47247K(48636K)->47247K(48636K) Class: 6049K(7296K)->6049K(7296K)
[2024-01-10T06:48:45.253+0000][gc            ] GC(21) Pause Young (Normal) (G1 Evacuation Pause) 280M->198M(1024M) 17.601ms
[2024-01-10T06:48:45.254+0000][gc,cpu        ] GC(21) User=0.08s Sys=0.04s Real=0.02s
[2024-01-10T07:00:29.026+0000][gc,start      ] GC(22) Pause Young (Normal) (G1 Evacuation Pause)
[2024-01-10T07:00:29.028+0000][gc,task       ] GC(22) Using 13 workers of 13 for evacuation
[2024-01-10T07:00:29.077+0000][gc,mmu        ] GC(22) MMU target violated: 21.0ms (20.0ms/21.0ms)
[2024-01-10T07:00:29.080+0000][gc,phases     ] GC(22)   Pre Evacuate Collection Set: 0.2ms
[2024-01-10T07:00:29.081+0000][gc,phases     ] GC(22)   Evacuate Collection Set: 39.6ms
[2024-01-10T07:00:29.081+0000][gc,phases     ] GC(22)   Post Evacuate Collection Set: 6.0ms
[2024-01-10T07:00:29.082+0000][gc,phases     ] GC(22)   Other: 11.3ms
[2024-01-10T07:00:29.082+0000][gc,heap       ] GC(22) Eden regions: 323->0(56)
[2024-01-10T07:00:29.083+0000][gc,heap       ] GC(22) Survivor regions: 8->25(42)
[2024-01-10T07:00:29.083+0000][gc,heap       ] GC(22) Old regions: 45->45
[2024-01-10T07:00:29.084+0000][gc,heap       ] GC(22) Humongous regions: 147->147
[2024-01-10T07:00:29.084+0000][gc,metaspace  ] GC(22) Metaspace: 53433K(56188K)->53433K(56188K) NonClass: 47384K(48892K)->47384K(48892K) Class: 6049K(7296K)->6049K(7296K)
[2024-01-10T07:00:29.085+0000][gc            ] GC(22) Pause Young (Normal) (G1 Evacuation Pause) 521M->215M(1024M) 59.569ms
[2024-01-10T07:00:29.086+0000][gc,cpu        ] GC(22) User=0.18s Sys=0.32s Real=0.06s
[2024-01-10T07:02:16.818+0000][gc,start      ] GC(23) Pause Young (Normal) (G1 Evacuation Pause)
[2024-01-10T07:02:16.819+0000][gc,task       ] GC(23) Using 13 workers of 13 for evacuation
[2024-01-10T07:02:16.849+0000][gc,mmu        ] GC(23) MMU target violated: 21.0ms (20.0ms/21.0ms)
[2024-01-10T07:02:16.850+0000][gc,phases     ] GC(23)   Pre Evacuate Collection Set: 0.2ms
[2024-01-10T07:02:16.851+0000][gc,phases     ] GC(23)   Evacuate Collection Set: 28.3ms
[2024-01-10T07:02:16.851+0000][gc,phases     ] GC(23)   Post Evacuate Collection Set: 1.1ms
[2024-01-10T07:02:16.851+0000][gc,phases     ] GC(23)   Other: 2.1ms
[2024-01-10T07:02:16.852+0000][gc,heap       ] GC(23) Eden regions: 52->0(57)
[2024-01-10T07:02:16.852+0000][gc,heap       ] GC(23) Survivor regions: 25->7(10)
[2024-01-10T07:02:16.853+0000][gc,heap       ] GC(23) Old regions: 45->66
[2024-01-10T07:02:16.853+0000][gc,heap       ] GC(23) Humongous regions: 147->147
[2024-01-10T07:02:16.853+0000][gc,metaspace  ] GC(23) Metaspace: 53557K(56444K)->53557K(56444K) NonClass: 47488K(49148K)->47488K(49148K) Class: 6069K(7296K)->6069K(7296K)
[2024-01-10T07:02:16.854+0000][gc            ] GC(23) Pause Young (Normal) (G1 Evacuation Pause) 267M->219M(1024M) 35.362ms
[2024-01-10T07:02:16.854+0000][gc,cpu        ] GC(23) User=0.11s Sys=0.15s Real=0.03s
[2024-01-10T07:04:12.620+0000][gc,start      ] GC(24) Pause Young (Normal) (G1 Evacuation Pause)
[2024-01-10T07:04:12.620+0000][gc,task       ] GC(24) Using 13 workers of 13 for evacuation
[2024-01-10T07:04:12.629+0000][gc,phases     ] GC(24)   Pre Evacuate Collection Set: 0.3ms
[2024-01-10T07:04:12.629+0000][gc,phases     ] GC(24)   Evacuate Collection Set: 6.2ms
[2024-01-10T07:04:12.630+0000][gc,phases     ] GC(24)   Post Evacuate Collection Set: 0.9ms
[2024-01-10T07:04:12.631+0000][gc,phases     ] GC(24)   Other: 1.7ms
[2024-01-10T07:04:12.631+0000][gc,heap       ] GC(24) Eden regions: 57->0(84)
[2024-01-10T07:04:12.632+0000][gc,heap       ] GC(24) Survivor regions: 7->7(8)
[2024-01-10T07:04:12.632+0000][gc,heap       ] GC(24) Old regions: 66->69
[2024-01-10T07:04:12.633+0000][gc,heap       ] GC(24) Humongous regions: 147->147
[2024-01-10T07:04:12.634+0000][gc,metaspace  ] GC(24) Metaspace: 53597K(56444K)->53597K(56444K) NonClass: 47527K(49148K)->47527K(49148K) Class: 6069K(7296K)->6069K(7296K)
[2024-01-10T07:04:12.634+0000][gc            ] GC(24) Pause Young (Normal) (G1 Evacuation Pause) 276M->222M(1024M) 14.345ms
[2024-01-10T07:04:12.635+0000][gc,cpu        ] GC(24) User=0.03s Sys=0.05s Real=0.02s
[2024-01-10T07:07:03.259+0000][gc,start      ] GC(25) Pause Young (Normal) (G1 Evacuation Pause)
[2024-01-10T07:07:03.259+0000][gc,task       ] GC(25) Using 13 workers of 13 for evacuation
[2024-01-10T07:07:03.267+0000][gc,phases     ] GC(25)   Pre Evacuate Collection Set: 0.2ms
[2024-01-10T07:07:03.268+0000][gc,phases     ] GC(25)   Evacuate Collection Set: 6.4ms
[2024-01-10T07:07:03.268+0000][gc,phases     ] GC(25)   Post Evacuate Collection Set: 0.9ms
[2024-01-10T07:07:03.269+0000][gc,phases     ] GC(25)   Other: 0.9ms
[2024-01-10T07:07:03.269+0000][gc,heap       ] GC(25) Eden regions: 84->0(102)
[2024-01-10T07:07:03.270+0000][gc,heap       ] GC(25) Survivor regions: 7->10(12)
[2024-01-10T07:07:03.270+0000][gc,heap       ] GC(25) Old regions: 69->69
[2024-01-10T07:07:03.271+0000][gc,heap       ] GC(25) Humongous regions: 147->147
[2024-01-10T07:07:03.271+0000][gc,metaspace  ] GC(25) Metaspace: 53620K(56444K)->53620K(56444K) NonClass: 47550K(49148K)->47550K(49148K) Class: 6069K(7296K)->6069K(7296K)
[2024-01-10T07:07:03.272+0000][gc            ] GC(25) Pause Young (Normal) (G1 Evacuation Pause) 306M->225M(1024M) 13.105ms
[2024-01-10T07:07:03.273+0000][gc,cpu        ] GC(25) User=0.08s Sys=0.00s Real=0.01s
[2024-01-10T07:10:30.993+0000][gc,start      ] GC(26) Pause Young (Normal) (G1 Evacuation Pause)
[2024-01-10T07:10:30.994+0000][gc,task       ] GC(26) Using 13 workers of 13 for evacuation
[2024-01-10T07:10:31.026+0000][gc,mmu        ] GC(26) MMU target violated: 21.0ms (20.0ms/21.0ms)
[2024-01-10T07:10:31.026+0000][gc,phases     ] GC(26)   Pre Evacuate Collection Set: 0.3ms
[2024-01-10T07:10:31.027+0000][gc,phases     ] GC(26)   Evacuate Collection Set: 29.2ms
[2024-01-10T07:10:31.028+0000][gc,phases     ] GC(26)   Post Evacuate Collection Set: 1.1ms
[2024-01-10T07:10:31.028+0000][gc,phases     ] GC(26)   Other: 2.7ms
[2024-01-10T07:10:31.029+0000][gc,heap       ] GC(26) Eden regions: 102->0(51)
[2024-01-10T07:10:31.029+0000][gc,heap       ] GC(26) Survivor regions: 10->12(14)
[2024-01-10T07:10:31.030+0000][gc,heap       ] GC(26) Old regions: 69->72
[2024-01-10T07:10:31.030+0000][gc,heap       ] GC(26) Humongous regions: 147->147
[2024-01-10T07:10:31.031+0000][gc,metaspace  ] GC(26) Metaspace: 53662K(56444K)->53662K(56444K) NonClass: 47592K(49148K)->47592K(49148K) Class: 6069K(7296K)->6069K(7296K)
[2024-01-10T07:10:31.031+0000][gc            ] GC(26) Pause Young (Normal) (G1 Evacuation Pause) 327M->230M(1024M) 38.165ms
[2024-01-10T07:10:31.032+0000][gc,cpu        ] GC(26) User=0.37s Sys=0.00s Real=0.03s
[2024-01-10T07:12:12.838+0000][gc,start      ] GC(27) Pause Young (Normal) (G1 Evacuation Pause)
[2024-01-10T07:12:12.839+0000][gc,task       ] GC(27) Using 13 workers of 13 for evacuation
[2024-01-10T07:12:12.879+0000][gc,mmu        ] GC(27) MMU target violated: 21.0ms (20.0ms/21.0ms)
[2024-01-10T07:12:12.879+0000][gc,phases     ] GC(27)   Pre Evacuate Collection Set: 1.2ms
[2024-01-10T07:12:12.879+0000][gc,phases     ] GC(27)   Evacuate Collection Set: 34.7ms
[2024-01-10T07:12:12.880+0000][gc,phases     ] GC(27)   Post Evacuate Collection Set: 1.3ms
[2024-01-10T07:12:12.880+0000][gc,phases     ] GC(27)   Other: 4.1ms
[2024-01-10T07:12:12.881+0000][gc,heap       ] GC(27) Eden regions: 51->0(55)
[2024-01-10T07:12:12.881+0000][gc,heap       ] GC(27) Survivor regions: 12->6(8)
[2024-01-10T07:12:12.881+0000][gc,heap       ] GC(27) Old regions: 72->81
[2024-01-10T07:12:12.882+0000][gc,heap       ] GC(27) Humongous regions: 147->147
[2024-01-10T07:12:12.882+0000][gc,metaspace  ] GC(27) Metaspace: 53678K(56444K)->53678K(56444K) NonClass: 47608K(49148K)->47608K(49148K) Class: 6069K(7296K)->6069K(7296K)
[2024-01-10T07:12:12.883+0000][gc            ] GC(27) Pause Young (Normal) (G1 Evacuation Pause) 281M->233M(1024M) 44.650ms
[2024-01-10T07:12:12.883+0000][gc,cpu        ] GC(27) User=0.35s Sys=0.07s Real=0.04s
[2024-01-10T07:14:01.244+0000][gc,start      ] GC(28) Pause Young (Normal) (G1 Evacuation Pause)
[2024-01-10T07:14:01.244+0000][gc,task       ] GC(28) Using 13 workers of 13 for evacuation
[2024-01-10T07:14:01.250+0000][gc,phases     ] GC(28)   Pre Evacuate Collection Set: 0.3ms
[2024-01-10T07:14:01.251+0000][gc,phases     ] GC(28)   Evacuate Collection Set: 4.7ms
[2024-01-10T07:14:01.251+0000][gc,phases     ] GC(28)   Post Evacuate Collection Set: 0.7ms
[2024-01-10T07:14:01.252+0000][gc,phases     ] GC(28)   Other: 2.9ms
[2024-01-10T07:14:01.252+0000][gc,heap       ] GC(28) Eden regions: 55->0(72)
[2024-01-10T07:14:01.252+0000][gc,heap       ] GC(28) Survivor regions: 6->6(8)
[2024-01-10T07:14:01.253+0000][gc,heap       ] GC(28) Old regions: 81->84
[2024-01-10T07:14:01.253+0000][gc,heap       ] GC(28) Humongous regions: 147->147
[2024-01-10T07:14:01.254+0000][gc,metaspace  ] GC(28) Metaspace: 53692K(56444K)->53692K(56444K) NonClass: 47622K(49148K)->47622K(49148K) Class: 6069K(7296K)->6069K(7296K)
[2024-01-10T07:14:01.254+0000][gc            ] GC(28) Pause Young (Normal) (G1 Evacuation Pause) 288M->236M(1024M) 10.443ms
[2024-01-10T07:14:01.254+0000][gc,cpu        ] GC(28) User=0.04s Sys=0.02s Real=0.01s
[2024-01-10T07:16:25.925+0000][gc,start      ] GC(29) Pause Young (Normal) (G1 Evacuation Pause)
[2024-01-10T07:16:25.926+0000][gc,task       ] GC(29) Using 13 workers of 13 for evacuation
[2024-01-10T07:16:25.942+0000][gc,phases     ] GC(29)   Pre Evacuate Collection Set: 0.3ms
[2024-01-10T07:16:25.943+0000][gc,phases     ] GC(29)   Evacuate Collection Set: 14.1ms
[2024-01-10T07:16:25.943+0000][gc,phases     ] GC(29)   Post Evacuate Collection Set: 1.1ms
[2024-01-10T07:16:25.944+0000][gc,phases     ] GC(29)   Other: 1.0ms
[2024-01-10T07:16:25.945+0000][gc,heap       ] GC(29) Eden regions: 72->0(87)
[2024-01-10T07:16:25.946+0000][gc,heap       ] GC(29) Survivor regions: 6->5(10)
[2024-01-10T07:16:25.946+0000][gc,heap       ] GC(29) Old regions: 84->87
[2024-01-10T07:16:25.947+0000][gc,heap       ] GC(29) Humongous regions: 147->147
[2024-01-10T07:16:25.948+0000][gc,metaspace  ] GC(29) Metaspace: 53711K(56444K)->53711K(56444K) NonClass: 47641K(49148K)->47641K(49148K) Class: 6069K(7296K)->6069K(7296K)
[2024-01-10T07:16:25.948+0000][gc            ] GC(29) Pause Young (Normal) (G1 Evacuation Pause) 308M->238M(1024M) 22.855ms
[2024-01-10T07:16:25.949+0000][gc,cpu        ] GC(29) User=0.15s Sys=0.03s Real=0.02s
[2024-01-10T07:19:16.504+0000][gc,start      ] GC(30) Pause Young (Normal) (G1 Evacuation Pause)
[2024-01-10T07:19:16.504+0000][gc,task       ] GC(30) Using 13 workers of 13 for evacuation
[2024-01-10T07:19:16.522+0000][gc,phases     ] GC(30)   Pre Evacuate Collection Set: 0.3ms
[2024-01-10T07:19:16.523+0000][gc,phases     ] GC(30)   Evacuate Collection Set: 15.1ms
[2024-01-10T07:19:16.523+0000][gc,phases     ] GC(30)   Post Evacuate Collection Set: 1.1ms
[2024-01-10T07:19:16.524+0000][gc,phases     ] GC(30)   Other: 2.0ms
[2024-01-10T07:19:16.524+0000][gc,heap       ] GC(30) Eden regions: 87->0(78)
[2024-01-10T07:19:16.524+0000][gc,heap       ] GC(30) Survivor regions: 5->9(12)
[2024-01-10T07:19:16.525+0000][gc,heap       ] GC(30) Old regions: 87->87
[2024-01-10T07:19:16.525+0000][gc,heap       ] GC(30) Humongous regions: 147->147
[2024-01-10T07:19:16.525+0000][gc,metaspace  ] GC(30) Metaspace: 53738K(56444K)->53738K(56444K) NonClass: 47668K(49148K)->47668K(49148K) Class: 6069K(7296K)->6069K(7296K)
[2024-01-10T07:19:16.526+0000][gc            ] GC(30) Pause Young (Normal) (G1 Evacuation Pause) 325M->242M(1024M) 21.856ms
[2024-01-10T07:19:16.526+0000][gc,cpu        ] GC(30) User=0.16s Sys=0.03s Real=0.03s
[2024-01-10T07:21:42.819+0000][gc,start      ] GC(31) Pause Young (Normal) (G1 Evacuation Pause)
[2024-01-10T07:21:42.820+0000][gc,task       ] GC(31) Using 13 workers of 13 for evacuation
[2024-01-10T07:21:42.874+0000][gc,mmu        ] GC(31) MMU target violated: 21.0ms (20.0ms/21.0ms)
[2024-01-10T07:21:42.875+0000][gc,phases     ] GC(31)   Pre Evacuate Collection Set: 0.4ms
[2024-01-10T07:21:42.875+0000][gc,phases     ] GC(31)   Evacuate Collection Set: 51.3ms
[2024-01-10T07:21:42.876+0000][gc,phases     ] GC(31)   Post Evacuate Collection Set: 1.2ms
[2024-01-10T07:21:42.877+0000][gc,phases     ] GC(31)   Other: 3.6ms
[2024-01-10T07:21:42.877+0000][gc,heap       ] GC(31) Eden regions: 78->0(40)
[2024-01-10T07:21:42.877+0000][gc,heap       ] GC(31) Survivor regions: 9->11(11)
[2024-01-10T07:21:42.878+0000][gc,heap       ] GC(31) Old regions: 87->92
[2024-01-10T07:21:42.878+0000][gc,heap       ] GC(31) Humongous regions: 147->147
[2024-01-10T07:21:42.879+0000][gc,metaspace  ] GC(31) Metaspace: 53870K(56700K)->53870K(56700K) NonClass: 47774K(49404K)->47774K(49404K) Class: 6095K(7296K)->6095K(7296K)
[2024-01-10T07:21:42.879+0000][gc            ] GC(31) Pause Young (Normal) (G1 Evacuation Pause) 320M->249M(1024M) 60.388ms
[2024-01-10T07:21:42.879+0000][gc,cpu        ] GC(31) User=0.46s Sys=0.16s Real=0.06s
[2024-01-10T07:23:01.901+0000][gc,start      ] GC(32) Pause Young (Normal) (G1 Evacuation Pause)
[2024-01-10T07:23:01.901+0000][gc,task       ] GC(32) Using 13 workers of 13 for evacuation
[2024-01-10T07:23:01.912+0000][gc,phases     ] GC(32)   Pre Evacuate Collection Set: 0.2ms
[2024-01-10T07:23:01.913+0000][gc,phases     ] GC(32)   Evacuate Collection Set: 8.9ms
[2024-01-10T07:23:01.913+0000][gc,phases     ] GC(32)   Post Evacuate Collection Set: 0.8ms
[2024-01-10T07:23:01.913+0000][gc,phases     ] GC(32)   Other: 1.7ms
[2024-01-10T07:23:01.914+0000][gc,heap       ] GC(32) Eden regions: 40->0(46)
[2024-01-10T07:23:01.914+0000][gc,heap       ] GC(32) Survivor regions: 11->5(7)
[2024-01-10T07:23:01.914+0000][gc,heap       ] GC(32) Old regions: 92->101
[2024-01-10T07:23:01.914+0000][gc,heap       ] GC(32) Humongous regions: 147->147
[2024-01-10T07:23:01.915+0000][gc,metaspace  ] GC(32) Metaspace: 53908K(56700K)->53908K(56700K) NonClass: 47807K(49404K)->47807K(49404K) Class: 6101K(7296K)->6101K(7296K)
[2024-01-10T07:23:01.915+0000][gc            ] GC(32) Pause Young (Normal) (G1 Evacuation Pause) 289M->251M(1024M) 14.144ms
[2024-01-10T07:23:01.915+0000][gc,cpu        ] GC(32) User=0.06s Sys=0.05s Real=0.02s
[2024-01-10T07:24:33.828+0000][gc,start      ] GC(33) Pause Young (Normal) (G1 Evacuation Pause)
[2024-01-10T07:24:33.829+0000][gc,task       ] GC(33) Using 13 workers of 13 for evacuation
[2024-01-10T07:24:33.835+0000][gc,phases     ] GC(33)   Pre Evacuate Collection Set: 0.1ms
[2024-01-10T07:24:33.836+0000][gc,phases     ] GC(33)   Evacuate Collection Set: 4.8ms
[2024-01-10T07:24:33.837+0000][gc,phases     ] GC(33)   Post Evacuate Collection Set: 0.8ms
[2024-01-10T07:24:33.837+0000][gc,phases     ] GC(33)   Other: 1.3ms
[2024-01-10T07:24:33.838+0000][gc,heap       ] GC(33) Eden regions: 46->0(57)
[2024-01-10T07:24:33.838+0000][gc,heap       ] GC(33) Survivor regions: 5->6(7)
[2024-01-10T07:24:33.839+0000][gc,heap       ] GC(33) Old regions: 101->101
[2024-01-10T07:24:33.839+0000][gc,heap       ] GC(33) Humongous regions: 147->147
[2024-01-10T07:24:33.840+0000][gc,metaspace  ] GC(33) Metaspace: 53936K(56700K)->53936K(56700K) NonClass: 47835K(49404K)->47835K(49404K) Class: 6101K(7296K)->6101K(7296K)
[2024-01-10T07:24:33.840+0000][gc            ] GC(33) Pause Young (Normal) (G1 Evacuation Pause) 297M->252M(1024M) 11.681ms
[2024-01-10T07:24:33.840+0000][gc,cpu        ] GC(33) User=0.06s Sys=0.00s Real=0.01s
[2024-01-10T07:26:36.137+0000][gc,start      ] GC(34) Pause Young (Normal) (G1 Evacuation Pause)
[2024-01-10T07:26:36.138+0000][gc,task       ] GC(34) Using 13 workers of 13 for evacuation
[2024-01-10T07:26:36.149+0000][gc,phases     ] GC(34)   Pre Evacuate Collection Set: 0.1ms
[2024-01-10T07:26:36.149+0000][gc,phases     ] GC(34)   Evacuate Collection Set: 8.3ms
[2024-01-10T07:26:36.150+0000][gc,phases     ] GC(34)   Post Evacuate Collection Set: 1.5ms
[2024-01-10T07:26:36.151+0000][gc,phases     ] GC(34)   Other: 1.5ms
[2024-01-10T07:26:36.152+0000][gc,heap       ] GC(34) Eden regions: 57->0(67)
[2024-01-10T07:26:36.153+0000][gc,heap       ] GC(34) Survivor regions: 6->6(8)
[2024-01-10T07:26:36.154+0000][gc,heap       ] GC(34) Old regions: 101->103
[2024-01-10T07:26:36.155+0000][gc,heap       ] GC(34) Humongous regions: 147->147
[2024-01-10T07:26:36.155+0000][gc,metaspace  ] GC(34) Metaspace: 53965K(56700K)->53965K(56700K) NonClass: 47863K(49404K)->47863K(49404K) Class: 6101K(7296K)->6101K(7296K)
[2024-01-10T07:26:36.156+0000][gc            ] GC(34) Pause Young (Normal) (G1 Evacuation Pause) 309M->255M(1024M) 18.897ms
[2024-01-10T07:26:36.157+0000][gc,cpu        ] GC(34) User=0.09s Sys=0.00s Real=0.02s
[2024-01-10T07:28:48.770+0000][gc,start      ] GC(35) Pause Young (Normal) (G1 Evacuation Pause)
[2024-01-10T07:28:48.771+0000][gc,task       ] GC(35) Using 13 workers of 13 for evacuation
[2024-01-10T07:28:48.783+0000][gc,phases     ] GC(35)   Pre Evacuate Collection Set: 0.2ms
[2024-01-10T07:28:48.784+0000][gc,phases     ] GC(35)   Evacuate Collection Set: 9.7ms
[2024-01-10T07:28:48.785+0000][gc,phases     ] GC(35)   Post Evacuate Collection Set: 1.8ms
[2024-01-10T07:28:48.785+0000][gc,phases     ] GC(35)   Other: 1.5ms
[2024-01-10T07:28:48.786+0000][gc,heap       ] GC(35) Eden regions: 67->0(73)
[2024-01-10T07:28:48.786+0000][gc,heap       ] GC(35) Survivor regions: 6->7(10)
[2024-01-10T07:28:48.786+0000][gc,heap       ] GC(35) Old regions: 103->106
[2024-01-10T07:28:48.787+0000][gc,heap       ] GC(35) Humongous regions: 147->147
[2024-01-10T07:28:48.787+0000][gc,metaspace  ] GC(35) Metaspace: 54009K(56956K)->54009K(56956K) NonClass: 47908K(49660K)->47908K(49660K) Class: 6101K(7296K)->6101K(7296K)
[2024-01-10T07:28:48.787+0000][gc            ] GC(35) Pause Young (Normal) (G1 Evacuation Pause) 322M->258M(1024M) 17.075ms
[2024-01-10T07:28:48.788+0000][gc,cpu        ] GC(35) User=0.10s Sys=0.00s Real=0.01s
[2024-01-10T07:31:17.755+0000][gc,start      ] GC(36) Pause Young (Normal) (G1 Evacuation Pause)
[2024-01-10T07:31:17.756+0000][gc,task       ] GC(36) Using 13 workers of 13 for evacuation
[2024-01-10T07:31:17.767+0000][gc,phases     ] GC(36)   Pre Evacuate Collection Set: 0.1ms
[2024-01-10T07:31:17.768+0000][gc,phases     ] GC(36)   Evacuate Collection Set: 9.7ms
[2024-01-10T07:31:17.769+0000][gc,phases     ] GC(36)   Post Evacuate Collection Set: 0.8ms
[2024-01-10T07:31:17.769+0000][gc,phases     ] GC(36)   Other: 1.6ms
[2024-01-10T07:31:17.770+0000][gc,heap       ] GC(36) Eden regions: 73->0(80)
[2024-01-10T07:31:17.770+0000][gc,heap       ] GC(36) Survivor regions: 7->9(10)
[2024-01-10T07:31:17.771+0000][gc,heap       ] GC(36) Old regions: 106->108
[2024-01-10T07:31:17.771+0000][gc,heap       ] GC(36) Humongous regions: 147->147
[2024-01-10T07:31:17.771+0000][gc,metaspace  ] GC(36) Metaspace: 54022K(56956K)->54022K(56956K) NonClass: 47921K(49660K)->47921K(49660K) Class: 6101K(7296K)->6101K(7296K)
[2024-01-10T07:31:17.772+0000][gc            ] GC(36) Pause Young (Normal) (G1 Evacuation Pause) 331M->262M(1024M) 16.403ms
[2024-01-10T07:31:17.772+0000][gc,cpu        ] GC(36) User=0.09s Sys=0.03s Real=0.01s
[2024-01-10T07:33:58.848+0000][gc,start      ] GC(37) Pause Young (Normal) (G1 Evacuation Pause)
[2024-01-10T07:33:58.857+0000][gc,task       ] GC(37) Using 13 workers of 13 for evacuation
[2024-01-10T07:33:58.893+0000][gc,mmu        ] GC(37) MMU target violated: 21.0ms (20.0ms/21.0ms)
[2024-01-10T07:33:58.894+0000][gc,phases     ] GC(37)   Pre Evacuate Collection Set: 0.2ms
[2024-01-10T07:33:58.894+0000][gc,phases     ] GC(37)   Evacuate Collection Set: 30.0ms
[2024-01-10T07:33:58.894+0000][gc,phases     ] GC(37)   Post Evacuate Collection Set: 2.7ms
[2024-01-10T07:33:58.895+0000][gc,phases     ] GC(37)   Other: 16.5ms
[2024-01-10T07:33:58.896+0000][gc,heap       ] GC(37) Eden regions: 80->0(48)
[2024-01-10T07:33:58.897+0000][gc,heap       ] GC(37) Survivor regions: 9->10(12)
[2024-01-10T07:33:58.897+0000][gc,heap       ] GC(37) Old regions: 108->111
[2024-01-10T07:33:58.898+0000][gc,heap       ] GC(37) Humongous regions: 147->147
[2024-01-10T07:33:58.899+0000][gc,metaspace  ] GC(37) Metaspace: 54026K(56956K)->54026K(56956K) NonClass: 47925K(49660K)->47925K(49660K) Class: 6101K(7296K)->6101K(7296K)
[2024-01-10T07:33:58.899+0000][gc            ] GC(37) Pause Young (Normal) (G1 Evacuation Pause) 342M->267M(1024M) 52.125ms
[2024-01-10T07:33:58.900+0000][gc,cpu        ] GC(37) User=0.27s Sys=0.09s Real=0.05s
[2024-01-10T07:35:32.529+0000][gc,start      ] GC(38) Pause Young (Normal) (G1 Evacuation Pause)
[2024-01-10T07:35:32.529+0000][gc,task       ] GC(38) Using 13 workers of 13 for evacuation
[2024-01-10T07:35:32.539+0000][gc,phases     ] GC(38)   Pre Evacuate Collection Set: 0.0ms
[2024-01-10T07:35:32.540+0000][gc,phases     ] GC(38)   Evacuate Collection Set: 8.6ms
[2024-01-10T07:35:32.541+0000][gc,phases     ] GC(38)   Post Evacuate Collection Set: 0.8ms
[2024-01-10T07:35:32.541+0000][gc,phases     ] GC(38)   Other: 1.2ms
[2024-01-10T07:35:32.542+0000][gc,heap       ] GC(38) Eden regions: 48->0(69)
[2024-01-10T07:35:32.543+0000][gc,heap       ] GC(38) Survivor regions: 10->5(8)
[2024-01-10T07:35:32.543+0000][gc,heap       ] GC(38) Old regions: 111->118
[2024-01-10T07:35:32.544+0000][gc,heap       ] GC(38) Humongous regions: 147->147
[2024-01-10T07:35:32.544+0000][gc,metaspace  ] GC(38) Metaspace: 54083K(56956K)->54083K(56956K) NonClass: 47982K(49660K)->47982K(49660K) Class: 6101K(7296K)->6101K(7296K)
[2024-01-10T07:35:32.545+0000][gc            ] GC(38) Pause Young (Normal) (G1 Evacuation Pause) 315M->269M(1024M) 15.915ms
[2024-01-10T07:35:32.545+0000][gc,cpu        ] GC(38) User=0.06s Sys=0.03s Real=0.02s
[2024-01-10T07:38:03.135+0000][gc,start      ] GC(39) Pause Young (Normal) (G1 Evacuation Pause)
[2024-01-10T07:38:03.135+0000][gc,task       ] GC(39) Using 13 workers of 13 for evacuation
[2024-01-10T07:38:03.145+0000][gc,phases     ] GC(39)   Pre Evacuate Collection Set: 0.3ms
[2024-01-10T07:38:03.145+0000][gc,phases     ] GC(39)   Evacuate Collection Set: 7.0ms
[2024-01-10T07:38:03.146+0000][gc,phases     ] GC(39)   Post Evacuate Collection Set: 1.2ms
[2024-01-10T07:38:03.148+0000][gc,phases     ] GC(39)   Other: 1.4ms
[2024-01-10T07:38:03.149+0000][gc,heap       ] GC(39) Eden regions: 69->0(77)
[2024-01-10T07:38:03.149+0000][gc,heap       ] GC(39) Survivor regions: 5->8(10)
[2024-01-10T07:38:03.150+0000][gc,heap       ] GC(39) Old regions: 118->118
[2024-01-10T07:38:03.150+0000][gc,heap       ] GC(39) Humongous regions: 147->147
[2024-01-10T07:38:03.151+0000][gc,metaspace  ] GC(39) Metaspace: 54085K(56956K)->54085K(56956K) NonClass: 47983K(49660K)->47983K(49660K) Class: 6101K(7296K)->6101K(7296K)
[2024-01-10T07:38:03.152+0000][gc            ] GC(39) Pause Young (Normal) (G1 Evacuation Pause) 338M->272M(1024M) 16.876ms
[2024-01-10T07:38:03.152+0000][gc,cpu        ] GC(39) User=0.09s Sys=0.00s Real=0.02s
[2024-01-10T07:40:48.854+0000][gc,start      ] GC(40) Pause Young (Normal) (G1 Evacuation Pause)
[2024-01-10T07:40:48.855+0000][gc,task       ] GC(40) Using 13 workers of 13 for evacuation
[2024-01-10T07:40:48.882+0000][gc,mmu        ] GC(40) MMU target violated: 21.0ms (20.0ms/21.0ms)
[2024-01-10T07:40:48.883+0000][gc,phases     ] GC(40)   Pre Evacuate Collection Set: 0.3ms
[2024-01-10T07:40:48.884+0000][gc,phases     ] GC(40)   Evacuate Collection Set: 24.4ms
[2024-01-10T07:40:48.885+0000][gc,phases     ] GC(40)   Post Evacuate Collection Set: 1.8ms
[2024-01-10T07:40:48.885+0000][gc,phases     ] GC(40)   Other: 2.7ms
[2024-01-10T07:40:48.886+0000][gc,heap       ] GC(40) Eden regions: 77->0(85)
[2024-01-10T07:40:48.886+0000][gc,heap       ] GC(40) Survivor regions: 8->5(11)
[2024-01-10T07:40:48.887+0000][gc,heap       ] GC(40) Old regions: 118->123
[2024-01-10T07:40:48.887+0000][gc,heap       ] GC(40) Humongous regions: 147->147
[2024-01-10T07:40:48.888+0000][gc,metaspace  ] GC(40) Metaspace: 54230K(57084K)->54230K(57084K) NonClass: 48107K(49660K)->48107K(49660K) Class: 6122K(7424K)->6122K(7424K)
[2024-01-10T07:40:48.888+0000][gc            ] GC(40) Pause Young (Normal) (G1 Evacuation Pause) 349M->274M(1024M) 33.877ms
[2024-01-10T07:40:48.888+0000][gc,cpu        ] GC(40) User=0.27s Sys=0.00s Real=0.03s
