[2024-01-10T06:20:54.251+0000][gc,heap] Heap region size: 1M
[2024-01-10T06:20:54.270+0000][gc     ] Using G1
[2024-01-10T06:20:54.270+0000][gc,heap,coops] Heap address: 0x00000000c0000000, size: 1024 MB, Compressed Oops mode: 32-bit
[2024-01-10T06:20:56.469+0000][gc,start     ] GC(0) Pause Young (Concurrent Start) (Metadata GC Threshold)
[2024-01-10T06:20:56.474+0000][gc,task      ] GC(0) Using 13 workers of 13 for evacuation
[2024-01-10T06:20:56.544+0000][gc,mmu       ] GC(0) MMU target violated: 21.0ms (20.0ms/21.0ms)
[2024-01-10T06:20:56.545+0000][gc,phases    ] GC(0)   Pre Evacuate Collection Set: 0.1ms
[2024-01-10T06:20:56.546+0000][gc,phases    ] GC(0)   Evacuate Collection Set: 66.7ms
[2024-01-10T06:20:56.546+0000][gc,phases    ] GC(0)   Post Evacuate Collection Set: 1.4ms
[2024-01-10T06:20:56.547+0000][gc,phases    ] GC(0)   Other: 7.7ms
[2024-01-10T06:20:56.547+0000][gc,heap      ] GC(0) Eden regions: 43->0(44)
[2024-01-10T06:20:56.548+0000][gc,heap      ] GC(0) Survivor regions: 0->7(7)
[2024-01-10T06:20:56.548+0000][gc,heap      ] GC(0) Old regions: 0->0
[2024-01-10T06:20:56.549+0000][gc,heap      ] GC(0) Humongous regions: 0->0
[2024-01-10T06:20:56.549+0000][gc,metaspace ] GC(0) Metaspace: 20681K(21248K)->20681K(21248K) NonClass: 18506K(18944K)->18506K(18944K) Class: 2175K(2304K)->2175K(2304K)
[2024-01-10T06:20:56.550+0000][gc           ] GC(0) Pause Young (Concurrent Start) (Metadata GC Threshold) 42M->6M(1024M) 80.452ms
[2024-01-10T06:20:56.552+0000][gc,cpu       ] GC(0) User=0.24s Sys=0.11s Real=0.08s
[2024-01-10T06:20:56.557+0000][gc           ] GC(1) Concurrent Cycle
[2024-01-10T06:20:56.561+0000][gc,marking   ] GC(1) Concurrent Clear Claimed Marks
[2024-01-10T06:20:56.561+0000][gc,marking   ] GC(1) Concurrent Clear Claimed Marks 1.737ms
[2024-01-10T06:20:56.565+0000][gc,marking   ] GC(1) Concurrent Scan Root Regions
[2024-01-10T06:20:56.576+0000][gc,marking   ] GC(1) Concurrent Scan Root Regions 11.170ms
[2024-01-10T06:20:56.577+0000][gc,marking   ] GC(1) Concurrent Mark (2.449s)
[2024-01-10T06:20:56.578+0000][gc,marking   ] GC(1) Concurrent Mark From Roots
[2024-01-10T06:20:56.579+0000][gc,task      ] GC(1) Using 3 workers of 3 for marking
[2024-01-10T06:20:56.594+0000][gc,marking   ] GC(1) Concurrent Mark From Roots 16.144ms
[2024-01-10T06:20:56.595+0000][gc,marking   ] GC(1) Concurrent Preclean
[2024-01-10T06:20:56.596+0000][gc,marking   ] GC(1) Concurrent Preclean 0.607ms
[2024-01-10T06:20:56.598+0000][gc,marking   ] GC(1) Concurrent Mark (2.449s, 2.470s) 20.999ms
[2024-01-10T06:20:56.599+0000][gc,start     ] GC(1) Pause Remark
[2024-01-10T06:20:56.626+0000][gc,stringtable] GC(1) Cleaned string and symbol table, strings: 7842 processed, 0 removed, symbols: 65839 processed, 23 removed
[2024-01-10T06:20:56.626+0000][gc,mmu        ] GC(1) MMU target violated: 21.0ms (20.0ms/21.0ms)
[2024-01-10T06:20:56.627+0000][gc            ] GC(1) Pause Remark 7M->7M(1024M) 27.852ms
[2024-01-10T06:20:56.627+0000][gc,cpu        ] GC(1) User=0.06s Sys=0.00s Real=0.03s
[2024-01-10T06:20:56.629+0000][gc,marking    ] GC(1) Concurrent Rebuild Remembered Sets
[2024-01-10T06:20:56.633+0000][gc,marking    ] GC(1) Concurrent Rebuild Remembered Sets 4.349ms
[2024-01-10T06:20:56.637+0000][gc,start      ] GC(1) Pause Cleanup
[2024-01-10T06:20:56.639+0000][gc            ] GC(1) Pause Cleanup 7M->7M(1024M) 1.709ms
[2024-01-10T06:20:56.639+0000][gc,cpu        ] GC(1) User=0.00s Sys=0.00s Real=0.00s
[2024-01-10T06:20:56.640+0000][gc,marking    ] GC(1) Concurrent Cleanup for Next Mark
[2024-01-10T06:20:56.646+0000][gc,marking    ] GC(1) Concurrent Cleanup for Next Mark 6.077ms
[2024-01-10T06:20:56.647+0000][gc            ] GC(1) Concurrent Cycle 89.806ms
[2024-01-10T06:20:58.396+0000][gc,start      ] GC(2) Pause Young (Normal) (G1 Evacuation Pause)
[2024-01-10T06:20:58.397+0000][gc,task       ] GC(2) Using 13 workers of 13 for evacuation
[2024-01-10T06:20:58.446+0000][gc,mmu        ] GC(2) MMU target violated: 21.0ms (20.0ms/21.0ms)
[2024-01-10T06:20:58.447+0000][gc,phases     ] GC(2)   Pre Evacuate Collection Set: 0.0ms
[2024-01-10T06:20:58.447+0000][gc,phases     ] GC(2)   Evacuate Collection Set: 47.6ms
[2024-01-10T06:20:58.448+0000][gc,phases     ] GC(2)   Post Evacuate Collection Set: 1.2ms
[2024-01-10T06:20:58.448+0000][gc,phases     ] GC(2)   Other: 1.8ms
[2024-01-10T06:20:58.448+0000][gc,heap       ] GC(2) Eden regions: 44->0(48)
[2024-01-10T06:20:58.449+0000][gc,heap       ] GC(2) Survivor regions: 7->3(7)
[2024-01-10T06:20:58.449+0000][gc,heap       ] GC(2) Old regions: 0->7
[2024-01-10T06:20:58.450+0000][gc,heap       ] GC(2) Humongous regions: 0->0
[2024-01-10T06:20:58.450+0000][gc,metaspace  ] GC(2) Metaspace: 29905K(30972K)->29905K(30972K) NonClass: 26703K(27388K)->26703K(27388K) Class: 3202K(3584K)->3202K(3584K)
[2024-01-10T06:20:58.451+0000][gc            ] GC(2) Pause Young (Normal) (G1 Evacuation Pause) 50M->9M(1024M) 54.909ms
[2024-01-10T06:20:58.452+0000][gc,cpu        ] GC(2) User=0.17s Sys=0.04s Real=0.05s
[2024-01-10T06:20:59.961+0000][gc,start      ] GC(3) Pause Young (Concurrent Start) (Metadata GC Threshold)
[2024-01-10T06:20:59.963+0000][gc,task       ] GC(3) Using 13 workers of 13 for evacuation
[2024-01-10T06:20:59.978+0000][gc,phases     ] GC(3)   Pre Evacuate Collection Set: 0.5ms
[2024-01-10T06:20:59.979+0000][gc,phases     ] GC(3)   Evacuate Collection Set: 12.4ms
[2024-01-10T06:20:59.979+0000][gc,phases     ] GC(3)   Post Evacuate Collection Set: 1.0ms
[2024-01-10T06:20:59.980+0000][gc,phases     ] GC(3)   Other: 3.5ms
[2024-01-10T06:20:59.980+0000][gc,heap       ] GC(3) Eden regions: 24->0(47)
[2024-01-10T06:20:59.981+0000][gc,heap       ] GC(3) Survivor regions: 3->4(7)
[2024-01-10T06:20:59.981+0000][gc,heap       ] GC(3) Old regions: 7->7
[2024-01-10T06:20:59.982+0000][gc,heap       ] GC(3) Humongous regions: 0->0
[2024-01-10T06:20:59.982+0000][gc,metaspace  ] GC(3) Metaspace: 34967K(35964K)->34967K(35964K) NonClass: 31212K(31740K)->31212K(31740K) Class: 3754K(4224K)->3754K(4224K)
[2024-01-10T06:20:59.983+0000][gc            ] GC(3) Pause Young (Concurrent Start) (Metadata GC Threshold) 33M->10M(1024M) 21.805ms
[2024-01-10T06:20:59.983+0000][gc,cpu        ] GC(3) User=0.05s Sys=0.00s Real=0.03s
[2024-01-10T06:20:59.985+0000][gc            ] GC(4) Concurrent Cycle
[2024-01-10T06:20:59.986+0000][gc,marking    ] GC(4) Concurrent Clear Claimed Marks
[2024-01-10T06:20:59.986+0000][gc,marking    ] GC(4) Concurrent Clear Claimed Marks 0.757ms
[2024-01-10T06:20:59.987+0000][gc,marking    ] GC(4) Concurrent Scan Root Regions
[2024-01-10T06:20:59.992+0000][gc,marking    ] GC(4) Concurrent Scan Root Regions 4.447ms
[2024-01-10T06:20:59.992+0000][gc,marking    ] GC(4) Concurrent Mark (5.864s)
[2024-01-10T06:20:59.993+0000][gc,marking    ] GC(4) Concurrent Mark From Roots
[2024-01-10T06:20:59.994+0000][gc,task       ] GC(4) Using 3 workers of 3 for marking
[2024-01-10T06:20:59.998+0000][gc,marking    ] GC(4) Concurrent Mark From Roots 5.467ms
[2024-01-10T06:20:59.999+0000][gc,marking    ] GC(4) Concurrent Preclean
[2024-01-10T06:21:00.007+0000][gc,marking    ] GC(4) Concurrent Preclean 7.793ms
[2024-01-10T06:21:00.009+0000][gc,marking    ] GC(4) Concurrent Mark (5.864s, 5.881s) 16.863ms
[2024-01-10T06:21:00.011+0000][gc,start      ] GC(4) Pause Remark
[2024-01-10T06:21:00.019+0000][gc,stringtable] GC(4) Cleaned string and symbol table, strings: 11934 processed, 10 removed, symbols: 98393 processed, 24 removed
[2024-01-10T06:21:00.023+0000][gc            ] GC(4) Pause Remark 11M->11M(1024M) 11.801ms
[2024-01-10T06:21:00.025+0000][gc,cpu        ] GC(4) User=0.04s Sys=0.00s Real=0.02s
[2024-01-10T06:21:00.026+0000][gc,marking    ] GC(4) Concurrent Rebuild Remembered Sets
[2024-01-10T06:21:00.031+0000][gc,marking    ] GC(4) Concurrent Rebuild Remembered Sets 4.718ms
[2024-01-10T06:21:00.034+0000][gc,start      ] GC(4) Pause Cleanup
[2024-01-10T06:21:00.036+0000][gc            ] GC(4) Pause Cleanup 11M->11M(1024M) 1.719ms
[2024-01-10T06:21:00.036+0000][gc,cpu        ] GC(4) User=0.00s Sys=0.00s Real=0.00s
[2024-01-10T06:21:00.037+0000][gc,marking    ] GC(4) Concurrent Cleanup for Next Mark
[2024-01-10T06:21:00.242+0000][gc,marking    ] GC(4) Concurrent Cleanup for Next Mark 204.772ms
[2024-01-10T06:21:00.246+0000][gc            ] GC(4) Concurrent Cycle 261.781ms
[2024-01-10T06:21:03.401+0000][gc,start      ] GC(5) Pause Young (Normal) (G1 Evacuation Pause)
[2024-01-10T06:21:03.406+0000][gc,task       ] GC(5) Using 13 workers of 13 for evacuation
[2024-01-10T06:21:03.509+0000][gc,mmu        ] GC(5) MMU target violated: 21.0ms (20.0ms/21.0ms)
[2024-01-10T06:21:03.509+0000][gc,phases     ] GC(5)   Pre Evacuate Collection Set: 0.1ms
[2024-01-10T06:21:03.510+0000][gc,phases     ] GC(5)   Evacuate Collection Set: 100.6ms
[2024-01-10T06:21:03.510+0000][gc,phases     ] GC(5)   Post Evacuate Collection Set: 1.3ms
[2024-01-10T06:21:03.511+0000][gc,phases     ] GC(5)   Other: 6.8ms
[2024-01-10T06:21:03.511+0000][gc,heap       ] GC(5) Eden regions: 47->0(44)
[2024-01-10T06:21:03.512+0000][gc,heap       ] GC(5) Survivor regions: 4->7(7)
[2024-01-10T06:21:03.512+0000][gc,heap       ] GC(5) Old regions: 7->7
[2024-01-10T06:21:03.513+0000][gc,heap       ] GC(5) Humongous regions: 0->0
[2024-01-10T06:21:03.513+0000][gc,metaspace  ] GC(5) Metaspace: 43167K(44668K)->43167K(44668K) NonClass: 38525K(39420K)->38525K(39420K) Class: 4641K(5248K)->4641K(5248K)
[2024-01-10T06:21:03.514+0000][gc            ] GC(5) Pause Young (Normal) (G1 Evacuation Pause) 57M->13M(1024M) 113.142ms
[2024-01-10T06:21:03.514+0000][gc,cpu        ] GC(5) User=0.43s Sys=0.10s Real=0.12s
[2024-01-10T06:21:33.969+0000][gc,start      ] GC(6) Pause Young (Normal) (G1 Evacuation Pause)
[2024-01-10T06:21:33.970+0000][gc,task       ] GC(6) Using 13 workers of 13 for evacuation
[2024-01-10T06:21:34.034+0000][gc,mmu        ] GC(6) MMU target violated: 21.0ms (20.0ms/21.0ms)
[2024-01-10T06:21:34.035+0000][gc,phases     ] GC(6)   Pre Evacuate Collection Set: 33.1ms
[2024-01-10T06:21:34.036+0000][gc,phases     ] GC(6)   Evacuate Collection Set: 25.9ms
[2024-01-10T06:21:34.036+0000][gc,phases     ] GC(6)   Post Evacuate Collection Set: 3.0ms
[2024-01-10T06:21:34.037+0000][gc,phases     ] GC(6)   Other: 5.0ms
[2024-01-10T06:21:34.037+0000][gc,heap       ] GC(6) Eden regions: 44->0(44)
[2024-01-10T06:21:34.038+0000][gc,heap       ] GC(6) Survivor regions: 7->7(7)
[2024-01-10T06:21:34.039+0000][gc,heap       ] GC(6) Old regions: 7->10
[2024-01-10T06:21:34.040+0000][gc,heap       ] GC(6) Humongous regions: 129->129
[2024-01-10T06:21:34.041+0000][gc,metaspace  ] GC(6) Metaspace: 48484K(50684K)->48484K(50684K) NonClass: 42860K(44028K)->42860K(44028K) Class: 5623K(6656K)->5623K(6656K)
[2024-01-10T06:21:34.041+0000][gc            ] GC(6) Pause Young (Normal) (G1 Evacuation Pause) 186M->145M(1024M) 72.338ms
[2024-01-10T06:21:34.042+0000][gc,cpu        ] GC(6) User=0.29s Sys=0.03s Real=0.08s
[2024-01-10T06:22:51.233+0000][gc,start      ] GC(7) Pause Young (Normal) (G1 Evacuation Pause)
[2024-01-10T06:22:51.234+0000][gc,task       ] GC(7) Using 13 workers of 13 for evacuation
[2024-01-10T06:22:51.243+0000][gc,phases     ] GC(7)   Pre Evacuate Collection Set: 0.4ms
[2024-01-10T06:22:51.243+0000][gc,phases     ] GC(7)   Evacuate Collection Set: 6.6ms
[2024-01-10T06:22:51.244+0000][gc,phases     ] GC(7)   Post Evacuate Collection Set: 1.5ms
[2024-01-10T06:22:51.244+0000][gc,phases     ] GC(7)   Other: 1.3ms
[2024-01-10T06:22:51.244+0000][gc,heap       ] GC(7) Eden regions: 44->0(44)
[2024-01-10T06:22:51.245+0000][gc,heap       ] GC(7) Survivor regions: 7->7(7)
[2024-01-10T06:22:51.245+0000][gc,heap       ] GC(7) Old regions: 10->14
[2024-01-10T06:22:51.246+0000][gc,heap       ] GC(7) Humongous regions: 129->129
[2024-01-10T06:22:51.247+0000][gc,metaspace  ] GC(7) Metaspace: 50356K(52860K)->50356K(52860K) NonClass: 44657K(46076K)->44657K(46076K) Class: 5699K(6784K)->5699K(6784K)
[2024-01-10T06:22:51.247+0000][gc            ] GC(7) Pause Young (Normal) (G1 Evacuation Pause) 189M->148M(1024M) 14.258ms
[2024-01-10T06:22:51.248+0000][gc,cpu        ] GC(7) User=0.08s Sys=0.01s Real=0.01s
[2024-01-10T06:24:24.848+0000][gc,start      ] GC(8) Pause Young (Normal) (G1 Evacuation Pause)
[2024-01-10T06:24:24.849+0000][gc,task       ] GC(8) Using 13 workers of 13 for evacuation
[2024-01-10T06:24:24.856+0000][gc,phases     ] GC(8)   Pre Evacuate Collection Set: 0.1ms
[2024-01-10T06:24:24.857+0000][gc,phases     ] GC(8)   Evacuate Collection Set: 5.6ms
[2024-01-10T06:24:24.858+0000][gc,phases     ] GC(8)   Post Evacuate Collection Set: 0.9ms
[2024-01-10T06:24:24.858+0000][gc,phases     ] GC(8)   Other: 3.3ms
[2024-01-10T06:24:24.859+0000][gc,heap       ] GC(8) Eden regions: 44->0(47)
[2024-01-10T06:24:24.859+0000][gc,heap       ] GC(8) Survivor regions: 7->4(7)
[2024-01-10T06:24:24.860+0000][gc,heap       ] GC(8) Old regions: 14->17
[2024-01-10T06:24:24.861+0000][gc,heap       ] GC(8) Humongous regions: 129->129
[2024-01-10T06:24:24.861+0000][gc,metaspace  ] GC(8) Metaspace: 50820K(53116K)->50820K(53116K) NonClass: 45113K(46332K)->45113K(46332K) Class: 5706K(6784K)->5706K(6784K)
[2024-01-10T06:24:24.861+0000][gc            ] GC(8) Pause Young (Normal) (G1 Evacuation Pause) 192M->148M(1024M) 13.335ms
[2024-01-10T06:24:24.862+0000][gc,cpu        ] GC(8) User=0.05s Sys=0.03s Real=0.02s
[2024-01-10T06:26:12.468+0000][gc,start      ] GC(9) Pause Young (Normal) (G1 Evacuation Pause)
[2024-01-10T06:26:12.468+0000][gc,task       ] GC(9) Using 13 workers of 13 for evacuation
[2024-01-10T06:26:12.472+0000][gc,phases     ] GC(9)   Pre Evacuate Collection Set: 0.3ms
[2024-01-10T06:26:12.473+0000][gc,phases     ] GC(9)   Evacuate Collection Set: 2.4ms
[2024-01-10T06:26:12.473+0000][gc,phases     ] GC(9)   Post Evacuate Collection Set: 0.6ms
[2024-01-10T06:26:12.474+0000][gc,phases     ] GC(9)   Other: 1.3ms
[2024-01-10T06:26:12.475+0000][gc,heap       ] GC(9) Eden regions: 47->0(47)
[2024-01-10T06:26:12.475+0000][gc,heap       ] GC(9) Survivor regions: 4->4(7)
[2024-01-10T06:26:12.476+0000][gc,heap       ] GC(9) Old regions: 17->17
[2024-01-10T06:26:12.476+0000][gc,heap       ] GC(9) Humongous regions: 129->129
[2024-01-10T06:26:12.476+0000][gc,metaspace  ] GC(9) Metaspace: 50870K(53372K)->50870K(53372K) NonClass: 45163K(46588K)->45163K(46588K) Class: 5706K(6784K)->5706K(6784K)
[2024-01-10T06:26:12.477+0000][gc            ] GC(9) Pause Young (Normal) (G1 Evacuation Pause) 195M->148M(1024M) 9.439ms
[2024-01-10T06:26:12.478+0000][gc,cpu        ] GC(9) User=0.02s Sys=0.01s Real=0.01s
[2024-01-10T06:28:00.222+0000][gc,start      ] GC(10) Pause Young (Normal) (G1 Evacuation Pause)
[2024-01-10T06:28:00.223+0000][gc,task       ] GC(10) Using 13 workers of 13 for evacuation
[2024-01-10T06:28:00.228+0000][gc,phases     ] GC(10)   Pre Evacuate Collection Set: 0.3ms
[2024-01-10T06:28:00.228+0000][gc,phases     ] GC(10)   Evacuate Collection Set: 2.5ms
[2024-01-10T06:28:00.228+0000][gc,phases     ] GC(10)   Post Evacuate Collection Set: 1.2ms
[2024-01-10T06:28:00.229+0000][gc,phases     ] GC(10)   Other: 1.5ms
[2024-01-10T06:28:00.229+0000][gc,heap       ] GC(10) Eden regions: 47->0(48)
[2024-01-10T06:28:00.230+0000][gc,heap       ] GC(10) Survivor regions: 4->3(7)
[2024-01-10T06:28:00.230+0000][gc,heap       ] GC(10) Old regions: 17->17
[2024-01-10T06:28:00.231+0000][gc,heap       ] GC(10) Humongous regions: 129->129
[2024-01-10T06:28:00.231+0000][gc,metaspace  ] GC(10) Metaspace: 50909K(53372K)->50909K(53372K) NonClass: 45202K(46588K)->45202K(46588K) Class: 5706K(6784K)->5706K(6784K)
[2024-01-10T06:28:00.232+0000][gc            ] GC(10) Pause Young (Normal) (G1 Evacuation Pause) 195M->148M(1024M) 9.401ms
[2024-01-10T06:28:00.232+0000][gc,cpu        ] GC(10) User=0.03s Sys=0.00s Real=0.01s
[2024-01-10T06:29:52.498+0000][gc,start      ] GC(11) Pause Young (Normal) (G1 Evacuation Pause)
[2024-01-10T06:29:52.498+0000][gc,task       ] GC(11) Using 13 workers of 13 for evacuation
[2024-01-10T06:29:52.503+0000][gc,phases     ] GC(11)   Pre Evacuate Collection Set: 0.3ms
[2024-01-10T06:29:52.504+0000][gc,phases     ] GC(11)   Evacuate Collection Set: 2.4ms
[2024-01-10T06:29:52.504+0000][gc,phases     ] GC(11)   Post Evacuate Collection Set: 0.6ms
[2024-01-10T06:29:52.504+0000][gc,phases     ] GC(11)   Other: 2.1ms
[2024-01-10T06:29:52.505+0000][gc,heap       ] GC(11) Eden regions: 48->0(47)
[2024-01-10T06:29:52.505+0000][gc,heap       ] GC(11) Survivor regions: 3->6(7)
[2024-01-10T06:29:52.506+0000][gc,heap       ] GC(11) Old regions: 17->17
[2024-01-10T06:29:52.506+0000][gc,heap       ] GC(11) Humongous regions: 129->129
[2024-01-10T06:29:52.507+0000][gc,metaspace  ] GC(11) Metaspace: 50952K(53372K)->50952K(53372K) NonClass: 45245K(46588K)->45245K(46588K) Class: 5706K(6784K)->5706K(6784K)
[2024-01-10T06:29:52.507+0000][gc            ] GC(11) Pause Young (Normal) (G1 Evacuation Pause) 196M->150M(1024M) 9.922ms
[2024-01-10T06:29:52.508+0000][gc,cpu        ] GC(11) User=0.02s Sys=0.02s Real=0.01s
[2024-01-10T06:31:20.037+0000][gc,start      ] GC(12) Pause Young (Normal) (G1 Evacuation Pause)
[2024-01-10T06:31:20.037+0000][gc,task       ] GC(12) Using 13 workers of 13 for evacuation
[2024-01-10T06:31:20.055+0000][gc,phases     ] GC(12)   Pre Evacuate Collection Set: 0.3ms
[2024-01-10T06:31:20.056+0000][gc,phases     ] GC(12)   Evacuate Collection Set: 15.1ms
[2024-01-10T06:31:20.056+0000][gc,phases     ] GC(12)   Post Evacuate Collection Set: 1.6ms
[2024-01-10T06:31:20.057+0000][gc,phases     ] GC(12)   Other: 2.3ms
[2024-01-10T06:31:20.057+0000][gc,heap       ] GC(12) Eden regions: 47->0(53)
[2024-01-10T06:31:20.058+0000][gc,heap       ] GC(12) Survivor regions: 6->4(7)
[2024-01-10T06:31:20.059+0000][gc,heap       ] GC(12) Old regions: 17->19
[2024-01-10T06:31:20.059+0000][gc,heap       ] GC(12) Humongous regions: 129->129
[2024-01-10T06:31:20.060+0000][gc,metaspace  ] GC(12) Metaspace: 52104K(54780K)->52104K(54780K) NonClass: 46162K(47612K)->46162K(47612K) Class: 5941K(7168K)->5941K(7168K)
[2024-01-10T06:31:20.060+0000][gc            ] GC(12) Pause Young (Normal) (G1 Evacuation Pause) 197M->150M(1024M) 23.764ms
[2024-01-10T06:31:20.061+0000][gc,cpu        ] GC(12) User=0.18s Sys=0.01s Real=0.03s
[2024-01-10T06:33:15.503+0000][gc,start      ] GC(13) Pause Young (Normal) (G1 Evacuation Pause)
[2024-01-10T06:33:15.504+0000][gc,task       ] GC(13) Using 13 workers of 13 for evacuation
[2024-01-10T06:33:15.513+0000][gc,phases     ] GC(13)   Pre Evacuate Collection Set: 0.3ms
[2024-01-10T06:33:15.513+0000][gc,phases     ] GC(13)   Evacuate Collection Set: 7.4ms
[2024-01-10T06:33:15.514+0000][gc,phases     ] GC(13)   Post Evacuate Collection Set: 1.0ms
[2024-01-10T06:33:15.515+0000][gc,phases     ] GC(13)   Other: 0.9ms
[2024-01-10T06:33:15.515+0000][gc,heap       ] GC(13) Eden regions: 53->0(66)
[2024-01-10T06:33:15.516+0000][gc,heap       ] GC(13) Survivor regions: 4->5(8)
[2024-01-10T06:33:15.516+0000][gc,heap       ] GC(13) Old regions: 19->19
[2024-01-10T06:33:15.516+0000][gc,heap       ] GC(13) Humongous regions: 129->129
[2024-01-10T06:33:15.517+0000][gc,metaspace  ] GC(13) Metaspace: 52307K(55036K)->52307K(55036K) NonClass: 46333K(47868K)->46333K(47868K) Class: 5973K(7168K)->5973K(7168K)
[2024-01-10T06:33:15.517+0000][gc            ] GC(13) Pause Young (Normal) (G1 Evacuation Pause) 203M->151M(1024M) 13.873ms
[2024-01-10T06:33:15.518+0000][gc,cpu        ] GC(13) User=0.09s Sys=0.01s Real=0.02s
[2024-01-10T06:35:42.816+0000][gc,start      ] GC(14) Pause Young (Normal) (G1 Evacuation Pause)
[2024-01-10T06:35:42.817+0000][gc,task       ] GC(14) Using 13 workers of 13 for evacuation
[2024-01-10T06:35:42.826+0000][gc,phases     ] GC(14)   Pre Evacuate Collection Set: 0.1ms
[2024-01-10T06:35:42.826+0000][gc,phases     ] GC(14)   Evacuate Collection Set: 6.1ms
[2024-01-10T06:35:42.827+0000][gc,phases     ] GC(14)   Post Evacuate Collection Set: 1.8ms
[2024-01-10T06:35:42.827+0000][gc,phases     ] GC(14)   Other: 1.4ms
[2024-01-10T06:35:42.828+0000][gc,heap       ] GC(14) Eden regions: 65->0(69)
[2024-01-10T06:35:42.828+0000][gc,heap       ] GC(14) Survivor regions: 5->8(9)
[2024-01-10T06:35:42.828+0000][gc,heap       ] GC(14) Old regions: 19->19
[2024-01-10T06:35:42.829+0000][gc,heap       ] GC(14) Humongous regions: 129->129
[2024-01-10T06:35:42.829+0000][gc,metaspace  ] GC(14) Metaspace: 52334K(55036K)->52334K(55036K) NonClass: 46360K(47868K)->46360K(47868K) Class: 5973K(7168K)->5973K(7168K)
[2024-01-10T06:35:42.830+0000][gc            ] GC(14) Pause Young (Normal) (G1 Evacuation Pause) 216M->154M(1024M) 13.585ms
[2024-01-10T06:35:42.830+0000][gc,cpu        ] GC(14) User=0.05s Sys=0.03s Real=0.01s
[2024-01-10T06:38:22.186+0000][gc,start      ] GC(15) Pause Young (Normal) (G1 Evacuation Pause)
[2024-01-10T06:38:22.186+0000][gc,task       ] GC(15) Using 13 workers of 13 for evacuation
[2024-01-10T06:38:22.198+0000][gc,phases     ] GC(15)   Pre Evacuate Collection Set: 0.3ms
[2024-01-10T06:38:22.198+0000][gc,phases     ] GC(15)   Evacuate Collection Set: 10.1ms
[2024-01-10T06:38:22.199+0000][gc,phases     ] GC(15)   Post Evacuate Collection Set: 0.8ms
[2024-01-10T06:38:22.199+0000][gc,phases     ] GC(15)   Other: 1.1ms
[2024-01-10T06:38:22.200+0000][gc,heap       ] GC(15) Eden regions: 69->0(110)
[2024-01-10T06:38:22.200+0000][gc,heap       ] GC(15) Survivor regions: 8->5(10)
[2024-01-10T06:38:22.200+0000][gc,heap       ] GC(15) Old regions: 19->21
[2024-01-10T06:38:22.200+0000][gc,heap       ] GC(15) Humongous regions: 129->129
[2024-01-10T06:38:22.201+0000][gc,metaspace  ] GC(15) Metaspace: 52368K(55036K)->52368K(55036K) NonClass: 46394K(47868K)->46394K(47868K) Class: 5973K(7168K)->5973K(7168K)
[2024-01-10T06:38:22.201+0000][gc            ] GC(15) Pause Young (Normal) (G1 Evacuation Pause) 223M->154M(1024M) 15.598ms
[2024-01-10T06:38:22.202+0000][gc,cpu        ] GC(15) User=0.11s Sys=0.01s Real=0.01s
[2024-01-10T06:42:39.241+0000][gc,start      ] GC(16) Pause Young (Normal) (G1 Evacuation Pause)
[2024-01-10T06:42:39.242+0000][gc,task       ] GC(16) Using 13 workers of 13 for evacuation
[2024-01-10T06:42:39.282+0000][gc,mmu        ] GC(16) MMU target violated: 21.0ms (20.0ms/21.0ms)
[2024-01-10T06:42:39.282+0000][gc,phases     ] GC(16)   Pre Evacuate Collection Set: 0.3ms
[2024-01-10T06:42:39.282+0000][gc,phases     ] GC(16)   Evacuate Collection Set: 38.2ms
[2024-01-10T06:42:39.283+0000][gc,phases     ] GC(16)   Post Evacuate Collection Set: 0.8ms
[2024-01-10T06:42:39.283+0000][gc,phases     ] GC(16)   Other: 1.6ms
[2024-01-10T06:42:39.283+0000][gc,heap       ] GC(16) Eden regions: 110->0(43)
[2024-01-10T06:42:39.283+0000][gc,heap       ] GC(16) Survivor regions: 5->8(15)
[2024-01-10T06:42:39.284+0000][gc,heap       ] GC(16) Old regions: 21->21
[2024-01-10T06:42:39.284+0000][gc,heap       ] GC(16) Humongous regions: 129->129
[2024-01-10T06:42:39.284+0000][gc,metaspace  ] GC(16) Metaspace: 52493K(55292K)->52493K(55292K) NonClass: 46498K(48124K)->46498K(48124K) Class: 5995K(7168K)->5995K(7168K)
[2024-01-10T06:42:39.284+0000][gc            ] GC(16) Pause Young (Normal) (G1 Evacuation Pause) 264M->157M(1024M) 42.947ms
[2024-01-10T06:42:39.285+0000][gc,cpu        ] GC(16) User=0.05s Sys=0.45s Real=0.04s
[2024-01-10T06:44:15.219+0000][gc,start      ] GC(17) Pause Young (Normal) (G1 Evacuation Pause)
[2024-01-10T06:44:15.220+0000][gc,task       ] GC(17) Using 13 workers of 13 for evacuation
[2024-01-10T06:44:15.229+0000][gc,phases     ] GC(17)   Pre Evacuate Collection Set: 0.2ms
[2024-01-10T06:44:15.229+0000][gc,phases     ] GC(17)   Evacuate Collection Set: 7.7ms
[2024-01-10T06:44:15.230+0000][gc,phases     ] GC(17)   Post Evacuate Collection Set: 1.0ms
[2024-01-10T06:44:15.230+0000][gc,phases     ] GC(17)   Other: 0.9ms
[2024-01-10T06:44:15.230+0000][gc,heap       ] GC(17) Eden regions: 43->0(46)
[2024-01-10T06:44:15.231+0000][gc,heap       ] GC(17) Survivor regions: 8->5(7)
[2024-01-10T06:44:15.231+0000][gc,heap       ] GC(17) Old regions: 21->29
[2024-01-10T06:44:15.231+0000][gc,heap       ] GC(17) Humongous regions: 129->129
[2024-01-10T06:44:15.232+0000][gc,metaspace  ] GC(17) Metaspace: 52512K(55292K)->52512K(55292K) NonClass: 46517K(48124K)->46517K(48124K) Class: 5995K(7168K)->5995K(7168K)
[2024-01-10T06:44:15.232+0000][gc            ] GC(17) Pause Young (Normal) (G1 Evacuation Pause) 200M->161M(1024M) 13.137ms
[2024-01-10T06:44:15.233+0000][gc,cpu        ] GC(17) User=0.05s Sys=0.04s Real=0.01s
[2024-01-10T06:46:02.408+0000][gc,start      ] GC(18) Pause Young (Normal) (G1 Evacuation Pause)
[2024-01-10T06:46:02.408+0000][gc,task       ] GC(18) Using 13 workers of 13 for evacuation
[2024-01-10T06:46:02.417+0000][gc,phases     ] GC(18)   Pre Evacuate Collection Set: 0.6ms
[2024-01-10T06:46:02.418+0000][gc,phases     ] GC(18)   Evacuate Collection Set: 6.0ms
[2024-01-10T06:46:02.418+0000][gc,phases     ] GC(18)   Post Evacuate Collection Set: 1.4ms
[2024-01-10T06:46:02.419+0000][gc,phases     ] GC(18)   Other: 1.6ms
[2024-01-10T06:46:02.419+0000][gc,heap       ] GC(18) Eden regions: 46->0(54)
[2024-01-10T06:46:02.419+0000][gc,heap       ] GC(18) Survivor regions: 5->5(7)
[2024-01-10T06:46:02.420+0000][gc,heap       ] GC(18) Old regions: 29->31
[2024-01-10T06:46:02.420+0000][gc,heap       ] GC(18) Humongous regions: 129->129
[2024-01-10T06:46:02.420+0000][gc,metaspace  ] GC(18) Metaspace: 52523K(55292K)->52523K(55292K) NonClass: 46528K(48124K)->46528K(48124K) Class: 5995K(7168K)->5995K(7168K)
[2024-01-10T06:46:02.421+0000][gc            ] GC(18) Pause Young (Normal) (G1 Evacuation Pause) 207M->163M(1024M) 13.148ms
[2024-01-10T06:46:02.421+0000][gc,cpu        ] GC(18) User=0.05s Sys=0.03s Real=0.02s
[2024-01-10T06:48:06.445+0000][gc,start      ] GC(19) Pause Young (Normal) (G1 Evacuation Pause)
[2024-01-10T06:48:06.445+0000][gc,task       ] GC(19) Using 13 workers of 13 for evacuation
[2024-01-10T06:48:06.449+0000][gc,phases     ] GC(19)   Pre Evacuate Collection Set: 0.1ms
[2024-01-10T06:48:06.450+0000][gc,phases     ] GC(19)   Evacuate Collection Set: 2.6ms
[2024-01-10T06:48:06.450+0000][gc,phases     ] GC(19)   Post Evacuate Collection Set: 0.6ms
[2024-01-10T06:48:06.451+0000][gc,phases     ] GC(19)   Other: 1.4ms
[2024-01-10T06:48:06.451+0000][gc,heap       ] GC(19) Eden regions: 54->0(68)
[2024-01-10T06:48:06.451+0000][gc,heap       ] GC(19) Survivor regions: 5->6(8)
[2024-01-10T06:48:06.452+0000][gc,heap       ] GC(19) Old regions: 31->31
[2024-01-10T06:48:06.453+0000][gc,heap       ] GC(19) Humongous regions: 129->129
[2024-01-10T06:48:06.453+0000][gc,metaspace  ] GC(19) Metaspace: 52528K(55292K)->52528K(55292K) NonClass: 46533K(48124K)->46533K(48124K) Class: 5995K(7168K)->5995K(7168K)
[2024-01-10T06:48:06.454+0000][gc            ] GC(19) Pause Young (Normal) (G1 Evacuation Pause) 217M->165M(1024M) 9.401ms
[2024-01-10T06:48:06.454+0000][gc,cpu        ] GC(19) User=0.03s Sys=0.00s Real=0.01s
[2024-01-10T06:50:41.490+0000][gc,start      ] GC(20) Pause Young (Normal) (G1 Evacuation Pause)
[2024-01-10T06:50:41.491+0000][gc,task       ] GC(20) Using 13 workers of 13 for evacuation
[2024-01-10T06:50:41.499+0000][gc,phases     ] GC(20)   Pre Evacuate Collection Set: 0.3ms
[2024-01-10T06:50:41.500+0000][gc,phases     ] GC(20)   Evacuate Collection Set: 6.3ms
[2024-01-10T06:50:41.501+0000][gc,phases     ] GC(20)   Post Evacuate Collection Set: 1.2ms
[2024-01-10T06:50:41.501+0000][gc,phases     ] GC(20)   Other: 1.2ms
[2024-01-10T06:50:41.502+0000][gc,heap       ] GC(20) Eden regions: 67->0(82)
[2024-01-10T06:50:41.502+0000][gc,heap       ] GC(20) Survivor regions: 6->7(10)
[2024-01-10T06:50:41.503+0000][gc,heap       ] GC(20) Old regions: 31->33
[2024-01-10T06:50:41.504+0000][gc,heap       ] GC(20) Humongous regions: 129->129
[2024-01-10T06:50:41.504+0000][gc,metaspace  ] GC(20) Metaspace: 52544K(55292K)->52544K(55292K) NonClass: 46548K(48124K)->46548K(48124K) Class: 5995K(7168K)->5995K(7168K)
[2024-01-10T06:50:41.505+0000][gc            ] GC(20) Pause Young (Normal) (G1 Evacuation Pause) 232M->167M(1024M) 14.572ms
[2024-01-10T06:50:41.506+0000][gc,cpu        ] GC(20) User=0.08s Sys=0.00s Real=0.01s
[2024-01-10T06:53:51.993+0000][gc,start      ] GC(21) Pause Young (Normal) (G1 Evacuation Pause)
[2024-01-10T06:53:51.993+0000][gc,task       ] GC(21) Using 13 workers of 13 for evacuation
[2024-01-10T06:53:52.001+0000][gc,phases     ] GC(21)   Pre Evacuate Collection Set: 0.1ms
[2024-01-10T06:53:52.002+0000][gc,phases     ] GC(21)   Evacuate Collection Set: 6.3ms
[2024-01-10T06:53:52.003+0000][gc,phases     ] GC(21)   Post Evacuate Collection Set: 1.0ms
[2024-01-10T06:53:52.004+0000][gc,phases     ] GC(21)   Other: 1.5ms
[2024-01-10T06:53:52.004+0000][gc,heap       ] GC(21) Eden regions: 82->0(93)
[2024-01-10T06:53:52.005+0000][gc,heap       ] GC(21) Survivor regions: 7->7(12)
[2024-01-10T06:53:52.005+0000][gc,heap       ] GC(21) Old regions: 33->34
[2024-01-10T06:53:52.006+0000][gc,heap       ] GC(21) Humongous regions: 129->129
[2024-01-10T06:53:52.006+0000][gc,metaspace  ] GC(21) Metaspace: 52567K(55292K)->52567K(55292K) NonClass: 46572K(48124K)->46572K(48124K) Class: 5995K(7168K)->5995K(7168K)
[2024-01-10T06:53:52.007+0000][gc            ] GC(21) Pause Young (Normal) (G1 Evacuation Pause) 249M->169M(1024M) 14.374ms
[2024-01-10T06:53:52.008+0000][gc,cpu        ] GC(21) User=0.07s Sys=0.00s Real=0.02s
[2024-01-10T06:57:23.136+0000][gc,start      ] GC(22) Pause Young (Normal) (G1 Evacuation Pause)
[2024-01-10T06:57:23.137+0000][gc,task       ] GC(22) Using 13 workers of 13 for evacuation
[2024-01-10T06:57:23.143+0000][gc,phases     ] GC(22)   Pre Evacuate Collection Set: 0.2ms
[2024-01-10T06:57:23.143+0000][gc,phases     ] GC(22)   Evacuate Collection Set: 4.2ms
[2024-01-10T06:57:23.143+0000][gc,phases     ] GC(22)   Post Evacuate Collection Set: 0.8ms
[2024-01-10T06:57:23.144+0000][gc,phases     ] GC(22)   Other: 1.2ms
[2024-01-10T06:57:23.144+0000][gc,heap       ] GC(22) Eden regions: 93->0(111)
[2024-01-10T06:57:23.145+0000][gc,heap       ] GC(22) Survivor regions: 7->9(13)
[2024-01-10T06:57:23.145+0000][gc,heap       ] GC(22) Old regions: 34->34
[2024-01-10T06:57:23.146+0000][gc,heap       ] GC(22) Humongous regions: 129->129
[2024-01-10T06:57:23.146+0000][gc,metaspace  ] GC(22) Metaspace: 52741K(55420K)->52741K(55420K) NonClass: 46727K(48124K)->46727K(48124K) Class: 6013K(7296K)->6013K(7296K)
[2024-01-10T06:57:23.146+0000][gc            ] GC(22) Pause Young (Normal) (G1 Evacuation Pause) 262M->170M(1024M) 10.240ms
[2024-01-10T06:57:23.147+0000][gc,cpu        ] GC(22) User=0.03s Sys=0.02s Real=0.01s
[2024-01-10T07:01:34.053+0000][gc,start      ] GC(23) Pause Young (Normal) (G1 Evacuation Pause)
[2024-01-10T07:01:34.053+0000][gc,task       ] GC(23) Using 13 workers of 13 for evacuation
[2024-01-10T07:01:34.077+0000][gc,mmu        ] GC(23) MMU target violated: 21.0ms (20.0ms/21.0ms)
[2024-01-10T07:01:34.078+0000][gc,phases     ] GC(23)   Pre Evacuate Collection Set: 0.4ms
[2024-01-10T07:01:34.078+0000][gc,phases     ] GC(23)   Evacuate Collection Set: 21.7ms
[2024-01-10T07:01:34.079+0000][gc,phases     ] GC(23)   Post Evacuate Collection Set: 1.0ms
[2024-01-10T07:01:34.079+0000][gc,phases     ] GC(23)   Other: 2.1ms
[2024-01-10T07:01:34.080+0000][gc,heap       ] GC(23) Eden regions: 111->0(96)
[2024-01-10T07:01:34.081+0000][gc,heap       ] GC(23) Survivor regions: 9->10(15)
[2024-01-10T07:01:34.081+0000][gc,heap       ] GC(23) Old regions: 34->36
[2024-01-10T07:01:34.082+0000][gc,heap       ] GC(23) Humongous regions: 129->129
[2024-01-10T07:01:34.082+0000][gc,metaspace  ] GC(23) Metaspace: 53071K(56060K)->53071K(56060K) NonClass: 46981K(48636K)->46981K(48636K) Class: 6090K(7424K)->6090K(7424K)
[2024-01-10T07:01:34.083+0000][gc            ] GC(23) Pause Young (Normal) (G1 Evacuation Pause) 281M->174M(1024M) 30.539ms
[2024-01-10T07:01:34.084+0000][gc,cpu        ] GC(23) User=0.21s Sys=0.05s Real=0.03s
[2024-01-10T07:05:08.785+0000][gc,start      ] GC(24) Pause Young (Normal) (G1 Evacuation Pause)
[2024-01-10T07:05:08.785+0000][gc,task       ] GC(24) Using 13 workers of 13 for evacuation
[2024-01-10T07:05:08.798+0000][gc,phases     ] GC(24)   Pre Evacuate Collection Set: 0.4ms
[2024-01-10T07:05:08.799+0000][gc,phases     ] GC(24)   Evacuate Collection Set: 10.6ms
[2024-01-10T07:05:08.800+0000][gc,phases     ] GC(24)   Post Evacuate Collection Set: 1.5ms
[2024-01-10T07:05:08.800+0000][gc,phases     ] GC(24)   Other: 1.1ms
[2024-01-10T07:05:08.801+0000][gc,heap       ] GC(24) Eden regions: 96->0(99)
[2024-01-10T07:05:08.802+0000][gc,heap       ] GC(24) Survivor regions: 10->12(14)
[2024-01-10T07:05:08.802+0000][gc,heap       ] GC(24) Old regions: 36->39
[2024-01-10T07:05:08.803+0000][gc,heap       ] GC(24) Humongous regions: 129->129
[2024-01-10T07:05:08.803+0000][gc,metaspace  ] GC(24) Metaspace: 53163K(56060K)->53163K(56060K) NonClass: 47073K(48636K)->47073K(48636K) Class: 6090K(7424K)->6090K(7424K)
[2024-01-10T07:05:08.803+0000][gc            ] GC(24) Pause Young (Normal) (G1 Evacuation Pause) 270M->178M(1024M) 18.514ms
[2024-01-10T07:05:08.804+0000][gc,cpu        ] GC(24) User=0.04s Sys=0.10s Real=0.02s
[2024-01-10T07:08:56.558+0000][gc,start      ] GC(25) Pause Young (Normal) (G1 Evacuation Pause)
[2024-01-10T07:08:56.558+0000][gc,task       ] GC(25) Using 13 workers of 13 for evacuation
[2024-01-10T07:08:56.570+0000][gc,phases     ] GC(25)   Pre Evacuate Collection Set: 0.3ms
[2024-01-10T07:08:56.571+0000][gc,phases     ] GC(25)   Evacuate Collection Set: 9.8ms
[2024-01-10T07:08:56.572+0000][gc,phases     ] GC(25)   Post Evacuate Collection Set: 0.9ms
[2024-01-10T07:08:56.572+0000][gc,phases     ] GC(25)   Other: 1.3ms
[2024-01-10T07:08:56.573+0000][gc,heap       ] GC(25) Eden regions: 99->0(108)
[2024-01-10T07:08:56.574+0000][gc,heap       ] GC(25) Survivor regions: 12->9(14)
[2024-01-10T07:08:56.575+0000][gc,heap       ] GC(25) Old regions: 39->45
[2024-01-10T07:08:56.575+0000][gc,heap       ] GC(25) Humongous regions: 129->129
[2024-01-10T07:08:56.576+0000][gc,metaspace  ] GC(25) Metaspace: 53216K(56060K)->53216K(56060K) NonClass: 47126K(48636K)->47126K(48636K) Class: 6090K(7424K)->6090K(7424K)
[2024-01-10T07:08:56.576+0000][gc            ] GC(25) Pause Young (Normal) (G1 Evacuation Pause) 277M->181M(1024M) 18.666ms
[2024-01-10T07:08:56.577+0000][gc,cpu        ] GC(25) User=0.11s Sys=0.02s Real=0.02s
[2024-01-10T07:13:04.847+0000][gc,start      ] GC(26) Pause Young (Normal) (G1 Evacuation Pause)
[2024-01-10T07:13:04.847+0000][gc,task       ] GC(26) Using 13 workers of 13 for evacuation
[2024-01-10T07:13:04.861+0000][gc,phases     ] GC(26)   Pre Evacuate Collection Set: 0.6ms
[2024-01-10T07:13:04.861+0000][gc,phases     ] GC(26)   Evacuate Collection Set: 11.4ms
[2024-01-10T07:13:04.861+0000][gc,phases     ] GC(26)   Post Evacuate Collection Set: 0.9ms
[2024-01-10T07:13:04.862+0000][gc,phases     ] GC(26)   Other: 1.8ms
[2024-01-10T07:13:04.862+0000][gc,heap       ] GC(26) Eden regions: 108->0(114)
[2024-01-10T07:13:04.863+0000][gc,heap       ] GC(26) Survivor regions: 9->9(15)
[2024-01-10T07:13:04.863+0000][gc,heap       ] GC(26) Old regions: 45->48
[2024-01-10T07:13:04.864+0000][gc,heap       ] GC(26) Humongous regions: 129->129
[2024-01-10T07:13:04.864+0000][gc,metaspace  ] GC(26) Metaspace: 53236K(56060K)->53236K(56060K) NonClass: 47146K(48636K)->47146K(48636K) Class: 6090K(7424K)->6090K(7424K)
[2024-01-10T07:13:04.864+0000][gc            ] GC(26) Pause Young (Normal) (G1 Evacuation Pause) 289M->185M(1024M) 17.649ms
[2024-01-10T07:13:04.865+0000][gc,cpu        ] GC(26) User=0.10s Sys=0.04s Real=0.01s
[2024-01-10T07:17:21.007+0000][gc,start      ] GC(27) Pause Young (Normal) (G1 Evacuation Pause)
[2024-01-10T07:17:21.008+0000][gc,task       ] GC(27) Using 13 workers of 13 for evacuation
[2024-01-10T07:17:21.041+0000][gc,mmu        ] GC(27) MMU target violated: 21.0ms (20.0ms/21.0ms)
[2024-01-10T07:17:21.042+0000][gc,phases     ] GC(27)   Pre Evacuate Collection Set: 0.3ms
[2024-01-10T07:17:21.042+0000][gc,phases     ] GC(27)   Evacuate Collection Set: 29.6ms
[2024-01-10T07:17:21.043+0000][gc,phases     ] GC(27)   Post Evacuate Collection Set: 1.9ms
[2024-01-10T07:17:21.043+0000][gc,phases     ] GC(27)   Other: 2.9ms
[2024-01-10T07:17:21.044+0000][gc,heap       ] GC(27) Eden regions: 114->0(58)
[2024-01-10T07:17:21.045+0000][gc,heap       ] GC(27) Survivor regions: 9->13(16)
[2024-01-10T07:17:21.045+0000][gc,heap       ] GC(27) Old regions: 48->48
[2024-01-10T07:17:21.045+0000][gc,heap       ] GC(27) Humongous regions: 129->129
[2024-01-10T07:17:21.046+0000][gc,metaspace  ] GC(27) Metaspace: 53294K(56060K)->53294K(56060K) NonClass: 47204K(48636K)->47204K(48636K) Class: 6090K(7424K)->6090K(7424K)
[2024-01-10T07:17:21.046+0000][gc            ] GC(27) Pause Young (Normal) (G1 Evacuation Pause) 299M->189M(1024M) 39.261ms
[2024-01-10T07:17:21.047+0000][gc,cpu        ] GC(27) User=0.37s Sys=0.01s Real=0.04s
[2024-01-10T07:19:22.210+0000][gc,start      ] GC(28) Pause Young (Normal) (G1 Evacuation Pause)
[2024-01-10T07:19:22.212+0000][gc,task       ] GC(28) Using 13 workers of 13 for evacuation
[2024-01-10T07:19:22.233+0000][gc,mmu        ] GC(28) MMU target violated: 20.4ms (20.0ms/21.0ms)
[2024-01-10T07:19:22.234+0000][gc,phases     ] GC(28)   Pre Evacuate Collection Set: 0.2ms
[2024-01-10T07:19:22.234+0000][gc,phases     ] GC(28)   Evacuate Collection Set: 15.7ms
[2024-01-10T07:19:22.235+0000][gc,phases     ] GC(28)   Post Evacuate Collection Set: 3.8ms
[2024-01-10T07:19:22.235+0000][gc,phases     ] GC(28)   Other: 3.8ms
[2024-01-10T07:19:22.236+0000][gc,heap       ] GC(28) Eden regions: 57->0(102)
[2024-01-10T07:19:22.237+0000][gc,heap       ] GC(28) Survivor regions: 13->6(9)
[2024-01-10T07:19:22.237+0000][gc,heap       ] GC(28) Old regions: 48->58
[2024-01-10T07:19:22.237+0000][gc,heap       ] GC(28) Humongous regions: 129->129
[2024-01-10T07:19:22.238+0000][gc,metaspace  ] GC(28) Metaspace: 53341K(56316K)->53341K(56316K) NonClass: 47250K(48892K)->47250K(48892K) Class: 6090K(7424K)->6090K(7424K)
[2024-01-10T07:19:22.238+0000][gc            ] GC(28) Pause Young (Normal) (G1 Evacuation Pause) 246M->191M(1024M) 28.169ms
[2024-01-10T07:19:22.239+0000][gc,cpu        ] GC(28) User=0.08s Sys=0.09s Real=0.03s
[2024-01-10T07:22:47.855+0000][gc,start      ] GC(29) Pause Young (Normal) (G1 Evacuation Pause)
[2024-01-10T07:22:47.856+0000][gc,task       ] GC(29) Using 13 workers of 13 for evacuation
[2024-01-10T07:22:47.870+0000][gc,phases     ] GC(29)   Pre Evacuate Collection Set: 0.3ms
[2024-01-10T07:22:47.871+0000][gc,phases     ] GC(29)   Evacuate Collection Set: 10.1ms
[2024-01-10T07:22:47.872+0000][gc,phases     ] GC(29)   Post Evacuate Collection Set: 1.5ms
[2024-01-10T07:22:47.872+0000][gc,phases     ] GC(29)   Other: 3.2ms
[2024-01-10T07:22:47.873+0000][gc,heap       ] GC(29) Eden regions: 102->0(90)
[2024-01-10T07:22:47.873+0000][gc,heap       ] GC(29) Survivor regions: 6->11(14)
[2024-01-10T07:22:47.874+0000][gc,heap       ] GC(29) Old regions: 58->58
[2024-01-10T07:22:47.874+0000][gc,heap       ] GC(29) Humongous regions: 147->147
[2024-01-10T07:22:47.875+0000][gc,metaspace  ] GC(29) Metaspace: 53575K(56572K)->53575K(56572K) NonClass: 47446K(49148K)->47446K(49148K) Class: 6128K(7424K)->6128K(7424K)
[2024-01-10T07:22:47.875+0000][gc            ] GC(29) Pause Young (Normal) (G1 Evacuation Pause) 311M->214M(1024M) 19.845ms
[2024-01-10T07:22:47.876+0000][gc,cpu        ] GC(29) User=0.13s Sys=0.00s Real=0.02s
[2024-01-10T07:26:07.671+0000][gc,start      ] GC(30) Pause Young (Normal) (G1 Evacuation Pause)
[2024-01-10T07:26:07.672+0000][gc,task       ] GC(30) Using 13 workers of 13 for evacuation
[2024-01-10T07:26:07.681+0000][gc,phases     ] GC(30)   Pre Evacuate Collection Set: 0.1ms
[2024-01-10T07:26:07.682+0000][gc,phases     ] GC(30)   Evacuate Collection Set: 8.0ms
[2024-01-10T07:26:07.683+0000][gc,phases     ] GC(30)   Post Evacuate Collection Set: 0.6ms
[2024-01-10T07:26:07.683+0000][gc,phases     ] GC(30)   Other: 1.4ms
[2024-01-10T07:26:07.684+0000][gc,heap       ] GC(30) Eden regions: 89->0(154)
[2024-01-10T07:26:07.685+0000][gc,heap       ] GC(30) Survivor regions: 11->5(13)
[2024-01-10T07:26:07.685+0000][gc,heap       ] GC(30) Old regions: 58->63
[2024-01-10T07:26:07.686+0000][gc,heap       ] GC(30) Humongous regions: 147->147
[2024-01-10T07:26:07.686+0000][gc,metaspace  ] GC(30) Metaspace: 53622K(56572K)->53622K(56572K) NonClass: 47494K(49148K)->47494K(49148K) Class: 6128K(7424K)->6128K(7424K)
[2024-01-10T07:26:07.687+0000][gc            ] GC(30) Pause Young (Normal) (G1 Evacuation Pause) 303M->214M(1024M) 15.586ms
[2024-01-10T07:26:07.687+0000][gc,cpu        ] GC(30) User=0.05s Sys=0.05s Real=0.02s
[2024-01-10T07:31:51.292+0000][gc,start      ] GC(31) Pause Young (Normal) (G1 Evacuation Pause)
[2024-01-10T07:31:51.292+0000][gc,task       ] GC(31) Using 13 workers of 13 for evacuation
[2024-01-10T07:31:51.308+0000][gc,phases     ] GC(31)   Pre Evacuate Collection Set: 0.8ms
[2024-01-10T07:31:51.309+0000][gc,phases     ] GC(31)   Evacuate Collection Set: 8.8ms
[2024-01-10T07:31:51.309+0000][gc,phases     ] GC(31)   Post Evacuate Collection Set: 5.3ms
[2024-01-10T07:31:51.310+0000][gc,phases     ] GC(31)   Other: 2.1ms
[2024-01-10T07:31:51.310+0000][gc,heap       ] GC(31) Eden regions: 154->0(168)
[2024-01-10T07:31:51.311+0000][gc,heap       ] GC(31) Survivor regions: 5->8(20)
[2024-01-10T07:31:51.311+0000][gc,heap       ] GC(31) Old regions: 63->63
[2024-01-10T07:31:51.312+0000][gc,heap       ] GC(31) Humongous regions: 147->147
[2024-01-10T07:31:51.312+0000][gc,metaspace  ] GC(31) Metaspace: 53801K(56828K)->53801K(56828K) NonClass: 47640K(49404K)->47640K(49404K) Class: 6160K(7424K)->6160K(7424K)
[2024-01-10T07:31:51.312+0000][gc            ] GC(31) Pause Young (Normal) (G1 Evacuation Pause) 368M->217M(1024M) 20.841ms
[2024-01-10T07:31:51.313+0000][gc,cpu        ] GC(31) User=0.08s Sys=0.03s Real=0.02s
[2024-01-10T07:38:06.197+0000][gc,start      ] GC(32) Pause Young (Normal) (G1 Evacuation Pause)
[2024-01-10T07:38:06.197+0000][gc,task       ] GC(32) Using 13 workers of 13 for evacuation
[2024-01-10T07:38:06.210+0000][gc,phases     ] GC(32)   Pre Evacuate Collection Set: 0.3ms
[2024-01-10T07:38:06.211+0000][gc,phases     ] GC(32)   Evacuate Collection Set: 9.9ms
[2024-01-10T07:38:06.211+0000][gc,phases     ] GC(32)   Post Evacuate Collection Set: 2.6ms
[2024-01-10T07:38:06.212+0000][gc,phases     ] GC(32)   Other: 1.2ms
[2024-01-10T07:38:06.212+0000][gc,heap       ] GC(32) Eden regions: 168->0(170)
[2024-01-10T07:38:06.212+0000][gc,heap       ] GC(32) Survivor regions: 8->14(22)
[2024-01-10T07:38:06.213+0000][gc,heap       ] GC(32) Old regions: 63->63
[2024-01-10T07:38:06.213+0000][gc,heap       ] GC(32) Humongous regions: 147->147
[2024-01-10T07:38:06.213+0000][gc,metaspace  ] GC(32) Metaspace: 53847K(56828K)->53847K(56828K) NonClass: 47686K(49404K)->47686K(49404K) Class: 6160K(7424K)->6160K(7424K)
[2024-01-10T07:38:06.214+0000][gc            ] GC(32) Pause Young (Normal) (G1 Evacuation Pause) 385M->222M(1024M) 16.979ms
[2024-01-10T07:38:06.214+0000][gc,cpu        ] GC(32) User=0.07s Sys=0.05s Real=0.02s
[2024-01-10T07:44:23.905+0000][gc,start      ] GC(33) Pause Young (Normal) (G1 Evacuation Pause)
[2024-01-10T07:44:23.906+0000][gc,task       ] GC(33) Using 13 workers of 13 for evacuation
[2024-01-10T07:44:23.967+0000][gc,mmu        ] GC(33) MMU target violated: 21.0ms (20.0ms/21.0ms)
[2024-01-10T07:44:23.968+0000][gc,phases     ] GC(33)   Pre Evacuate Collection Set: 0.3ms
[2024-01-10T07:44:23.969+0000][gc,phases     ] GC(33)   Evacuate Collection Set: 56.3ms
[2024-01-10T07:44:23.969+0000][gc,phases     ] GC(33)   Post Evacuate Collection Set: 4.4ms
[2024-01-10T07:44:23.970+0000][gc,phases     ] GC(33)   Other: 2.3ms
[2024-01-10T07:44:23.970+0000][gc,heap       ] GC(33) Eden regions: 170->0(34)
[2024-01-10T07:44:23.971+0000][gc,heap       ] GC(33) Survivor regions: 14->17(23)
[2024-01-10T07:44:23.971+0000][gc,heap       ] GC(33) Old regions: 63->65
[2024-01-10T07:44:23.972+0000][gc,heap       ] GC(33) Humongous regions: 147->147
[2024-01-10T07:44:23.972+0000][gc,metaspace  ] GC(33) Metaspace: 53870K(56828K)->53870K(56828K) NonClass: 47704K(49404K)->47704K(49404K) Class: 6165K(7424K)->6165K(7424K)
[2024-01-10T07:44:23.973+0000][gc            ] GC(33) Pause Young (Normal) (G1 Evacuation Pause) 392M->228M(1024M) 67.763ms
[2024-01-10T07:44:23.973+0000][gc,cpu        ] GC(33) User=0.17s Sys=0.54s Real=0.07s
[2024-01-10T07:45:40.020+0000][gc,start      ] GC(34) Pause Young (Normal) (G1 Evacuation Pause)
[2024-01-10T07:45:40.020+0000][gc,task       ] GC(34) Using 13 workers of 13 for evacuation
[2024-01-10T07:45:40.055+0000][gc,mmu        ] GC(34) MMU target violated: 21.0ms (20.0ms/21.0ms)
[2024-01-10T07:45:40.056+0000][gc,phases     ] GC(34)   Pre Evacuate Collection Set: 0.0ms
[2024-01-10T07:45:40.056+0000][gc,phases     ] GC(34)   Evacuate Collection Set: 29.9ms
[2024-01-10T07:45:40.057+0000][gc,phases     ] GC(34)   Post Evacuate Collection Set: 4.0ms
[2024-01-10T07:45:40.058+0000][gc,phases     ] GC(34)   Other: 3.0ms
[2024-01-10T07:45:40.058+0000][gc,heap       ] GC(34) Eden regions: 34->0(58)
[2024-01-10T07:45:40.059+0000][gc,heap       ] GC(34) Survivor regions: 17->3(7)
[2024-01-10T07:45:40.060+0000][gc,heap       ] GC(34) Old regions: 65->79
[2024-01-10T07:45:40.060+0000][gc,heap       ] GC(34) Humongous regions: 147->147
[2024-01-10T07:45:40.061+0000][gc,metaspace  ] GC(34) Metaspace: 53870K(56828K)->53870K(56828K) NonClass: 47704K(49404K)->47704K(49404K) Class: 6165K(7424K)->6165K(7424K)
[2024-01-10T07:45:40.061+0000][gc            ] GC(34) Pause Young (Normal) (G1 Evacuation Pause) 262M->228M(1024M) 41.645ms
[2024-01-10T07:45:40.062+0000][gc,cpu        ] GC(34) User=0.27s Sys=0.04s Real=0.04s
[2024-01-10T07:47:52.604+0000][gc,start      ] GC(35) Pause Young (Normal) (G1 Evacuation Pause)
[2024-01-10T07:47:52.604+0000][gc,task       ] GC(35) Using 13 workers of 13 for evacuation
[2024-01-10T07:47:52.608+0000][gc,phases     ] GC(35)   Pre Evacuate Collection Set: 0.3ms
[2024-01-10T07:47:52.609+0000][gc,phases     ] GC(35)   Evacuate Collection Set: 2.0ms
[2024-01-10T07:47:52.609+0000][gc,phases     ] GC(35)   Post Evacuate Collection Set: 0.6ms
[2024-01-10T07:47:52.610+0000][gc,phases     ] GC(35)   Other: 1.4ms
[2024-01-10T07:47:52.610+0000][gc,heap       ] GC(35) Eden regions: 58->0(73)
[2024-01-10T07:47:52.611+0000][gc,heap       ] GC(35) Survivor regions: 3->4(8)
[2024-01-10T07:47:52.611+0000][gc,heap       ] GC(35) Old regions: 79->79
[2024-01-10T07:47:52.612+0000][gc,heap       ] GC(35) Humongous regions: 147->147
[2024-01-10T07:47:52.613+0000][gc,metaspace  ] GC(35) Metaspace: 53875K(56828K)->53875K(56828K) NonClass: 47710K(49404K)->47710K(49404K) Class: 6165K(7424K)->6165K(7424K)
[2024-01-10T07:47:52.613+0000][gc            ] GC(35) Pause Young (Normal) (G1 Evacuation Pause) 286M->229M(1024M) 9.239ms
[2024-01-10T07:47:52.614+0000][gc,cpu        ] GC(35) User=0.02s Sys=0.01s Real=0.01s
[2024-01-10T07:50:37.329+0000][gc,start      ] GC(36) Pause Young (Normal) (G1 Evacuation Pause)
[2024-01-10T07:50:37.330+0000][gc,task       ] GC(36) Using 13 workers of 13 for evacuation
[2024-01-10T07:50:37.348+0000][gc,phases     ] GC(36)   Pre Evacuate Collection Set: 0.3ms
[2024-01-10T07:50:37.349+0000][gc,phases     ] GC(36)   Evacuate Collection Set: 14.4ms
[2024-01-10T07:50:37.349+0000][gc,phases     ] GC(36)   Post Evacuate Collection Set: 1.4ms
[2024-01-10T07:50:37.350+0000][gc,phases     ] GC(36)   Other: 2.5ms
[2024-01-10T07:50:37.351+0000][gc,heap       ] GC(36) Eden regions: 73->0(74)
[2024-01-10T07:50:37.352+0000][gc,heap       ] GC(36) Survivor regions: 4->7(10)
[2024-01-10T07:50:37.352+0000][gc,heap       ] GC(36) Old regions: 79->79
[2024-01-10T07:50:37.353+0000][gc,heap       ] GC(36) Humongous regions: 147->147
[2024-01-10T07:50:37.354+0000][gc,metaspace  ] GC(36) Metaspace: 53885K(56828K)->53885K(56828K) NonClass: 47719K(49404K)->47719K(49404K) Class: 6165K(7424K)->6165K(7424K)
[2024-01-10T07:50:37.355+0000][gc            ] GC(36) Pause Young (Normal) (G1 Evacuation Pause) 302M->232M(1024M) 25.971ms
[2024-01-10T07:50:37.356+0000][gc,cpu        ] GC(36) User=0.18s Sys=0.00s Real=0.03s
[2024-01-10T07:53:11.549+0000][gc,start      ] GC(37) Pause Young (Normal) (G1 Evacuation Pause)
[2024-01-10T07:53:11.549+0000][gc,task       ] GC(37) Using 13 workers of 13 for evacuation
[2024-01-10T07:53:11.555+0000][gc,phases     ] GC(37)   Pre Evacuate Collection Set: 0.1ms
[2024-01-10T07:53:11.556+0000][gc,phases     ] GC(37)   Evacuate Collection Set: 4.5ms
[2024-01-10T07:53:11.556+0000][gc,phases     ] GC(37)   Post Evacuate Collection Set: 0.7ms
[2024-01-10T07:53:11.557+0000][gc,phases     ] GC(37)   Other: 1.2ms
[2024-01-10T07:53:11.557+0000][gc,heap       ] GC(37) Eden regions: 73->0(88)
[2024-01-10T07:53:11.558+0000][gc,heap       ] GC(37) Survivor regions: 7->7(10)
[2024-01-10T07:53:11.558+0000][gc,heap       ] GC(37) Old regions: 79->82
[2024-01-10T07:53:11.559+0000][gc,heap       ] GC(37) Humongous regions: 147->147
[2024-01-10T07:53:11.559+0000][gc,metaspace  ] GC(37) Metaspace: 53901K(56828K)->53901K(56828K) NonClass: 47735K(49404K)->47735K(49404K) Class: 6165K(7424K)->6165K(7424K)
[2024-01-10T07:53:11.560+0000][gc            ] GC(37) Pause Young (Normal) (G1 Evacuation Pause) 305M->235M(1024M) 11.073ms
[2024-01-10T07:53:11.560+0000][gc,cpu        ] GC(37) User=0.05s Sys=0.00s Real=0.01s
[2024-01-10T07:56:07.301+0000][gc,start      ] GC(38) Pause Young (Normal) (G1 Evacuation Pause)
[2024-01-10T07:56:07.302+0000][gc,task       ] GC(38) Using 13 workers of 13 for evacuation
[2024-01-10T07:56:07.307+0000][gc,phases     ] GC(38)   Pre Evacuate Collection Set: 0.3ms
[2024-01-10T07:56:07.308+0000][gc,phases     ] GC(38)   Evacuate Collection Set: 4.0ms
[2024-01-10T07:56:07.309+0000][gc,phases     ] GC(38)   Post Evacuate Collection Set: 0.7ms
[2024-01-10T07:56:07.309+0000][gc,phases     ] GC(38)   Other: 1.7ms
[2024-01-10T07:56:07.310+0000][gc,heap       ] GC(38) Eden regions: 88->0(112)
[2024-01-10T07:56:07.311+0000][gc,heap       ] GC(38) Survivor regions: 7->7(12)
[2024-01-10T07:56:07.311+0000][gc,heap       ] GC(38) Old regions: 82->84
[2024-01-10T07:56:07.312+0000][gc,heap       ] GC(38) Humongous regions: 147->147
[2024-01-10T07:56:07.313+0000][gc,metaspace  ] GC(38) Metaspace: 53910K(56828K)->53910K(56828K) NonClass: 47744K(49404K)->47744K(49404K) Class: 6165K(7424K)->6165K(7424K)
[2024-01-10T07:56:07.313+0000][gc            ] GC(38) Pause Young (Normal) (G1 Evacuation Pause) 323M->237M(1024M) 12.461ms
[2024-01-10T07:56:07.314+0000][gc,cpu        ] GC(38) User=0.05s Sys=0.00s Real=0.02s
[2024-01-10T08:00:02.359+0000][gc,start      ] GC(39) Pause Young (Normal) (G1 Evacuation Pause)
[2024-01-10T08:00:02.359+0000][gc,task       ] GC(39) Using 13 workers of 13 for evacuation
[2024-01-10T08:00:02.381+0000][gc,mmu        ] GC(39) MMU target violated: 21.0ms (20.0ms/21.0ms)
[2024-01-10T08:00:02.382+0000][gc,phases     ] GC(39)   Pre Evacuate Collection Set: 0.2ms
[2024-01-10T08:00:02.383+0000][gc,phases     ] GC(39)   Evacuate Collection Set: 19.4ms
[2024-01-10T08:00:02.384+0000][gc,phases     ] GC(39)   Post Evacuate Collection Set: 1.6ms
[2024-01-10T08:00:02.384+0000][gc,phases     ] GC(39)   Other: 2.2ms
[2024-01-10T08:00:02.385+0000][gc,heap       ] GC(39) Eden regions: 112->0(125)
[2024-01-10T08:00:02.385+0000][gc,heap       ] GC(39) Survivor regions: 7->11(15)
[2024-01-10T08:00:02.386+0000][gc,heap       ] GC(39) Old regions: 84->84
[2024-01-10T08:00:02.386+0000][gc,heap       ] GC(39) Humongous regions: 147->147
[2024-01-10T08:00:02.387+0000][gc,metaspace  ] GC(39) Metaspace: 53957K(56828K)->53957K(56828K) NonClass: 47791K(49404K)->47791K(49404K) Class: 6165K(7424K)->6165K(7424K)
[2024-01-10T08:00:02.391+0000][gc            ] GC(39) Pause Young (Normal) (G1 Evacuation Pause) 349M->241M(1024M) 32.110ms
[2024-01-10T08:00:02.393+0000][gc,cpu        ] GC(39) User=0.24s Sys=0.00s Real=0.04s
[2024-01-10T08:04:39.113+0000][gc,start      ] GC(40) Pause Young (Normal) (G1 Evacuation Pause)
[2024-01-10T08:04:39.114+0000][gc,task       ] GC(40) Using 13 workers of 13 for evacuation
[2024-01-10T08:04:39.127+0000][gc,phases     ] GC(40)   Pre Evacuate Collection Set: 0.4ms
[2024-01-10T08:04:39.128+0000][gc,phases     ] GC(40)   Evacuate Collection Set: 10.4ms
[2024-01-10T08:04:39.129+0000][gc,phases     ] GC(40)   Post Evacuate Collection Set: 1.9ms
[2024-01-10T08:04:39.130+0000][gc,phases     ] GC(40)   Other: 2.0ms
[2024-01-10T08:04:39.130+0000][gc,heap       ] GC(40) Eden regions: 125->0(132)
[2024-01-10T08:04:39.130+0000][gc,heap       ] GC(40) Survivor regions: 11->14(17)
[2024-01-10T08:04:39.131+0000][gc,heap       ] GC(40) Old regions: 84->86
[2024-01-10T08:04:39.132+0000][gc,heap       ] GC(40) Humongous regions: 147->147
[2024-01-10T08:04:39.132+0000][gc,metaspace  ] GC(40) Metaspace: 53983K(56828K)->53983K(56828K) NonClass: 47817K(49404K)->47817K(49404K) Class: 6165K(7424K)->6165K(7424K)
[2024-01-10T08:04:39.132+0000][gc            ] GC(40) Pause Young (Normal) (G1 Evacuation Pause) 366M->245M(1024M) 19.189ms
[2024-01-10T08:04:39.133+0000][gc,cpu        ] GC(40) User=0.14s Sys=0.00s Real=0.02s
[2024-01-10T08:09:03.505+0000][gc,start      ] GC(41) Pause Young (Normal) (G1 Evacuation Pause)
[2024-01-10T08:09:03.505+0000][gc,task       ] GC(41) Using 13 workers of 13 for evacuation
[2024-01-10T08:09:03.533+0000][gc,mmu        ] GC(41) MMU target violated: 21.0ms (20.0ms/21.0ms)
[2024-01-10T08:09:03.533+0000][gc,phases     ] GC(41)   Pre Evacuate Collection Set: 0.3ms
[2024-01-10T08:09:03.534+0000][gc,phases     ] GC(41)   Evacuate Collection Set: 25.0ms
[2024-01-10T08:09:03.535+0000][gc,phases     ] GC(41)   Post Evacuate Collection Set: 1.6ms
[2024-01-10T08:09:03.535+0000][gc,phases     ] GC(41)   Other: 2.0ms
[2024-01-10T08:09:03.535+0000][gc,heap       ] GC(41) Eden regions: 132->0(122)
[2024-01-10T08:09:03.536+0000][gc,heap       ] GC(41) Survivor regions: 14->11(19)
[2024-01-10T08:09:03.536+0000][gc,heap       ] GC(41) Old regions: 86->93
[2024-01-10T08:09:03.537+0000][gc,heap       ] GC(41) Humongous regions: 147->147
[2024-01-10T08:09:03.537+0000][gc,metaspace  ] GC(41) Metaspace: 54005K(57084K)->54005K(57084K) NonClass: 47839K(49660K)->47839K(49660K) Class: 6165K(7424K)->6165K(7424K)
[2024-01-10T08:09:03.537+0000][gc            ] GC(41) Pause Young (Normal) (G1 Evacuation Pause) 377M->249M(1024M) 32.828ms
[2024-01-10T08:09:03.538+0000][gc,cpu        ] GC(41) User=0.33s Sys=0.00s Real=0.04s
