[2024-01-10T06:20:54.231+0000][gc,heap] Heap region size: 1M
[2024-01-10T06:20:54.255+0000][gc     ] Using G1
[2024-01-10T06:20:54.256+0000][gc,heap,coops] Heap address: 0x00000000c0000000, size: 1024 MB, Compressed Oops mode: 32-bit
[2024-01-10T06:20:56.553+0000][gc,start     ] GC(0) Pause Young (Concurrent Start) (Metadata GC Threshold)
[2024-01-10T06:20:56.560+0000][gc,task      ] GC(0) Using 13 workers of 13 for evacuation
[2024-01-10T06:20:56.608+0000][gc,mmu       ] GC(0) MMU target violated: 21.0ms (20.0ms/21.0ms)
[2024-01-10T06:20:56.611+0000][gc,phases    ] GC(0)   Pre Evacuate Collection Set: 0.1ms
[2024-01-10T06:20:56.612+0000][gc,phases    ] GC(0)   Evacuate Collection Set: 39.0ms
[2024-01-10T06:20:56.613+0000][gc,phases    ] GC(0)   Post Evacuate Collection Set: 6.8ms
[2024-01-10T06:20:56.614+0000][gc,phases    ] GC(0)   Other: 12.3ms
[2024-01-10T06:20:56.615+0000][gc,heap      ] GC(0) Eden regions: 43->0(44)
[2024-01-10T06:20:56.618+0000][gc,heap      ] GC(0) Survivor regions: 0->7(7)
[2024-01-10T06:20:56.620+0000][gc,heap      ] GC(0) Old regions: 0->0
[2024-01-10T06:20:56.623+0000][gc,heap      ] GC(0) Humongous regions: 0->0
[2024-01-10T06:20:56.624+0000][gc,metaspace ] GC(0) Metaspace: 20675K(21248K)->20675K(21248K) NonClass: 18500K(18944K)->18500K(18944K) Class: 2175K(2304K)->2175K(2304K)
[2024-01-10T06:20:56.626+0000][gc           ] GC(0) Pause Young (Concurrent Start) (Metadata GC Threshold) 42M->6M(1024M) 72.760ms
[2024-01-10T06:20:56.626+0000][gc,cpu       ] GC(0) User=0.10s Sys=0.02s Real=0.07s
[2024-01-10T06:20:56.627+0000][gc           ] GC(1) Concurrent Cycle
[2024-01-10T06:20:56.628+0000][gc,marking   ] GC(1) Concurrent Clear Claimed Marks
[2024-01-10T06:20:56.629+0000][gc,marking   ] GC(1) Concurrent Clear Claimed Marks 0.930ms
[2024-01-10T06:20:56.630+0000][gc,marking   ] GC(1) Concurrent Scan Root Regions
[2024-01-10T06:20:56.637+0000][gc,marking   ] GC(1) Concurrent Scan Root Regions 6.550ms
[2024-01-10T06:20:56.637+0000][gc,marking   ] GC(1) Concurrent Mark (2.544s)
[2024-01-10T06:20:56.638+0000][gc,marking   ] GC(1) Concurrent Mark From Roots
[2024-01-10T06:20:56.639+0000][gc,task      ] GC(1) Using 3 workers of 3 for marking
[2024-01-10T06:20:56.640+0000][gc,marking   ] GC(1) Concurrent Mark From Roots 1.557ms
[2024-01-10T06:20:56.641+0000][gc,marking   ] GC(1) Concurrent Preclean
[2024-01-10T06:20:56.642+0000][gc,marking   ] GC(1) Concurrent Preclean 1.007ms
[2024-01-10T06:20:56.642+0000][gc,marking   ] GC(1) Concurrent Mark (2.544s, 2.549s) 4.934ms
[2024-01-10T06:20:56.643+0000][gc,start     ] GC(1) Pause Remark
[2024-01-10T06:20:56.658+0000][gc,stringtable] GC(1) Cleaned string and symbol table, strings: 7795 processed, 0 removed, symbols: 65757 processed, 23 removed
[2024-01-10T06:20:56.659+0000][gc            ] GC(1) Pause Remark 7M->7M(1024M) 15.260ms
[2024-01-10T06:20:56.659+0000][gc,cpu        ] GC(1) User=0.07s Sys=0.00s Real=0.01s
[2024-01-10T06:20:56.660+0000][gc,marking    ] GC(1) Concurrent Rebuild Remembered Sets
[2024-01-10T06:20:56.661+0000][gc,marking    ] GC(1) Concurrent Rebuild Remembered Sets 0.682ms
[2024-01-10T06:20:56.662+0000][gc,start      ] GC(1) Pause Cleanup
[2024-01-10T06:20:56.664+0000][gc            ] GC(1) Pause Cleanup 7M->7M(1024M) 1.386ms
[2024-01-10T06:20:56.664+0000][gc,cpu        ] GC(1) User=0.00s Sys=0.00s Real=0.00s
[2024-01-10T06:20:56.665+0000][gc,marking    ] GC(1) Concurrent Cleanup for Next Mark
[2024-01-10T06:20:56.671+0000][gc,marking    ] GC(1) Concurrent Cleanup for Next Mark 5.970ms
[2024-01-10T06:20:56.672+0000][gc            ] GC(1) Concurrent Cycle 45.171ms
[2024-01-10T06:20:58.201+0000][gc,start      ] GC(2) Pause Young (Normal) (G1 Evacuation Pause)
[2024-01-10T06:20:58.202+0000][gc,task       ] GC(2) Using 13 workers of 13 for evacuation
[2024-01-10T06:20:58.241+0000][gc,mmu        ] GC(2) MMU target violated: 21.0ms (20.0ms/21.0ms)
[2024-01-10T06:20:58.242+0000][gc,phases     ] GC(2)   Pre Evacuate Collection Set: 0.1ms
[2024-01-10T06:20:58.243+0000][gc,phases     ] GC(2)   Evacuate Collection Set: 36.7ms
[2024-01-10T06:20:58.243+0000][gc,phases     ] GC(2)   Post Evacuate Collection Set: 1.2ms
[2024-01-10T06:20:58.243+0000][gc,phases     ] GC(2)   Other: 3.3ms
[2024-01-10T06:20:58.244+0000][gc,heap       ] GC(2) Eden regions: 44->0(48)
[2024-01-10T06:20:58.244+0000][gc,heap       ] GC(2) Survivor regions: 7->3(7)
[2024-01-10T06:20:58.247+0000][gc,heap       ] GC(2) Old regions: 0->8
[2024-01-10T06:20:58.248+0000][gc,heap       ] GC(2) Humongous regions: 0->0
[2024-01-10T06:20:58.248+0000][gc,metaspace  ] GC(2) Metaspace: 29802K(30716K)->29802K(30716K) NonClass: 26621K(27132K)->26621K(27132K) Class: 3180K(3584K)->3180K(3584K)
[2024-01-10T06:20:58.249+0000][gc            ] GC(2) Pause Young (Normal) (G1 Evacuation Pause) 50M->9M(1024M) 48.247ms
[2024-01-10T06:20:58.250+0000][gc,cpu        ] GC(2) User=0.13s Sys=0.08s Real=0.05s
[2024-01-10T06:20:59.826+0000][gc,start      ] GC(3) Pause Young (Concurrent Start) (Metadata GC Threshold)
[2024-01-10T06:20:59.826+0000][gc,task       ] GC(3) Using 13 workers of 13 for evacuation
[2024-01-10T06:20:59.875+0000][gc,mmu        ] GC(3) MMU target violated: 21.0ms (20.0ms/21.0ms)
[2024-01-10T06:20:59.876+0000][gc,phases     ] GC(3)   Pre Evacuate Collection Set: 0.2ms
[2024-01-10T06:20:59.878+0000][gc,phases     ] GC(3)   Evacuate Collection Set: 45.6ms
[2024-01-10T06:20:59.879+0000][gc,phases     ] GC(3)   Post Evacuate Collection Set: 1.8ms
[2024-01-10T06:20:59.879+0000][gc,phases     ] GC(3)   Other: 2.7ms
[2024-01-10T06:20:59.880+0000][gc,heap       ] GC(3) Eden regions: 24->0(47)
[2024-01-10T06:20:59.881+0000][gc,heap       ] GC(3) Survivor regions: 3->4(7)
[2024-01-10T06:20:59.883+0000][gc,heap       ] GC(3) Old regions: 8->8
[2024-01-10T06:20:59.883+0000][gc,heap       ] GC(3) Humongous regions: 0->0
[2024-01-10T06:20:59.890+0000][gc,metaspace  ] GC(3) Metaspace: 34827K(35964K)->34827K(35964K) NonClass: 31094K(31740K)->31094K(31740K) Class: 3732K(4224K)->3732K(4224K)
[2024-01-10T06:20:59.891+0000][gc            ] GC(3) Pause Young (Concurrent Start) (Metadata GC Threshold) 33M->10M(1024M) 65.401ms
[2024-01-10T06:20:59.895+0000][gc,cpu        ] GC(3) User=0.17s Sys=0.06s Real=0.07s
[2024-01-10T06:20:59.896+0000][gc            ] GC(4) Concurrent Cycle
[2024-01-10T06:20:59.898+0000][gc,marking    ] GC(4) Concurrent Clear Claimed Marks
[2024-01-10T06:20:59.899+0000][gc,marking    ] GC(4) Concurrent Clear Claimed Marks 0.993ms
[2024-01-10T06:20:59.904+0000][gc,marking    ] GC(4) Concurrent Scan Root Regions
[2024-01-10T06:20:59.910+0000][gc,marking    ] GC(4) Concurrent Scan Root Regions 6.414ms
[2024-01-10T06:20:59.911+0000][gc,marking    ] GC(4) Concurrent Mark (5.818s)
[2024-01-10T06:20:59.912+0000][gc,marking    ] GC(4) Concurrent Mark From Roots
[2024-01-10T06:20:59.913+0000][gc,task       ] GC(4) Using 3 workers of 3 for marking
[2024-01-10T06:20:59.919+0000][gc,marking    ] GC(4) Concurrent Mark From Roots 7.171ms
[2024-01-10T06:20:59.921+0000][gc,marking    ] GC(4) Concurrent Preclean
[2024-01-10T06:20:59.930+0000][gc,marking    ] GC(4) Concurrent Preclean 9.630ms
[2024-01-10T06:20:59.931+0000][gc,marking    ] GC(4) Concurrent Mark (5.818s, 5.837s) 19.581ms
[2024-01-10T06:20:59.932+0000][gc,start      ] GC(4) Pause Remark
[2024-01-10T06:20:59.941+0000][gc,stringtable] GC(4) Cleaned string and symbol table, strings: 11936 processed, 10 removed, symbols: 98111 processed, 21 removed
[2024-01-10T06:20:59.944+0000][gc            ] GC(4) Pause Remark 11M->11M(1024M) 11.991ms
[2024-01-10T06:20:59.946+0000][gc,cpu        ] GC(4) User=0.03s Sys=0.00s Real=0.02s
[2024-01-10T06:20:59.946+0000][gc,marking    ] GC(4) Concurrent Rebuild Remembered Sets
[2024-01-10T06:20:59.953+0000][gc,marking    ] GC(4) Concurrent Rebuild Remembered Sets 6.937ms
[2024-01-10T06:20:59.955+0000][gc,start      ] GC(4) Pause Cleanup
[2024-01-10T06:20:59.956+0000][gc            ] GC(4) Pause Cleanup 11M->11M(1024M) 0.846ms
[2024-01-10T06:20:59.957+0000][gc,cpu        ] GC(4) User=0.00s Sys=0.00s Real=0.00s
[2024-01-10T06:20:59.958+0000][gc,marking    ] GC(4) Concurrent Cleanup for Next Mark
[2024-01-10T06:20:59.966+0000][gc,marking    ] GC(4) Concurrent Cleanup for Next Mark 8.100ms
[2024-01-10T06:20:59.971+0000][gc            ] GC(4) Concurrent Cycle 74.937ms
[2024-01-10T06:21:03.109+0000][gc,start      ] GC(5) Pause Young (Normal) (G1 Evacuation Pause)
[2024-01-10T06:21:03.114+0000][gc,task       ] GC(5) Using 13 workers of 13 for evacuation
[2024-01-10T06:21:03.179+0000][gc,mmu        ] GC(5) MMU target violated: 21.0ms (20.0ms/21.0ms)
[2024-01-10T06:21:03.184+0000][gc,phases     ] GC(5)   Pre Evacuate Collection Set: 0.1ms
[2024-01-10T06:21:03.184+0000][gc,phases     ] GC(5)   Evacuate Collection Set: 57.4ms
[2024-01-10T06:21:03.185+0000][gc,phases     ] GC(5)   Post Evacuate Collection Set: 1.0ms
[2024-01-10T06:21:03.186+0000][gc,phases     ] GC(5)   Other: 16.6ms
[2024-01-10T06:21:03.187+0000][gc,heap       ] GC(5) Eden regions: 47->0(44)
[2024-01-10T06:21:03.188+0000][gc,heap       ] GC(5) Survivor regions: 4->7(7)
[2024-01-10T06:21:03.188+0000][gc,heap       ] GC(5) Old regions: 8->8
[2024-01-10T06:21:03.193+0000][gc,heap       ] GC(5) Humongous regions: 0->0
[2024-01-10T06:21:03.201+0000][gc,metaspace  ] GC(5) Metaspace: 42942K(44284K)->42942K(44284K) NonClass: 38362K(39164K)->38362K(39164K) Class: 4580K(5120K)->4580K(5120K)
[2024-01-10T06:21:03.204+0000][gc            ] GC(5) Pause Young (Normal) (G1 Evacuation Pause) 57M->13M(1024M) 95.640ms
[2024-01-10T06:21:03.205+0000][gc,cpu        ] GC(5) User=0.14s Sys=0.01s Real=0.10s
[2024-01-10T06:21:34.231+0000][gc,start      ] GC(6) Pause Young (Normal) (G1 Evacuation Pause)
[2024-01-10T06:21:34.232+0000][gc,task       ] GC(6) Using 13 workers of 13 for evacuation
[2024-01-10T06:21:34.304+0000][gc,mmu        ] GC(6) MMU target violated: 21.0ms (20.0ms/21.0ms)
[2024-01-10T06:21:34.305+0000][gc,phases     ] GC(6)   Pre Evacuate Collection Set: 39.0ms
[2024-01-10T06:21:34.305+0000][gc,phases     ] GC(6)   Evacuate Collection Set: 27.2ms
[2024-01-10T06:21:34.306+0000][gc,phases     ] GC(6)   Post Evacuate Collection Set: 3.4ms
[2024-01-10T06:21:34.306+0000][gc,phases     ] GC(6)   Other: 5.0ms
[2024-01-10T06:21:34.306+0000][gc,heap       ] GC(6) Eden regions: 44->0(44)
[2024-01-10T06:21:34.307+0000][gc,heap       ] GC(6) Survivor regions: 7->7(7)
[2024-01-10T06:21:34.307+0000][gc,heap       ] GC(6) Old regions: 8->11
[2024-01-10T06:21:34.308+0000][gc,heap       ] GC(6) Humongous regions: 129->129
[2024-01-10T06:21:34.308+0000][gc,metaspace  ] GC(6) Metaspace: 48830K(51068K)->48830K(51068K) NonClass: 43110K(44284K)->43110K(44284K) Class: 5720K(6784K)->5720K(6784K)
[2024-01-10T06:21:34.309+0000][gc            ] GC(6) Pause Young (Normal) (G1 Evacuation Pause) 186M->145M(1024M) 77.222ms
[2024-01-10T06:21:34.309+0000][gc,cpu        ] GC(6) User=0.21s Sys=0.02s Real=0.08s
[2024-01-10T06:22:42.874+0000][gc,start      ] GC(7) Pause Young (Normal) (G1 Evacuation Pause)
[2024-01-10T06:22:42.875+0000][gc,task       ] GC(7) Using 13 workers of 13 for evacuation
[2024-01-10T06:22:42.886+0000][gc,phases     ] GC(7)   Pre Evacuate Collection Set: 0.4ms
[2024-01-10T06:22:42.887+0000][gc,phases     ] GC(7)   Evacuate Collection Set: 7.7ms
[2024-01-10T06:22:42.888+0000][gc,phases     ] GC(7)   Post Evacuate Collection Set: 2.5ms
[2024-01-10T06:22:42.888+0000][gc,phases     ] GC(7)   Other: 1.4ms
[2024-01-10T06:22:42.889+0000][gc,heap       ] GC(7) Eden regions: 44->0(44)
[2024-01-10T06:22:42.889+0000][gc,heap       ] GC(7) Survivor regions: 7->7(7)
[2024-01-10T06:22:42.889+0000][gc,heap       ] GC(7) Old regions: 11->14
[2024-01-10T06:22:42.890+0000][gc,heap       ] GC(7) Humongous regions: 129->129
[2024-01-10T06:22:42.890+0000][gc,metaspace  ] GC(7) Metaspace: 50649K(53244K)->50649K(53244K) NonClass: 44854K(46332K)->44854K(46332K) Class: 5795K(6912K)->5795K(6912K)
[2024-01-10T06:22:42.890+0000][gc            ] GC(7) Pause Young (Normal) (G1 Evacuation Pause) 189M->149M(1024M) 16.006ms
[2024-01-10T06:22:42.891+0000][gc,cpu        ] GC(7) User=0.08s Sys=0.02s Real=0.01s
[2024-01-10T06:24:08.067+0000][gc,start      ] GC(8) Pause Young (Normal) (G1 Evacuation Pause)
[2024-01-10T06:24:08.068+0000][gc,task       ] GC(8) Using 13 workers of 13 for evacuation
[2024-01-10T06:24:08.073+0000][gc,phases     ] GC(8)   Pre Evacuate Collection Set: 0.1ms
[2024-01-10T06:24:08.073+0000][gc,phases     ] GC(8)   Evacuate Collection Set: 3.3ms
[2024-01-10T06:24:08.074+0000][gc,phases     ] GC(8)   Post Evacuate Collection Set: 0.8ms
[2024-01-10T06:24:08.075+0000][gc,phases     ] GC(8)   Other: 1.7ms
[2024-01-10T06:24:08.075+0000][gc,heap       ] GC(8) Eden regions: 44->0(46)
[2024-01-10T06:24:08.076+0000][gc,heap       ] GC(8) Survivor regions: 7->5(7)
[2024-01-10T06:24:08.076+0000][gc,heap       ] GC(8) Old regions: 14->17
[2024-01-10T06:24:08.077+0000][gc,heap       ] GC(8) Humongous regions: 129->129
[2024-01-10T06:24:08.077+0000][gc,metaspace  ] GC(8) Metaspace: 51159K(53756K)->51159K(53756K) NonClass: 45357K(46844K)->45357K(46844K) Class: 5801K(6912K)->5801K(6912K)
[2024-01-10T06:24:08.078+0000][gc            ] GC(8) Pause Young (Normal) (G1 Evacuation Pause) 193M->150M(1024M) 10.433ms
[2024-01-10T06:24:08.079+0000][gc,cpu        ] GC(8) User=0.04s Sys=0.00s Real=0.01s
[2024-01-10T06:25:38.292+0000][gc,start      ] GC(9) Pause Young (Normal) (G1 Evacuation Pause)
[2024-01-10T06:25:38.292+0000][gc,task       ] GC(9) Using 13 workers of 13 for evacuation
[2024-01-10T06:25:38.298+0000][gc,phases     ] GC(9)   Pre Evacuate Collection Set: 0.4ms
[2024-01-10T06:25:38.298+0000][gc,phases     ] GC(9)   Evacuate Collection Set: 4.2ms
[2024-01-10T06:25:38.298+0000][gc,phases     ] GC(9)   Post Evacuate Collection Set: 0.6ms
[2024-01-10T06:25:38.299+0000][gc,phases     ] GC(9)   Other: 0.8ms
[2024-01-10T06:25:38.299+0000][gc,heap       ] GC(9) Eden regions: 46->0(45)
[2024-01-10T06:25:38.299+0000][gc,heap       ] GC(9) Survivor regions: 5->6(7)
[2024-01-10T06:25:38.300+0000][gc,heap       ] GC(9) Old regions: 17->18
[2024-01-10T06:25:38.300+0000][gc,heap       ] GC(9) Humongous regions: 129->129
[2024-01-10T06:25:38.300+0000][gc,metaspace  ] GC(9) Metaspace: 51241K(53756K)->51241K(53756K) NonClass: 45440K(46844K)->45440K(46844K) Class: 5801K(6912K)->5801K(6912K)
[2024-01-10T06:25:38.301+0000][gc            ] GC(9) Pause Young (Normal) (G1 Evacuation Pause) 196M->152M(1024M) 8.910ms
[2024-01-10T06:25:38.301+0000][gc,cpu        ] GC(9) User=0.03s Sys=0.02s Real=0.01s
[2024-01-10T06:27:10.305+0000][gc,start      ] GC(10) Pause Young (Normal) (G1 Evacuation Pause)
[2024-01-10T06:27:10.305+0000][gc,task       ] GC(10) Using 13 workers of 13 for evacuation
[2024-01-10T06:27:10.311+0000][gc,phases     ] GC(10)   Pre Evacuate Collection Set: 0.4ms
[2024-01-10T06:27:10.312+0000][gc,phases     ] GC(10)   Evacuate Collection Set: 4.5ms
[2024-01-10T06:27:10.313+0000][gc,phases     ] GC(10)   Post Evacuate Collection Set: 0.9ms
[2024-01-10T06:27:10.313+0000][gc,phases     ] GC(10)   Other: 1.3ms
[2024-01-10T06:27:10.314+0000][gc,heap       ] GC(10) Eden regions: 45->0(48)
[2024-01-10T06:27:10.314+0000][gc,heap       ] GC(10) Survivor regions: 6->3(7)
[2024-01-10T06:27:10.315+0000][gc,heap       ] GC(10) Old regions: 18->21
[2024-01-10T06:27:10.315+0000][gc,heap       ] GC(10) Humongous regions: 129->129
[2024-01-10T06:27:10.316+0000][gc,metaspace  ] GC(10) Metaspace: 51282K(53756K)->51282K(53756K) NonClass: 45480K(46844K)->45480K(46844K) Class: 5801K(6912K)->5801K(6912K)
[2024-01-10T06:27:10.317+0000][gc            ] GC(10) Pause Young (Normal) (G1 Evacuation Pause) 197M->151M(1024M) 11.566ms
[2024-01-10T06:27:10.317+0000][gc,cpu        ] GC(10) User=0.05s Sys=0.00s Real=0.01s
[2024-01-10T06:28:50.079+0000][gc,start      ] GC(11) Pause Young (Normal) (G1 Evacuation Pause)
[2024-01-10T06:28:50.079+0000][gc,task       ] GC(11) Using 13 workers of 13 for evacuation
[2024-01-10T06:28:50.085+0000][gc,phases     ] GC(11)   Pre Evacuate Collection Set: 0.6ms
[2024-01-10T06:28:50.085+0000][gc,phases     ] GC(11)   Evacuate Collection Set: 3.3ms
[2024-01-10T06:28:50.086+0000][gc,phases     ] GC(11)   Post Evacuate Collection Set: 0.8ms
[2024-01-10T06:28:50.086+0000][gc,phases     ] GC(11)   Other: 1.4ms
[2024-01-10T06:28:50.087+0000][gc,heap       ] GC(11) Eden regions: 48->0(46)
[2024-01-10T06:28:50.088+0000][gc,heap       ] GC(11) Survivor regions: 3->5(7)
[2024-01-10T06:28:50.088+0000][gc,heap       ] GC(11) Old regions: 21->21
[2024-01-10T06:28:50.089+0000][gc,heap       ] GC(11) Humongous regions: 129->129
[2024-01-10T06:28:50.090+0000][gc,metaspace  ] GC(11) Metaspace: 51296K(53756K)->51296K(53756K) NonClass: 45494K(46844K)->45494K(46844K) Class: 5802K(6912K)->5802K(6912K)
[2024-01-10T06:28:50.090+0000][gc            ] GC(11) Pause Young (Normal) (G1 Evacuation Pause) 199M->153M(1024M) 11.816ms
[2024-01-10T06:28:50.091+0000][gc,cpu        ] GC(11) User=0.02s Sys=0.01s Real=0.01s
[2024-01-10T06:30:20.014+0000][gc,start      ] GC(12) Pause Young (Normal) (G1 Evacuation Pause)
[2024-01-10T06:30:20.015+0000][gc,task       ] GC(12) Using 13 workers of 13 for evacuation
[2024-01-10T06:30:20.022+0000][gc,phases     ] GC(12)   Pre Evacuate Collection Set: 0.1ms
[2024-01-10T06:30:20.023+0000][gc,phases     ] GC(12)   Evacuate Collection Set: 5.8ms
[2024-01-10T06:30:20.024+0000][gc,phases     ] GC(12)   Post Evacuate Collection Set: 1.0ms
[2024-01-10T06:30:20.024+0000][gc,phases     ] GC(12)   Other: 1.6ms
[2024-01-10T06:30:20.025+0000][gc,heap       ] GC(12) Eden regions: 46->0(51)
[2024-01-10T06:30:20.025+0000][gc,heap       ] GC(12) Survivor regions: 5->5(7)
[2024-01-10T06:30:20.025+0000][gc,heap       ] GC(12) Old regions: 21->23
[2024-01-10T06:30:20.026+0000][gc,heap       ] GC(12) Humongous regions: 129->129
[2024-01-10T06:30:20.026+0000][gc,metaspace  ] GC(12) Metaspace: 51383K(54012K)->51383K(54012K) NonClass: 45581K(47100K)->45581K(47100K) Class: 5802K(6912K)->5802K(6912K)
[2024-01-10T06:30:20.027+0000][gc            ] GC(12) Pause Young (Normal) (G1 Evacuation Pause) 199M->155M(1024M) 12.188ms
[2024-01-10T06:30:20.027+0000][gc,cpu        ] GC(12) User=0.05s Sys=0.03s Real=0.01s
[2024-01-10T06:32:03.310+0000][gc,start      ] GC(13) Pause Young (Normal) (G1 Evacuation Pause)
[2024-01-10T06:32:03.311+0000][gc,task       ] GC(13) Using 13 workers of 13 for evacuation
[2024-01-10T06:32:03.322+0000][gc,phases     ] GC(13)   Pre Evacuate Collection Set: 0.2ms
[2024-01-10T06:32:03.322+0000][gc,phases     ] GC(13)   Evacuate Collection Set: 8.4ms
[2024-01-10T06:32:03.323+0000][gc,phases     ] GC(13)   Post Evacuate Collection Set: 1.3ms
[2024-01-10T06:32:03.323+0000][gc,phases     ] GC(13)   Other: 1.4ms
[2024-01-10T06:32:03.324+0000][gc,heap       ] GC(13) Eden regions: 51->0(53)
[2024-01-10T06:32:03.324+0000][gc,heap       ] GC(13) Survivor regions: 5->6(7)
[2024-01-10T06:32:03.325+0000][gc,heap       ] GC(13) Old regions: 23->25
[2024-01-10T06:32:03.325+0000][gc,heap       ] GC(13) Humongous regions: 129->129
[2024-01-10T06:32:03.326+0000][gc,metaspace  ] GC(13) Metaspace: 51520K(54140K)->51520K(54140K) NonClass: 45694K(47100K)->45694K(47100K) Class: 5825K(7040K)->5825K(7040K)
[2024-01-10T06:32:03.326+0000][gc            ] GC(13) Pause Young (Normal) (G1 Evacuation Pause) 206M->158M(1024M) 15.664ms
[2024-01-10T06:32:03.326+0000][gc,cpu        ] GC(13) User=0.11s Sys=0.00s Real=0.01s
[2024-01-10T06:33:50.298+0000][gc,start      ] GC(14) Pause Young (Normal) (G1 Evacuation Pause)
[2024-01-10T06:33:50.299+0000][gc,task       ] GC(14) Using 13 workers of 13 for evacuation
[2024-01-10T06:33:50.306+0000][gc,phases     ] GC(14)   Pre Evacuate Collection Set: 0.1ms
[2024-01-10T06:33:50.307+0000][gc,phases     ] GC(14)   Evacuate Collection Set: 5.3ms
[2024-01-10T06:33:50.308+0000][gc,phases     ] GC(14)   Post Evacuate Collection Set: 0.9ms
[2024-01-10T06:33:50.308+0000][gc,phases     ] GC(14)   Other: 1.5ms
[2024-01-10T06:33:50.309+0000][gc,heap       ] GC(14) Eden regions: 51->0(58)
[2024-01-10T06:33:50.309+0000][gc,heap       ] GC(14) Survivor regions: 6->7(8)
[2024-01-10T06:33:50.310+0000][gc,heap       ] GC(14) Old regions: 25->27
[2024-01-10T06:33:50.311+0000][gc,heap       ] GC(14) Humongous regions: 129->129
[2024-01-10T06:33:50.311+0000][gc,metaspace  ] GC(14) Metaspace: 51575K(54140K)->51575K(54140K) NonClass: 45749K(47100K)->45749K(47100K) Class: 5826K(7040K)->5826K(7040K)
[2024-01-10T06:33:50.311+0000][gc            ] GC(14) Pause Young (Normal) (G1 Evacuation Pause) 209M->161M(1024M) 12.958ms
[2024-01-10T06:33:50.312+0000][gc,cpu        ] GC(14) User=0.04s Sys=0.03s Real=0.01s
[2024-01-10T06:35:52.279+0000][gc,start      ] GC(15) Pause Young (Normal) (G1 Evacuation Pause)
[2024-01-10T06:35:52.280+0000][gc,task       ] GC(15) Using 13 workers of 13 for evacuation
[2024-01-10T06:35:52.288+0000][gc,phases     ] GC(15)   Pre Evacuate Collection Set: 0.1ms
[2024-01-10T06:35:52.288+0000][gc,phases     ] GC(15)   Evacuate Collection Set: 5.9ms
[2024-01-10T06:35:52.289+0000][gc,phases     ] GC(15)   Post Evacuate Collection Set: 0.8ms
[2024-01-10T06:35:52.289+0000][gc,phases     ] GC(15)   Other: 1.5ms
[2024-01-10T06:35:52.290+0000][gc,heap       ] GC(15) Eden regions: 58->0(170)
[2024-01-10T06:35:52.290+0000][gc,heap       ] GC(15) Survivor regions: 7->6(9)
[2024-01-10T06:35:52.291+0000][gc,heap       ] GC(15) Old regions: 27->29
[2024-01-10T06:35:52.291+0000][gc,heap       ] GC(15) Humongous regions: 129->129
[2024-01-10T06:35:52.292+0000][gc,metaspace  ] GC(15) Metaspace: 51597K(54140K)->51597K(54140K) NonClass: 45771K(47100K)->45771K(47100K) Class: 5826K(7040K)->5826K(7040K)
[2024-01-10T06:35:52.292+0000][gc            ] GC(15) Pause Young (Normal) (G1 Evacuation Pause) 219M->162M(1024M) 12.995ms
[2024-01-10T06:35:52.293+0000][gc,cpu        ] GC(15) User=0.05s Sys=0.02s Real=0.01s
[2024-01-10T06:41:55.915+0000][gc,start      ] GC(16) Pause Young (Normal) (G1 Evacuation Pause)
[2024-01-10T06:41:55.915+0000][gc,task       ] GC(16) Using 13 workers of 13 for evacuation
[2024-01-10T06:41:55.932+0000][gc,phases     ] GC(16)   Pre Evacuate Collection Set: 0.3ms
[2024-01-10T06:41:55.932+0000][gc,phases     ] GC(16)   Evacuate Collection Set: 13.8ms
[2024-01-10T06:41:55.933+0000][gc,phases     ] GC(16)   Post Evacuate Collection Set: 1.5ms
[2024-01-10T06:41:55.933+0000][gc,phases     ] GC(16)   Other: 1.8ms
[2024-01-10T06:41:55.934+0000][gc,heap       ] GC(16) Eden regions: 170->0(131)
[2024-01-10T06:41:55.934+0000][gc,heap       ] GC(16) Survivor regions: 6->13(22)
[2024-01-10T06:41:55.935+0000][gc,heap       ] GC(16) Old regions: 29->29
[2024-01-10T06:41:55.935+0000][gc,heap       ] GC(16) Humongous regions: 129->129
[2024-01-10T06:41:55.936+0000][gc,metaspace  ] GC(16) Metaspace: 51685K(54396K)->51685K(54396K) NonClass: 45859K(47356K)->45859K(47356K) Class: 5826K(7040K)->5826K(7040K)
[2024-01-10T06:41:55.936+0000][gc            ] GC(16) Pause Young (Normal) (G1 Evacuation Pause) 332M->170M(1024M) 21.472ms
[2024-01-10T06:41:55.937+0000][gc,cpu        ] GC(16) User=0.09s Sys=0.08s Real=0.02s
[2024-01-10T06:46:32.671+0000][gc,start      ] GC(17) Pause Young (Normal) (G1 Evacuation Pause)
[2024-01-10T06:46:32.671+0000][gc,task       ] GC(17) Using 13 workers of 13 for evacuation
[2024-01-10T06:46:32.684+0000][gc,phases     ] GC(17)   Pre Evacuate Collection Set: 0.5ms
[2024-01-10T06:46:32.685+0000][gc,phases     ] GC(17)   Evacuate Collection Set: 9.6ms
[2024-01-10T06:46:32.685+0000][gc,phases     ] GC(17)   Post Evacuate Collection Set: 1.8ms
[2024-01-10T06:46:32.686+0000][gc,phases     ] GC(17)   Other: 1.3ms
[2024-01-10T06:46:32.686+0000][gc,heap       ] GC(17) Eden regions: 131->0(113)
[2024-01-10T06:46:32.686+0000][gc,heap       ] GC(17) Survivor regions: 13->16(18)
[2024-01-10T06:46:32.687+0000][gc,heap       ] GC(17) Old regions: 29->33
[2024-01-10T06:46:32.687+0000][gc,heap       ] GC(17) Humongous regions: 129->129
[2024-01-10T06:46:32.687+0000][gc,metaspace  ] GC(17) Metaspace: 51716K(54396K)->51716K(54396K) NonClass: 45889K(47356K)->45889K(47356K) Class: 5826K(7040K)->5826K(7040K)
[2024-01-10T06:46:32.688+0000][gc            ] GC(17) Pause Young (Normal) (G1 Evacuation Pause) 301M->176M(1024M) 17.093ms
[2024-01-10T06:46:32.688+0000][gc,cpu        ] GC(17) User=0.10s Sys=0.03s Real=0.02s
[2024-01-10T06:50:35.293+0000][gc,start      ] GC(18) Pause Young (Normal) (G1 Evacuation Pause)
[2024-01-10T06:50:35.293+0000][gc,task       ] GC(18) Using 13 workers of 13 for evacuation
[2024-01-10T06:50:35.305+0000][gc,phases     ] GC(18)   Pre Evacuate Collection Set: 0.3ms
[2024-01-10T06:50:35.305+0000][gc,phases     ] GC(18)   Evacuate Collection Set: 9.4ms
[2024-01-10T06:50:35.306+0000][gc,phases     ] GC(18)   Post Evacuate Collection Set: 1.0ms
[2024-01-10T06:50:35.306+0000][gc,phases     ] GC(18)   Other: 1.0ms
[2024-01-10T06:50:35.307+0000][gc,heap       ] GC(18) Eden regions: 113->0(136)
[2024-01-10T06:50:35.307+0000][gc,heap       ] GC(18) Survivor regions: 16->13(17)
[2024-01-10T06:50:35.307+0000][gc,heap       ] GC(18) Old regions: 33->40
[2024-01-10T06:50:35.308+0000][gc,heap       ] GC(18) Humongous regions: 129->129
[2024-01-10T06:50:35.308+0000][gc,metaspace  ] GC(18) Metaspace: 51756K(54396K)->51756K(54396K) NonClass: 45929K(47356K)->45929K(47356K) Class: 5826K(7040K)->5826K(7040K)
[2024-01-10T06:50:35.308+0000][gc            ] GC(18) Pause Young (Normal) (G1 Evacuation Pause) 289M->181M(1024M) 15.286ms
[2024-01-10T06:50:35.309+0000][gc,cpu        ] GC(18) User=0.12s Sys=0.00s Real=0.02s
[2024-01-10T06:55:20.585+0000][gc,start      ] GC(19) Pause Young (Normal) (G1 Evacuation Pause)
[2024-01-10T06:55:20.585+0000][gc,task       ] GC(19) Using 13 workers of 13 for evacuation
[2024-01-10T06:55:20.596+0000][gc,phases     ] GC(19)   Pre Evacuate Collection Set: 0.2ms
[2024-01-10T06:55:20.596+0000][gc,phases     ] GC(19)   Evacuate Collection Set: 8.8ms
[2024-01-10T06:55:20.597+0000][gc,phases     ] GC(19)   Post Evacuate Collection Set: 0.8ms
[2024-01-10T06:55:20.598+0000][gc,phases     ] GC(19)   Other: 1.3ms
[2024-01-10T06:55:20.598+0000][gc,heap       ] GC(19) Eden regions: 136->0(153)
[2024-01-10T06:55:20.599+0000][gc,heap       ] GC(19) Survivor regions: 13->12(19)
[2024-01-10T06:55:20.599+0000][gc,heap       ] GC(19) Old regions: 40->45
[2024-01-10T06:55:20.599+0000][gc,heap       ] GC(19) Humongous regions: 129->129
[2024-01-10T06:55:20.600+0000][gc,metaspace  ] GC(19) Metaspace: 51810K(54396K)->51810K(54396K) NonClass: 45983K(47356K)->45983K(47356K) Class: 5826K(7040K)->5826K(7040K)
[2024-01-10T06:55:20.600+0000][gc            ] GC(19) Pause Young (Normal) (G1 Evacuation Pause) 317M->185M(1024M) 15.797ms
[2024-01-10T06:55:20.601+0000][gc,cpu        ] GC(19) User=0.06s Sys=0.05s Real=0.02s
[2024-01-10T07:00:43.423+0000][gc,start      ] GC(20) Pause Young (Normal) (G1 Evacuation Pause)
[2024-01-10T07:00:43.424+0000][gc,task       ] GC(20) Using 13 workers of 13 for evacuation
[2024-01-10T07:00:43.439+0000][gc,phases     ] GC(20)   Pre Evacuate Collection Set: 0.4ms
[2024-01-10T07:00:43.440+0000][gc,phases     ] GC(20)   Evacuate Collection Set: 13.4ms
[2024-01-10T07:00:43.440+0000][gc,phases     ] GC(20)   Post Evacuate Collection Set: 0.9ms
[2024-01-10T07:00:43.441+0000][gc,phases     ] GC(20)   Other: 1.4ms
[2024-01-10T07:00:43.441+0000][gc,heap       ] GC(20) Eden regions: 153->0(160)
[2024-01-10T07:00:43.442+0000][gc,heap       ] GC(20) Survivor regions: 12->14(21)
[2024-01-10T07:00:43.442+0000][gc,heap       ] GC(20) Old regions: 45->50
[2024-01-10T07:00:43.443+0000][gc,heap       ] GC(20) Humongous regions: 129->129
[2024-01-10T07:00:43.443+0000][gc,metaspace  ] GC(20) Metaspace: 51855K(54396K)->51855K(54396K) NonClass: 46029K(47356K)->46029K(47356K) Class: 5826K(7040K)->5826K(7040K)
[2024-01-10T07:00:43.444+0000][gc            ] GC(20) Pause Young (Normal) (G1 Evacuation Pause) 338M->192M(1024M) 20.767ms
[2024-01-10T07:00:43.444+0000][gc,cpu        ] GC(20) User=0.15s Sys=0.00s Real=0.02s
[2024-01-10T07:06:25.291+0000][gc,start      ] GC(21) Pause Young (Normal) (G1 Evacuation Pause)
[2024-01-10T07:06:25.291+0000][gc,task       ] GC(21) Using 13 workers of 13 for evacuation
[2024-01-10T07:06:25.336+0000][gc,mmu        ] GC(21) MMU target violated: 21.0ms (20.0ms/21.0ms)
[2024-01-10T07:06:25.337+0000][gc,phases     ] GC(21)   Pre Evacuate Collection Set: 0.3ms
[2024-01-10T07:06:25.338+0000][gc,phases     ] GC(21)   Evacuate Collection Set: 43.1ms
[2024-01-10T07:06:25.338+0000][gc,phases     ] GC(21)   Post Evacuate Collection Set: 1.5ms
[2024-01-10T07:06:25.339+0000][gc,phases     ] GC(21)   Other: 1.7ms
[2024-01-10T07:06:25.339+0000][gc,heap       ] GC(21) Eden regions: 160->0(37)
[2024-01-10T07:06:25.340+0000][gc,heap       ] GC(21) Survivor regions: 14->14(22)
[2024-01-10T07:06:25.340+0000][gc,heap       ] GC(21) Old regions: 50->56
[2024-01-10T07:06:25.341+0000][gc,heap       ] GC(21) Humongous regions: 129->129
[2024-01-10T07:06:25.342+0000][gc,metaspace  ] GC(21) Metaspace: 51996K(54652K)->51996K(54652K) NonClass: 46167K(47612K)->46167K(47612K) Class: 5828K(7040K)->5828K(7040K)
[2024-01-10T07:06:25.342+0000][gc            ] GC(21) Pause Young (Normal) (G1 Evacuation Pause) 352M->198M(1024M) 51.696ms
[2024-01-10T07:06:25.343+0000][gc,cpu        ] GC(21) User=0.56s Sys=0.00s Real=0.05s
[2024-01-10T07:07:43.117+0000][gc,start      ] GC(22) Pause Young (Normal) (G1 Evacuation Pause)
[2024-01-10T07:07:43.118+0000][gc,task       ] GC(22) Using 13 workers of 13 for evacuation
[2024-01-10T07:07:43.145+0000][gc,mmu        ] GC(22) MMU target violated: 21.0ms (20.0ms/21.0ms)
[2024-01-10T07:07:43.146+0000][gc,phases     ] GC(22)   Pre Evacuate Collection Set: 0.0ms
[2024-01-10T07:07:43.146+0000][gc,phases     ] GC(22)   Evacuate Collection Set: 25.1ms
[2024-01-10T07:07:43.147+0000][gc,phases     ] GC(22)   Post Evacuate Collection Set: 1.2ms
[2024-01-10T07:07:43.148+0000][gc,phases     ] GC(22)   Other: 4.4ms
[2024-01-10T07:07:43.148+0000][gc,heap       ] GC(22) Eden regions: 37->0(141)
[2024-01-10T07:07:43.149+0000][gc,heap       ] GC(22) Survivor regions: 14->3(7)
[2024-01-10T07:07:43.149+0000][gc,heap       ] GC(22) Old regions: 56->69
[2024-01-10T07:07:43.150+0000][gc,heap       ] GC(22) Humongous regions: 129->129
[2024-01-10T07:07:43.150+0000][gc,metaspace  ] GC(22) Metaspace: 51999K(54652K)->51999K(54652K) NonClass: 46170K(47612K)->46170K(47612K) Class: 5828K(7040K)->5828K(7040K)
[2024-01-10T07:07:43.151+0000][gc            ] GC(22) Pause Young (Normal) (G1 Evacuation Pause) 235M->200M(1024M) 33.558ms
[2024-01-10T07:07:43.151+0000][gc,cpu        ] GC(22) User=0.29s Sys=0.00s Real=0.03s
[2024-01-10T07:12:42.841+0000][gc,start      ] GC(23) Pause Young (Normal) (G1 Evacuation Pause)
[2024-01-10T07:12:42.842+0000][gc,task       ] GC(23) Using 13 workers of 13 for evacuation
[2024-01-10T07:12:42.853+0000][gc,phases     ] GC(23)   Pre Evacuate Collection Set: 0.3ms
[2024-01-10T07:12:42.853+0000][gc,phases     ] GC(23)   Evacuate Collection Set: 9.3ms
[2024-01-10T07:12:42.854+0000][gc,phases     ] GC(23)   Post Evacuate Collection Set: 0.9ms
[2024-01-10T07:12:42.854+0000][gc,phases     ] GC(23)   Other: 1.0ms
[2024-01-10T07:12:42.854+0000][gc,heap       ] GC(23) Eden regions: 141->0(106)
[2024-01-10T07:12:42.855+0000][gc,heap       ] GC(23) Survivor regions: 3->10(18)
[2024-01-10T07:12:42.855+0000][gc,heap       ] GC(23) Old regions: 69->69
[2024-01-10T07:12:42.855+0000][gc,heap       ] GC(23) Humongous regions: 129->129
[2024-01-10T07:12:42.856+0000][gc,metaspace  ] GC(23) Metaspace: 52017K(54652K)->52017K(54652K) NonClass: 46188K(47612K)->46188K(47612K) Class: 5828K(7040K)->5828K(7040K)
[2024-01-10T07:12:42.856+0000][gc            ] GC(23) Pause Young (Normal) (G1 Evacuation Pause) 341M->206M(1024M) 14.422ms
[2024-01-10T07:12:42.856+0000][gc,cpu        ] GC(23) User=0.11s Sys=0.00s Real=0.02s
[2024-01-10T07:16:16.217+0000][gc,start      ] GC(24) Pause Young (Normal) (G1 Evacuation Pause)
[2024-01-10T07:16:16.218+0000][gc,task       ] GC(24) Using 13 workers of 13 for evacuation
[2024-01-10T07:16:16.238+0000][gc,phases     ] GC(24)   Pre Evacuate Collection Set: 0.3ms
[2024-01-10T07:16:16.239+0000][gc,phases     ] GC(24)   Evacuate Collection Set: 17.3ms
[2024-01-10T07:16:16.239+0000][gc,phases     ] GC(24)   Post Evacuate Collection Set: 1.5ms
[2024-01-10T07:16:16.240+0000][gc,phases     ] GC(24)   Other: 1.9ms
[2024-01-10T07:16:16.240+0000][gc,heap       ] GC(24) Eden regions: 105->0(129)
[2024-01-10T07:16:16.241+0000][gc,heap       ] GC(24) Survivor regions: 10->11(15)
[2024-01-10T07:16:16.241+0000][gc,heap       ] GC(24) Old regions: 69->71
[2024-01-10T07:16:16.242+0000][gc,heap       ] GC(24) Humongous regions: 129->129
[2024-01-10T07:16:16.242+0000][gc,metaspace  ] GC(24) Metaspace: 52748K(55548K)->52748K(55548K) NonClass: 46762K(48380K)->46762K(48380K) Class: 5986K(7168K)->5986K(7168K)
[2024-01-10T07:16:16.243+0000][gc            ] GC(24) Pause Young (Normal) (G1 Evacuation Pause) 311M->210M(1024M) 25.226ms
[2024-01-10T07:16:16.243+0000][gc,cpu        ] GC(24) User=0.22s Sys=0.00s Real=0.02s
[2024-01-10T07:20:40.911+0000][gc,start      ] GC(25) Pause Young (Normal) (G1 Evacuation Pause)
[2024-01-10T07:20:40.911+0000][gc,task       ] GC(25) Using 13 workers of 13 for evacuation
[2024-01-10T07:20:40.935+0000][gc,mmu        ] GC(25) MMU target violated: 21.0ms (20.0ms/21.0ms)
[2024-01-10T07:20:40.936+0000][gc,phases     ] GC(25)   Pre Evacuate Collection Set: 0.3ms
[2024-01-10T07:20:40.936+0000][gc,phases     ] GC(25)   Evacuate Collection Set: 21.9ms
[2024-01-10T07:20:40.936+0000][gc,phases     ] GC(25)   Post Evacuate Collection Set: 0.9ms
[2024-01-10T07:20:40.936+0000][gc,phases     ] GC(25)   Other: 1.7ms
[2024-01-10T07:20:40.937+0000][gc,heap       ] GC(25) Eden regions: 129->0(100)
[2024-01-10T07:20:40.937+0000][gc,heap       ] GC(25) Survivor regions: 11->11(18)
[2024-01-10T07:20:40.937+0000][gc,heap       ] GC(25) Old regions: 71->76
[2024-01-10T07:20:40.938+0000][gc,heap       ] GC(25) Humongous regions: 129->129
[2024-01-10T07:20:40.938+0000][gc,metaspace  ] GC(25) Metaspace: 53129K(55932K)->53129K(55932K) NonClass: 47066K(48636K)->47066K(48636K) Class: 6063K(7296K)->6063K(7296K)
[2024-01-10T07:20:40.938+0000][gc            ] GC(25) Pause Young (Normal) (G1 Evacuation Pause) 339M->215M(1024M) 27.444ms
[2024-01-10T07:20:40.938+0000][gc,cpu        ] GC(25) User=0.15s Sys=0.12s Real=0.03s
[2024-01-10T07:23:58.901+0000][gc,start      ] GC(26) Pause Young (Normal) (G1 Evacuation Pause)
[2024-01-10T07:23:58.901+0000][gc,task       ] GC(26) Using 13 workers of 13 for evacuation
[2024-01-10T07:23:58.928+0000][gc,mmu        ] GC(26) MMU target violated: 21.0ms (20.0ms/21.0ms)
[2024-01-10T07:23:58.929+0000][gc,phases     ] GC(26)   Pre Evacuate Collection Set: 0.4ms
[2024-01-10T07:23:58.930+0000][gc,phases     ] GC(26)   Evacuate Collection Set: 25.2ms
[2024-01-10T07:23:58.931+0000][gc,phases     ] GC(26)   Post Evacuate Collection Set: 1.1ms
[2024-01-10T07:23:58.931+0000][gc,phases     ] GC(26)   Other: 2.7ms
[2024-01-10T07:23:58.932+0000][gc,heap       ] GC(26) Eden regions: 100->0(86)
[2024-01-10T07:23:58.933+0000][gc,heap       ] GC(26) Survivor regions: 11->12(14)
[2024-01-10T07:23:58.934+0000][gc,heap       ] GC(26) Old regions: 76->81
[2024-01-10T07:23:58.934+0000][gc,heap       ] GC(26) Humongous regions: 147->147
[2024-01-10T07:23:58.934+0000][gc,metaspace  ] GC(26) Metaspace: 53511K(56316K)->53511K(56316K) NonClass: 47362K(48892K)->47362K(48892K) Class: 6148K(7424K)->6148K(7424K)
[2024-01-10T07:23:58.935+0000][gc            ] GC(26) Pause Young (Normal) (G1 Evacuation Pause) 333M->239M(1024M) 34.389ms
[2024-01-10T07:23:58.935+0000][gc,cpu        ] GC(26) User=0.28s Sys=0.04s Real=0.04s
[2024-01-10T07:26:54.288+0000][gc,start      ] GC(27) Pause Young (Normal) (G1 Evacuation Pause)
[2024-01-10T07:26:54.289+0000][gc,task       ] GC(27) Using 13 workers of 13 for evacuation
[2024-01-10T07:26:54.296+0000][gc,phases     ] GC(27)   Pre Evacuate Collection Set: 0.3ms
[2024-01-10T07:26:54.297+0000][gc,phases     ] GC(27)   Evacuate Collection Set: 6.0ms
[2024-01-10T07:26:54.297+0000][gc,phases     ] GC(27)   Post Evacuate Collection Set: 0.6ms
[2024-01-10T07:26:54.298+0000][gc,phases     ] GC(27)   Other: 1.0ms
[2024-01-10T07:26:54.298+0000][gc,heap       ] GC(27) Eden regions: 86->0(117)
[2024-01-10T07:26:54.299+0000][gc,heap       ] GC(27) Survivor regions: 12->7(13)
[2024-01-10T07:26:54.300+0000][gc,heap       ] GC(27) Old regions: 81->86
[2024-01-10T07:26:54.300+0000][gc,heap       ] GC(27) Humongous regions: 147->147
[2024-01-10T07:26:54.301+0000][gc,metaspace  ] GC(27) Metaspace: 53585K(56572K)->53585K(56572K) NonClass: 47436K(49148K)->47436K(49148K) Class: 6148K(7424K)->6148K(7424K)
[2024-01-10T07:26:54.302+0000][gc            ] GC(27) Pause Young (Normal) (G1 Evacuation Pause) 325M->239M(1024M) 13.549ms
[2024-01-10T07:26:54.303+0000][gc,cpu        ] GC(27) User=0.06s Sys=0.00s Real=0.02s
[2024-01-10T07:30:49.900+0000][gc,start      ] GC(28) Pause Young (Normal) (G1 Evacuation Pause)
[2024-01-10T07:30:49.900+0000][gc,task       ] GC(28) Using 13 workers of 13 for evacuation
[2024-01-10T07:30:49.906+0000][gc,phases     ] GC(28)   Pre Evacuate Collection Set: 0.1ms
[2024-01-10T07:30:49.906+0000][gc,phases     ] GC(28)   Evacuate Collection Set: 3.6ms
[2024-01-10T07:30:49.907+0000][gc,phases     ] GC(28)   Post Evacuate Collection Set: 0.7ms
[2024-01-10T07:30:49.907+0000][gc,phases     ] GC(28)   Other: 1.3ms
[2024-01-10T07:30:49.908+0000][gc,heap       ] GC(28) Eden regions: 117->0(141)
[2024-01-10T07:30:49.908+0000][gc,heap       ] GC(28) Survivor regions: 7->7(16)
[2024-01-10T07:30:49.909+0000][gc,heap       ] GC(28) Old regions: 86->86
[2024-01-10T07:30:49.909+0000][gc,heap       ] GC(28) Humongous regions: 147->147
[2024-01-10T07:30:49.910+0000][gc,metaspace  ] GC(28) Metaspace: 53603K(56572K)->53603K(56572K) NonClass: 47452K(49148K)->47452K(49148K) Class: 6150K(7424K)->6150K(7424K)
[2024-01-10T07:30:49.910+0000][gc            ] GC(28) Pause Young (Normal) (G1 Evacuation Pause) 356M->239M(1024M) 10.293ms
[2024-01-10T07:30:49.911+0000][gc,cpu        ] GC(28) User=0.01s Sys=0.02s Real=0.01s
[2024-01-10T07:35:40.279+0000][gc,start      ] GC(29) Pause Young (Normal) (G1 Evacuation Pause)
[2024-01-10T07:35:40.279+0000][gc,task       ] GC(29) Using 13 workers of 13 for evacuation
[2024-01-10T07:35:40.287+0000][gc,phases     ] GC(29)   Pre Evacuate Collection Set: 0.3ms
[2024-01-10T07:35:40.288+0000][gc,phases     ] GC(29)   Evacuate Collection Set: 5.6ms
[2024-01-10T07:35:40.288+0000][gc,phases     ] GC(29)   Post Evacuate Collection Set: 1.0ms
[2024-01-10T07:35:40.289+0000][gc,phases     ] GC(29)   Other: 1.6ms
[2024-01-10T07:35:40.289+0000][gc,heap       ] GC(29) Eden regions: 141->0(162)
[2024-01-10T07:35:40.290+0000][gc,heap       ] GC(29) Survivor regions: 7->6(19)
[2024-01-10T07:35:40.290+0000][gc,heap       ] GC(29) Old regions: 86->86
[2024-01-10T07:35:40.291+0000][gc,heap       ] GC(29) Humongous regions: 147->147
[2024-01-10T07:35:40.291+0000][gc,metaspace  ] GC(29) Metaspace: 53719K(56572K)->53719K(56572K) NonClass: 47534K(49148K)->47534K(49148K) Class: 6184K(7424K)->6184K(7424K)
[2024-01-10T07:35:40.292+0000][gc            ] GC(29) Pause Young (Normal) (G1 Evacuation Pause) 380M->237M(1024M) 13.572ms
[2024-01-10T07:35:40.293+0000][gc,cpu        ] GC(29) User=0.07s Sys=0.00s Real=0.02s
[2024-01-10T07:41:10.282+0000][gc,start      ] GC(30) Pause Young (Normal) (G1 Evacuation Pause)
[2024-01-10T07:41:10.283+0000][gc,task       ] GC(30) Using 13 workers of 13 for evacuation
[2024-01-10T07:41:10.321+0000][gc,mmu        ] GC(30) MMU target violated: 21.0ms (20.0ms/21.0ms)
[2024-01-10T07:41:10.322+0000][gc,phases     ] GC(30)   Pre Evacuate Collection Set: 0.4ms
[2024-01-10T07:41:10.322+0000][gc,phases     ] GC(30)   Evacuate Collection Set: 33.8ms
[2024-01-10T07:41:10.322+0000][gc,phases     ] GC(30)   Post Evacuate Collection Set: 3.3ms
[2024-01-10T07:41:10.323+0000][gc,phases     ] GC(30)   Other: 2.3ms
[2024-01-10T07:41:10.323+0000][gc,heap       ] GC(30) Eden regions: 161->0(45)
[2024-01-10T07:41:10.323+0000][gc,heap       ] GC(30) Survivor regions: 6->6(21)
[2024-01-10T07:41:10.324+0000][gc,heap       ] GC(30) Old regions: 86->86
[2024-01-10T07:41:10.324+0000][gc,heap       ] GC(30) Humongous regions: 147->147
[2024-01-10T07:41:10.324+0000][gc,metaspace  ] GC(30) Metaspace: 54253K(57212K)->54253K(57212K) NonClass: 48014K(49660K)->48014K(49660K) Class: 6238K(7552K)->6238K(7552K)
[2024-01-10T07:41:10.324+0000][gc            ] GC(30) Pause Young (Normal) (G1 Evacuation Pause) 398M->237M(1024M) 42.229ms
[2024-01-10T07:41:10.325+0000][gc,cpu        ] GC(30) User=0.46s Sys=0.00s Real=0.04s
